Archive member included to satisfy reference by file (symbol)

c:/program files (x86)/atmel/studio/7.0/toolchain/avr8/avr8-gnu-toolchain/bin/../lib/gcc/avr/5.4.0/../../../../avr/lib/avrxmega4\libm.a(addsf3.o)
                              src/i2c_master.o (__subsf3)
c:/program files (x86)/atmel/studio/7.0/toolchain/avr8/avr8-gnu-toolchain/bin/../lib/gcc/avr/5.4.0/../../../../avr/lib/avrxmega4\libm.a(addsf3x.o)
                              c:/program files (x86)/atmel/studio/7.0/toolchain/avr8/avr8-gnu-toolchain/bin/../lib/gcc/avr/5.4.0/../../../../avr/lib/avrxmega4\libm.a(addsf3.o) (__addsf3x)
c:/program files (x86)/atmel/studio/7.0/toolchain/avr8/avr8-gnu-toolchain/bin/../lib/gcc/avr/5.4.0/../../../../avr/lib/avrxmega4\libm.a(cmpsf2.o)
                              main.o (__ltsf2)
c:/program files (x86)/atmel/studio/7.0/toolchain/avr8/avr8-gnu-toolchain/bin/../lib/gcc/avr/5.4.0/../../../../avr/lib/avrxmega4\libm.a(divsf3.o)
                              main.o (__divsf3)
c:/program files (x86)/atmel/studio/7.0/toolchain/avr8/avr8-gnu-toolchain/bin/../lib/gcc/avr/5.4.0/../../../../avr/lib/avrxmega4\libm.a(divsf3x.o)
                              c:/program files (x86)/atmel/studio/7.0/toolchain/avr8/avr8-gnu-toolchain/bin/../lib/gcc/avr/5.4.0/../../../../avr/lib/avrxmega4\libm.a(divsf3.o) (__divsf3x)
c:/program files (x86)/atmel/studio/7.0/toolchain/avr8/avr8-gnu-toolchain/bin/../lib/gcc/avr/5.4.0/../../../../avr/lib/avrxmega4\libm.a(fixsfsi.o)
                              src/loadcell.o (__fixsfsi)
c:/program files (x86)/atmel/studio/7.0/toolchain/avr8/avr8-gnu-toolchain/bin/../lib/gcc/avr/5.4.0/../../../../avr/lib/avrxmega4\libm.a(fixunssfsi.o)
                              src/i2c_master.o (__fixunssfsi)
c:/program files (x86)/atmel/studio/7.0/toolchain/avr8/avr8-gnu-toolchain/bin/../lib/gcc/avr/5.4.0/../../../../avr/lib/avrxmega4\libm.a(floatsisf.o)
                              main.o (__floatunsisf)
c:/program files (x86)/atmel/studio/7.0/toolchain/avr8/avr8-gnu-toolchain/bin/../lib/gcc/avr/5.4.0/../../../../avr/lib/avrxmega4\libm.a(fp_cmp.o)
                              c:/program files (x86)/atmel/studio/7.0/toolchain/avr8/avr8-gnu-toolchain/bin/../lib/gcc/avr/5.4.0/../../../../avr/lib/avrxmega4\libm.a(cmpsf2.o) (__fp_cmp)
c:/program files (x86)/atmel/studio/7.0/toolchain/avr8/avr8-gnu-toolchain/bin/../lib/gcc/avr/5.4.0/../../../../avr/lib/avrxmega4\libm.a(fp_inf.o)
                              c:/program files (x86)/atmel/studio/7.0/toolchain/avr8/avr8-gnu-toolchain/bin/../lib/gcc/avr/5.4.0/../../../../avr/lib/avrxmega4\libm.a(addsf3x.o) (__fp_inf)
c:/program files (x86)/atmel/studio/7.0/toolchain/avr8/avr8-gnu-toolchain/bin/../lib/gcc/avr/5.4.0/../../../../avr/lib/avrxmega4\libm.a(fp_nan.o)
                              c:/program files (x86)/atmel/studio/7.0/toolchain/avr8/avr8-gnu-toolchain/bin/../lib/gcc/avr/5.4.0/../../../../avr/lib/avrxmega4\libm.a(addsf3x.o) (__fp_nan)
c:/program files (x86)/atmel/studio/7.0/toolchain/avr8/avr8-gnu-toolchain/bin/../lib/gcc/avr/5.4.0/../../../../avr/lib/avrxmega4\libm.a(fp_pscA.o)
                              c:/program files (x86)/atmel/studio/7.0/toolchain/avr8/avr8-gnu-toolchain/bin/../lib/gcc/avr/5.4.0/../../../../avr/lib/avrxmega4\libm.a(addsf3x.o) (__fp_pscA)
c:/program files (x86)/atmel/studio/7.0/toolchain/avr8/avr8-gnu-toolchain/bin/../lib/gcc/avr/5.4.0/../../../../avr/lib/avrxmega4\libm.a(fp_pscB.o)
                              c:/program files (x86)/atmel/studio/7.0/toolchain/avr8/avr8-gnu-toolchain/bin/../lib/gcc/avr/5.4.0/../../../../avr/lib/avrxmega4\libm.a(addsf3x.o) (__fp_pscB)
c:/program files (x86)/atmel/studio/7.0/toolchain/avr8/avr8-gnu-toolchain/bin/../lib/gcc/avr/5.4.0/../../../../avr/lib/avrxmega4\libm.a(fp_round.o)
                              c:/program files (x86)/atmel/studio/7.0/toolchain/avr8/avr8-gnu-toolchain/bin/../lib/gcc/avr/5.4.0/../../../../avr/lib/avrxmega4\libm.a(addsf3.o) (__fp_round)
c:/program files (x86)/atmel/studio/7.0/toolchain/avr8/avr8-gnu-toolchain/bin/../lib/gcc/avr/5.4.0/../../../../avr/lib/avrxmega4\libm.a(fp_split3.o)
                              c:/program files (x86)/atmel/studio/7.0/toolchain/avr8/avr8-gnu-toolchain/bin/../lib/gcc/avr/5.4.0/../../../../avr/lib/avrxmega4\libm.a(addsf3x.o) (__fp_split3)
c:/program files (x86)/atmel/studio/7.0/toolchain/avr8/avr8-gnu-toolchain/bin/../lib/gcc/avr/5.4.0/../../../../avr/lib/avrxmega4\libm.a(fp_zero.o)
                              c:/program files (x86)/atmel/studio/7.0/toolchain/avr8/avr8-gnu-toolchain/bin/../lib/gcc/avr/5.4.0/../../../../avr/lib/avrxmega4\libm.a(addsf3x.o) (__fp_zero)
c:/program files (x86)/atmel/studio/7.0/toolchain/avr8/avr8-gnu-toolchain/bin/../lib/gcc/avr/5.4.0/../../../../avr/lib/avrxmega4\libm.a(gesf2.o)
                              main.o (__gtsf2)
c:/program files (x86)/atmel/studio/7.0/toolchain/avr8/avr8-gnu-toolchain/bin/../lib/gcc/avr/5.4.0/../../../../avr/lib/avrxmega4\libm.a(mulsf3.o)
[...]
Memory Configuration

Name             Origin             Length             Attributes
text             0x00000000         0x00020000         xr
data             0x00804000         0x00004000         rw !x
eeprom           0x00810000         0x00000200         rw !x
fuse             0x00820000         0x00000010         rw !x
lock             0x00830000         0x00000400         rw !x
signature        0x00840000         0x00000400         rw !x
user_signatures  0x00850000         0x00000400         rw !x
*default*        0x00000000         0xffffffff

Linker script and memory map

Address of section .data set to 0x804000
                0x00008000                __RODATA_PM_OFFSET__ = 0x8000
LOAD C:/Program Files (x86)/Atmel/Studio/7.0/Packs/atmel/AVR-Dx_DFP/1.8.95/gcc/dev/avr128da64/avrxmega4/crtavr128da64.o
LOAD atmel_start.o
LOAD driver_isr.o
LOAD main.o
LOAD src/adc.o
LOAD src/bod.o
LOAD src/clkctrl.o
LOAD src/cpuint.o
LOAD src/driver_init.o
LOAD src/eeprom.o
LOAD src/gateway.o
LOAD src/i2c_master.o
LOAD src/i2c_simple_master.o
LOAD src/i2c_types.o
LOAD src/loadcell.o
LOAD src/protected_io.o
LOAD src/pwm.o
LOAD src/rtc.o
LOAD src/slpctrl.o
LOAD src/tca.o
LOAD src/usart.o
LOAD src/wdt.o
LOAD src/zigbee.o
START GROUP
LOAD c:/program files (x86)/atmel/studio/7.0/toolchain/avr8/avr8-gnu-toolchain/bin/../lib/gcc/avr/5.4.0/../../../../avr/lib/avrxmega4\libm.a
LOAD c:/program files (x86)/atmel/studio/7.0/toolchain/avr8/avr8-gnu-toolchain/bin/../lib/gcc/avr/5.4.0/../../../../avr/lib/avrxmega4\libprintf_flt.a
LOAD c:/program files (x86)/atmel/studio/7.0/toolchain/avr8/avr8-gnu-toolchain/bin/../lib/gcc/avr/5.4.0/../../../../avr/lib/avrxmega4\libscanf_flt.a
END GROUP
Address of section .text set to 0x600
START GROUP
LOAD c:/program files (x86)/atmel/studio/7.0/toolchain/avr8/avr8-gnu-toolchain/bin/../lib/gcc/avr/5.4.0/avrxmega4\libgcc.a
LOAD c:/program files (x86)/atmel/studio/7.0/toolchain/avr8/avr8-gnu-toolchain/bin/../lib/gcc/avr/5.4.0/../../../../avr/lib/avrxmega4\libm.a
LOAD c:/program files (x86)/atmel/studio/7.0/toolchain/avr8/avr8-gnu-toolchain/bin/../lib/gcc/avr/5.4.0/../../../../avr/lib/avrxmega4\libc.a
LOAD C:/Program Files (x86)/Atmel/Studio/7.0/Packs/atmel/AVR-Dx_DFP/1.8.95/gcc/dev/avr128da64/avrxmega4\libavr128da64.a
END GROUP
                [0x00000000]                __TEXT_REGION_ORIGIN__ = DEFINED (__TEXT_REGION_ORIGIN__)?__TEXT_REGION_ORIGIN__:0x0
                [0x00804000]                __DATA_REGION_ORIGIN__ = DEFINED (__DATA_REGION_ORIGIN__)?__DATA_REGION_ORIGIN__:0x802000
                [0x00020000]                __TEXT_REGION_LENGTH__ = DEFINED (__TEXT_REGION_LENGTH__)?__TEXT_REGION_LENGTH__:0x100000
                [0x00004000]                __DATA_REGION_LENGTH__ = DEFINED (__DATA_REGION_LENGTH__)?__DATA_REGION_LENGTH__:0xffa0
                [0x00000200]                __EEPROM_REGION_LENGTH__ = DEFINED (__EEPROM_REGION_LENGTH__)?__EEPROM_REGION_LENGTH__:0x10000
                [0x00000010]                __FUSE_REGION_LENGTH__ = DEFINED (__FUSE_REGION_LENGTH__)?__FUSE_REGION_LENGTH__:0x400
                0x00000400                __LOCK_REGION_LENGTH__ = DEFINED (__LOCK_REGION_LENGTH__)?__LOCK_REGION_LENGTH__:0x400
                0x00000400                __SIGNATURE_REGION_LENGTH__ = DEFINED (__SIGNATURE_REGION_LENGTH__)?__SIGNATURE_REGION_LENGTH__:0x400
                0x00000400                __USER_SIGNATURE_REGION_LENGTH__ = DEFINED (__USER_SIGNATURE_REGION_LENGTH__)?__USER_SIGNATURE_REGION_LENGTH__:0x400

.hash
 *(.hash)

.dynsym
 *(.dynsym)

.dynstr
 *(.dynstr)

.gnu.version
 *(.gnu.version)

.gnu.version_d
 *(.gnu.version_d)

.gnu.version_r
 *(.gnu.version_r)

.rel.init
 *(.rel.init)

.rela.init
 *(.rela.init)

.rel.text
 *(.rel.text)
 *(.rel.text.*)
 *(.rel.gnu.linkonce.t*)

.rela.text
 *(.rela.text)
 *(.rela.text.*)
 *(.rela.gnu.linkonce.t*)

.rel.fini
 *(.rel.fini)

.rela.fini
 *(.rela.fini)

.rel.rodata
 *(.rel.rodata)
 *(.rel.rodata.*)
 *(.rel.gnu.linkonce.r*)

.rela.rodata
 *(.rela.rodata)
 *(.rela.rodata.*)
 *(.rela.gnu.linkonce.r*)

.rel.data
 *(.rel.data)
 *(.rel.data.*)
 *(.rel.gnu.linkonce.d*)

.rela.data
 *(.rela.data)
 *(.rela.data.*)
 *(.rela.gnu.linkonce.d*)

.rel.ctors
 *(.rel.ctors)

.rela.ctors
 *(.rela.ctors)

.rel.dtors
 *(.rel.dtors)

.rela.dtors
 *(.rela.dtors)

.rel.got
 *(.rel.got)

.rela.got
 *(.rela.got)

.rel.bss
 *(.rel.bss)

.rela.bss
 *(.rela.bss)

.rel.plt
 *(.rel.plt)

.rela.plt
 *(.rela.plt)

.text           0x00000600     0x76bc
 *(.vectors)
 .vectors       0x00000600      0x100 C:/Program Files (x86)/Atmel/Studio/7.0/Packs/atmel/AVR-Dx_DFP/1.8.95/gcc/dev/avr128da64/avrxmega4/crtavr128da64.o
                0x00000600                __vector_default
                0x00000600                __vectors
 *(.vectors)
 *(.progmem.gcc*)
 .progmem.gcc_sw_table.Seting_Mode_0
                0x00000700        0xe main.o
 .progmem.gcc_sw_table.Loadcell_Set
                0x0000070e       0x10 src/loadcell.o
 .progmem.gcc_sw_table.RTC_Time_Write
                0x0000071e        0xe src/rtc.o
 .progmem.gcc_sw_table.RTC_Set
                0x0000072c        0xe src/rtc.o
                0x0000073a                . = ALIGN (0x2)
                0x0000073a                __trampolines_start = .
 *(.trampolines)
 .trampolines   0x0000073a        0x0 linker stubs
 *(.trampolines*)
                0x0000073a                __trampolines_end = .
 *libprintf_flt.a:*(.progmem.data)
 .progmem.data  0x0000073a        0x8 c:/program files (x86)/atmel/studio/7.0/toolchain/avr8/avr8-gnu-toolchain/bin/../lib/gcc/avr/5.4.0/../../../../avr/lib/avrxmega4\libprintf_flt.a(vfprintf_flt.o)
 *libc.a:*(.progmem.data)
 .progmem.data  0x00000742       0xfa c:/program files (x86)/atmel/studio/7.0/toolchain/avr8/avr8-gnu-toolchain/bin/../lib/gcc/avr/5.4.0/../../../../avr/lib/avrxmega4\libc.a(ftoa_engine.o)
 *(.progmem*)
                0x0000083c                . = ALIGN (0x2)
 *(.jumptables)
 *(.jumptables*)
 *(.lowtext)
 *(.lowtext*)
                0x0000083c                __ctors_start = .
 *(.ctors)
                0x0000083c                __ctors_end = .
                0x0000083c                __dtors_start = .
 *(.dtors)
                0x0000083c                __dtors_end = .
 SORT(*)(.ctors)
 SORT(*)(.dtors)
 *(.init0)
 .init0         0x0000083c        0x0 C:/Program Files (x86)/Atmel/Studio/7.0/Packs/atmel/AVR-Dx_DFP/1.8.95/gcc/dev/avr128da64/avrxmega4/crtavr128da64.o
                0x0000083c                __init
 *(.init0)
 *(.init1)
 *(.init1)
 *(.init2)
 .init2         0x0000083c        0xc C:/Program Files (x86)/Atmel/Studio/7.0/Packs/atmel/AVR-Dx_DFP/1.8.95/gcc/dev/avr128da64/avrxmega4/crtavr128da64.o
 *(.init2)
 *(.init3)
 *(.init3)
 *(.init4)
 .init4         0x00000848       0x1a c:/program files (x86)/atmel/studio/7.0/toolchain/avr8/avr8-gnu-toolchain/bin/../lib/gcc/avr/5.4.0/avrxmega4\libgcc.a(_copy_data.o)
                0x00000848                __do_copy_data
 .init4         0x00000862       0x10 c:/program files (x86)/atmel/studio/7.0/toolchain/avr8/avr8-gnu-toolchain/bin/../lib/gcc/avr/5.4.0/avrxmega4\libgcc.a(_clear_bss.o)
                0x00000862                __do_clear_bss
 *(.init4)
 *(.init5)
 *(.init5)
 *(.init6)
 *(.init6)
 *(.init7)
 *(.init7)
 *(.init8)
 *(.init8)
 *(.init9)
 .init9         0x00000872        0x8 C:/Program Files (x86)/Atmel/Studio/7.0/Packs/atmel/AVR-Dx_DFP/1.8.95/gcc/dev/avr128da64/avrxmega4/crtavr128da64.o
 *(.init9)
 *(.text)
 .text          0x0000087a        0x4 C:/Program Files (x86)/Atmel/Studio/7.0/Packs/atmel/AVR-Dx_DFP/1.8.95/gcc/dev/avr128da64/avrxmega4/crtavr128da64.o
                0x0000087a                __vector_38
                0x0000087a                __vector_22
                0x0000087a                __vector_63
                0x0000087a                __vector_28
                0x0000087a                __vector_1
                0x0000087a                __vector_32
                0x0000087a                __vector_34
                0x0000087a                __vector_62
                0x0000087a                __vector_24
                0x0000087a                __vector_12
                0x0000087a                __vector_55
                0x0000087a                __bad_interrupt
                0x0000087a                __vector_6
                0x0000087a                __vector_35
                0x0000087a                __vector_39
                0x0000087a                __vector_3
                0x0000087a                __vector_23
                0x0000087a                __vector_30
                0x0000087a                __vector_45
                0x0000087a                __vector_25
                0x0000087a                __vector_61
                0x0000087a                __vector_11
                0x0000087a                __vector_54
                0x0000087a                __vector_13
                0x0000087a                __vector_17
                0x0000087a                __vector_19
                0x0000087a                __vector_56
                0x0000087a                __vector_7
                0x0000087a                __vector_49
                0x0000087a                __vector_41
                0x0000087a                __vector_27
                0x0000087a                __vector_5
                0x0000087a                __vector_33
                0x0000087a                __vector_47
                0x0000087a                __vector_37
                0x0000087a                __vector_4
                0x0000087a                __vector_44
                0x0000087a                __vector_51
                0x0000087a                __vector_9
                0x0000087a                __vector_2
                0x0000087a                __vector_21
                0x0000087a                __vector_15
                0x0000087a                __vector_36
                0x0000087a                __vector_58
                0x0000087a                __vector_29
                0x0000087a                __vector_60
                0x0000087a                __vector_40
                0x0000087a                __vector_8
                0x0000087a                __vector_26
                0x0000087a                __vector_48
                0x0000087a                __vector_14
                0x0000087a                __vector_57
                0x0000087a                __vector_53
                0x0000087a                __vector_10
                0x0000087a                __vector_50
                0x0000087a                __vector_16
                0x0000087a                __vector_59
                0x0000087a                __vector_18
                0x0000087a                __vector_20
                0x0000087a                __vector_42
                0x0000087e                . = ALIGN (0x2)
 *(.text.*)
 .text.atmel_start_init
                0x0000087e        0x6 atmel_start.o
                0x0000087e                atmel_start_init
 .text.Beep     0x00000884       0x10 driver_isr.o
                0x00000884                Beep
 .text.__vector_31
                0x00000894       0x58 driver_isr.o
                0x00000894                __vector_31
 .text.__vector_52
                0x000008ec       0x58 driver_isr.o
                0x000008ec                __vector_52
 .text.__vector_46
                0x00000944       0xde driver_isr.o
                0x00000944                __vector_46
 .text.std_putchar
                0x00000a22       0x28 main.o
                0x00000a22                std_putchar
 .text.MCU_Init
                0x00000a4a       0x44 main.o
                0x00000a4a                MCU_Init
 .text.Fnd_Display
                0x00000a8e      0x114 main.o
                0x00000a8e                Fnd_Display
 .text.FND_Value_Data
                0x00000ba2       0x34 main.o
                0x00000ba2                FND_Value_Data
 .text.FND_ALL_OFF
                0x00000bd6       0x24 main.o
                0x00000bd6                FND_ALL_OFF
 .text.Key_Scan
                0x00000bfa      0x1a4 main.o
                0x00000bfa                Key_Scan
 .text.Read_eeprom
                0x00000d9e      0x2a4 main.o
                0x00000d9e                Read_eeprom
 .text.Alarm    0x00001042       0x36 main.o
                0x00001042                Alarm
 .text.Room_Desplay
                0x00001078       0xaa main.o
                0x00001078                Room_Desplay
 .text.Stal_Desplay
                0x00001122       0xaa main.o
                0x00001122                Stal_Desplay
 .text.Check_Value
                0x000011cc      0x2cc main.o
                0x000011cc                Check_Value
 .text.Send_To_Server_0
                0x00001498      0x12c main.o
                0x00001498                Send_To_Server_0
 .text.Send_To_Server_1
                0x000015c4       0x8e main.o
                0x000015c4                Send_To_Server_1
 .text.Receiv_PC
                0x00001652      0x2f2 main.o
                0x00001652                Receiv_PC
 .text.Time_Check
                0x00001944       0x64 main.o
                0x00001944                Time_Check
 .text.ADC_Check
                0x000019a8       0x9e main.o
                0x000019a8                ADC_Check
 .text.Proportion_Set
                0x00001a46       0xd4 main.o
                0x00001a46                Proportion_Set
 .text.Var_Init
                0x00001b1a       0x68 main.o
                0x00001b1a                Var_Init
 .text.wdt_reset
                0x00001b82        0x4 main.o
                0x00001b82                wdt_reset
 .text.Auto_Set
                0x00001b86       0x98 main.o
                0x00001b86                Auto_Set
 .text.Seting_Mode_0
                0x00001c1e      0x16a main.o
                0x00001c1e                Seting_Mode_0
 .text.Seting_Mode_1
                0x00001d88      0x3ce main.o
                0x00001d88                Seting_Mode_1
 .text.main     0x00002156      0x294 main.o
                0x00002156                main
 .text.ADC_init
                0x000023ea       0x10 src/adc.o
                0x000023ea                ADC_init
 .text.ADC_start_conversion
                0x000023fa       0x12 src/adc.o
                0x000023fa                ADC_start_conversion
 .text.ADC_is_conversion_done
                0x0000240c        0x8 src/adc.o
                0x0000240c                ADC_is_conversion_done
 .text.ADC_get_conversion_result
                0x00002414        0xa src/adc.o
                0x00002414                ADC_get_conversion_result
 .text.ADC_get_conversion
                0x0000241e       0x1c src/adc.o
                0x0000241e                ADC_get_conversion
 .text.VREF_ADC_init
                0x0000243a        0xe src/adc.o
                0x0000243a                VREF_ADC_init
 .text.BOD_init
                0x00002448        0x8 src/bod.o
                0x00002448                BOD_init
 .text.CLKCTRL_init
                0x00002450       0x18 src/clkctrl.o
                0x00002450                CLKCTRL_init
 .text.CPUINT_init
                0x00002468        0x4 src/cpuint.o
                0x00002468                CPUINT_init
 .text.mcu_init
                0x0000246c       0xaa src/driver_init.o
                0x0000246c                mcu_init
 .text.I2C_0_initialization
                0x00002516       0x4a src/driver_init.o
                0x00002516                I2C_0_initialization
 .text.USART_1_initialization
                0x00002560       0x20 src/driver_init.o
                0x00002560                USART_1_initialization
 .text.USART_3_initialization
                0x00002580       0x20 src/driver_init.o
                0x00002580                USART_3_initialization
 .text.ADC_initialization
                0x000025a0       0x20 src/driver_init.o
                0x000025a0                ADC_initialization
 .text.system_init
                0x000025c0       0x2e src/driver_init.o
                0x000025c0                system_init
 .text.ee_read_byte
                0x000025ee       0x14 src/eeprom.o
                0x000025ee                ee_read_byte
 .text.ee_read_word
                0x00002602       0x16 src/eeprom.o
                0x00002602                ee_read_word
 .text.ee_read_dword
                0x00002618       0x1a src/eeprom.o
                0x00002618                ee_read_dword
 .text.ee_write_byte
                0x00002632       0x46 src/eeprom.o
                0x00002632                ee_write_byte
 .text.ee_write_word
                0x00002678       0x3a src/eeprom.o
                0x00002678                ee_write_word
 .text.ee_write_dword
                0x000026b2       0x50 src/eeprom.o
                0x000026b2                ee_write_dword
 .text.Gukbun_Set
                0x00002702       0xae src/gateway.o
                0x00002702                Gukbun_Set
 .text.Gwid_Set
                0x000027b0       0xae src/gateway.o
                0x000027b0                Gwid_Set
 .text.Gateway_Set
                0x0000285e      0x136 src/gateway.o
                0x0000285e                Gateway_Set
 .text.I2C_0_do_I2C_RESET
                0x00002994       0x20 src/i2c_master.o
 .text.I2C_0_do_I2C_IDLE
                0x000029b4       0x10 src/i2c_master.o
 .text.I2C_0_do_I2C_SEND_STOP
                0x000029c4       0x10 src/i2c_master.o
 .text.I2C_0_do_I2C_SEND_ADR_READ
                0x000029d4       0x1c src/i2c_master.o
 .text.I2C_0_do_I2C_SEND_RESTART
                0x000029f0        0x6 src/i2c_master.o
 .text.I2C_0_do_I2C_SEND_RESTART_READ
                0x000029f6        0x6 src/i2c_master.o
 .text.I2C_0_do_I2C_SEND_ADR_WRITE
                0x000029fc       0x16 src/i2c_master.o
 .text.I2C_0_do_I2C_SEND_RESTART_WRITE
                0x00002a12        0x6 src/i2c_master.o
 .text.I2C_0_do_I2C_DO_ADDRESS_NACK
                0x00002a18       0x40 src/i2c_master.o
 .text.I2C_0_do_I2C_RX_DO_ACK
                0x00002a58        0xe src/i2c_master.o
 .text.I2C_0_do_I2C_TX_DO_ACK
                0x00002a66        0xe src/i2c_master.o
 .text.I2C_0_do_I2C_DO_NACK_STOP
                0x00002a74       0x16 src/i2c_master.o
 .text.I2C_0_do_I2C_DO_NACK_RESTART
                0x00002a8a        0xe src/i2c_master.o
 .text.I2C_0_do_I2C_TX
                0x00002a98       0x6c src/i2c_master.o
 .text.I2C_0_do_I2C_RX
                0x00002b04       0xba src/i2c_master.o
 .text.I2C_0_do_I2C_TX_EMPTY
                0x00002bbe       0x7a src/i2c_master.o
 .text.I2C_0_do_I2C_BUS_COLLISION
                0x00002c38       0x44 src/i2c_master.o
 .text.I2C_0_do_I2C_BUS_ERROR
                0x00002c7c       0x22 src/i2c_master.o
 .text.I2C_0_master_isr
                0x00002c9e       0x60 src/i2c_master.o
 .text.I2C_0_return_stop
                0x00002cfe        0x4 src/i2c_master.o
 .text.I2C_0_return_reset
                0x00002d02        0x4 src/i2c_master.o
 .text.I2C_0_set_callback
                0x00002d06       0x52 src/i2c_master.o
 .text.I2C_0_set_data_complete_callback
                0x00002d58        0xc src/i2c_master.o
                0x00002d58                I2C_0_set_data_complete_callback
 .text.I2C_0_set_address_nack_callback
                0x00002d64        0xc src/i2c_master.o
                0x00002d64                I2C_0_set_address_nack_callback
 .text.I2C_0_init
                0x00002d70        0xe src/i2c_master.o
                0x00002d70                I2C_0_init
 .text.I2C_0_open
                0x00002d7e       0x7a src/i2c_master.o
                0x00002d7e                I2C_0_open
 .text.I2C_0_close
                0x00002df8       0x50 src/i2c_master.o
                0x00002df8                I2C_0_close
 .text.I2C_0_set_buffer
                0x00002e48       0x1e src/i2c_master.o
                0x00002e48                I2C_0_set_buffer
 .text.I2C_0_master_operation
                0x00002e66       0x2e src/i2c_master.o
                0x00002e66                I2C_0_master_operation
 .text.I2C_0_master_write
                0x00002e94        0x8 src/i2c_master.o
                0x00002e94                I2C_0_master_write
 .text.__vector_43
                0x00002e9c       0x50 src/i2c_master.o
                0x00002e9c                __vector_43
 .text.I2C_0_wr1RegCompleteHandler
                0x00002eec       0x18 src/i2c_simple_master.o
 .text.I2C_0_rd1RegCompleteHandler
                0x00002f04       0x18 src/i2c_simple_master.o
 .text.I2C_0_write1ByteRegister
                0x00002f1c       0x88 src/i2c_simple_master.o
                0x00002f1c                I2C_0_write1ByteRegister
 .text.I2C_0_read1ByteRegister
                0x00002fa4       0x80 src/i2c_simple_master.o
                0x00002fa4                I2C_0_read1ByteRegister
 .text.i2c_cb_restart_write
                0x00003024        0x4 src/i2c_types.o
                0x00003024                i2c_cb_restart_write
 .text.Cell_Desplay
                0x00003028      0x1f4 src/loadcell.o
                0x00003028                Cell_Desplay
 .text.Load_Cell_Read
                0x0000321c       0xe6 src/loadcell.o
                0x0000321c                Load_Cell_Read
 .text.Cell_Zero_Set
                0x00003302       0x94 src/loadcell.o
                0x00003302                Cell_Zero_Set
 .text.Read_Load_Cell
                0x00003396      0x15a src/loadcell.o
                0x00003396                Read_Load_Cell
 .text.IN_Scales_Set
                0x000034f0      0x36c src/loadcell.o
                0x000034f0                IN_Scales_Set
 .text.RO_Set   0x0000385c      0xa68 src/loadcell.o
                0x0000385c                RO_Set
 .text.Interval_Set
                0x000042c4      0x1d0 src/loadcell.o
                0x000042c4                Interval_Set
 .text.CAPA_Set
                0x00004494      0x34a src/loadcell.o
                0x00004494                CAPA_Set
 .text.CNT_Set  0x000047de       0xb0 src/loadcell.o
                0x000047de                CNT_Set
 .text.ID_Set   0x0000488e       0xb0 src/loadcell.o
                0x0000488e                ID_Set
 .text.Loadcell_Set
                0x0000493e      0x652 src/loadcell.o
                0x0000493e                Loadcell_Set
 .text.protected_write_io
                0x00004f90        0xa src/protected_io.o
                0x00004f90                protected_write_io
 .text.RTC_Single_Read
                0x00004f9a       0x1e src/rtc.o
                0x00004f9a                RTC_Single_Read
 .text.RTC_Time_Read
                0x00004fb8       0x46 src/rtc.o
                0x00004fb8                RTC_Time_Read
 .text.RTC_Single_Write
                0x00004ffe       0x30 src/rtc.o
                0x00004ffe                RTC_Single_Write
 .text.RTC_Time_Write
                0x0000502e       0x5c src/rtc.o
                0x0000502e                RTC_Time_Write
 .text.RTC_Set  0x0000508a      0x6a8 src/rtc.o
                0x0000508a                RTC_Set
 .text.SLPCTRL_init
                0x00005732        0x4 src/slpctrl.o
                0x00005732                SLPCTRL_init
 .text.TIMER_1_init
                0x00005736       0x18 src/tca.o
                0x00005736                TIMER_1_init
 .text.USART_1_init
                0x0000574e       0x18 src/usart.o
                0x0000574e                USART_1_init
 .text.USART1_Write
                0x00005766       0x12 src/usart.o
                0x00005766                USART1_Write
 .text.USART_3_init
                0x00005778       0x18 src/usart.o
                0x00005778                USART_3_init
 .text.USART3_Write
                0x00005790       0x12 src/usart.o
                0x00005790                USART3_Write
 .text.USART3_SendString
                0x000057a2       0x3c src/usart.o
                0x000057a2                USART3_SendString
 .text.Rx3_Buff_Clear
                0x000057de       0x14 src/usart.o
                0x000057de                Rx3_Buff_Clear
 .text.WDT_init
                0x000057f2       0x10 src/wdt.o
                0x000057f2                WDT_init
 .text.ZigBee_Write_id
                0x00005802      0x1cc src/zigbee.o
                0x00005802                ZigBee_Write_id
 .text.ZigBee_PanID_Write
                0x000059ce      0x55e src/zigbee.o
                0x000059ce                ZigBee_PanID_Write
 .text.ZigBee_Write_ch
                0x00005f2c      0x1e6 src/zigbee.o
                0x00005f2c                ZigBee_Write_ch
 .text.ZigBee_Channel_Write
                0x00006112       0x9c src/zigbee.o
                0x00006112                ZigBee_Channel_Write
 .text.ZigBee_Read
                0x000061ae      0x2c4 src/zigbee.o
                0x000061ae                ZigBee_Read
 .text.ZigBee_Set
                0x00006472      0x2c6 src/zigbee.o
                0x00006472                ZigBee_Set
 .text.avr-libc.fplib
                0x00006738        0xe c:/program files (x86)/atmel/studio/7.0/toolchain/avr8/avr8-gnu-toolchain/bin/../lib/gcc/avr/5.4.0/../../../../avr/lib/avrxmega4\libm.a(addsf3.o)
                0x00006738                __subsf3
                0x0000673a                __addsf3
 .text.avr-libc.fplib
                0x00006746       0xcc c:/program files (x86)/atmel/studio/7.0/toolchain/avr8/avr8-gnu-toolchain/bin/../lib/gcc/avr/5.4.0/../../../../avr/lib/avrxmega4\libm.a(addsf3x.o)
                0x00006768                __addsf3x
 .text.avr-libc.fplib
                0x00006812        0xa c:/program files (x86)/atmel/studio/7.0/toolchain/avr8/avr8-gnu-toolchain/bin/../lib/gcc/avr/5.4.0/../../../../avr/lib/avrxmega4\libm.a(cmpsf2.o)
                0x00006812                __nesf2
                0x00006812                __eqsf2
                0x00006812                __cmpsf2
                0x00006812                __ltsf2
                0x00006812                __lesf2
 .text.avr-libc.fplib
                0x0000681c        0x8 c:/program files (x86)/atmel/studio/7.0/toolchain/avr8/avr8-gnu-toolchain/bin/../lib/gcc/avr/5.4.0/../../../../avr/lib/avrxmega4\libm.a(divsf3.o)
                0x0000681c                __divsf3
 .text.avr-libc.fplib
                0x00006824       0xdc c:/program files (x86)/atmel/studio/7.0/toolchain/avr8/avr8-gnu-toolchain/bin/../lib/gcc/avr/5.4.0/../../../../avr/lib/avrxmega4\libm.a(divsf3x.o)
                0x00006844                __divsf3x
                0x0000684a                __divsf3_pse
 .text.avr-libc.fplib
                0x00006900        0xe c:/program files (x86)/atmel/studio/7.0/toolchain/avr8/avr8-gnu-toolchain/bin/../lib/gcc/avr/5.4.0/../../../../avr/lib/avrxmega4\libm.a(fixsfsi.o)
                0x00006900                __fixsfsi
 .text.avr-libc.fplib
                0x0000690e       0x5e c:/program files (x86)/atmel/studio/7.0/toolchain/avr8/avr8-gnu-toolchain/bin/../lib/gcc/avr/5.4.0/../../../../avr/lib/avrxmega4\libm.a(fixunssfsi.o)
                0x0000690e                __fixunssfsi
 .text.avr-libc.fplib
                0x0000696c       0x7a c:/program files (x86)/atmel/studio/7.0/toolchain/avr8/avr8-gnu-toolchain/bin/../lib/gcc/avr/5.4.0/../../../../avr/lib/avrxmega4\libm.a(floatsisf.o)
                0x0000696c                __floatunsisf
                0x00006970                __floatsisf
 .text.avr-libc.fplib
                0x000069e6       0x48 c:/program files (x86)/atmel/studio/7.0/toolchain/avr8/avr8-gnu-toolchain/bin/../lib/gcc/avr/5.4.0/../../../../avr/lib/avrxmega4\libm.a(fp_cmp.o)
                0x000069e6                __fp_cmp
 .text.avr-libc.fplib
                0x00006a2e        0xc c:/program files (x86)/atmel/studio/7.0/toolchain/avr8/avr8-gnu-toolchain/bin/../lib/gcc/avr/5.4.0/../../../../avr/lib/avrxmega4\libm.a(fp_inf.o)
                0x00006a2e                __fp_inf
 .text.avr-libc.fplib
                0x00006a3a        0x6 c:/program files (x86)/atmel/studio/7.0/toolchain/avr8/avr8-gnu-toolchain/bin/../lib/gcc/avr/5.4.0/../../../../avr/lib/avrxmega4\libm.a(fp_nan.o)
                0x00006a3a                __fp_nan
 .text.avr-libc.fplib
                0x00006a40        0xe c:/program files (x86)/atmel/studio/7.0/toolchain/avr8/avr8-gnu-toolchain/bin/../lib/gcc/avr/5.4.0/../../../../avr/lib/avrxmega4\libm.a(fp_pscA.o)
                0x00006a40                __fp_pscA
 .text.avr-libc.fplib
                0x00006a4e        0xe c:/program files (x86)/atmel/studio/7.0/toolchain/avr8/avr8-gnu-toolchain/bin/../lib/gcc/avr/5.4.0/../../../../avr/lib/avrxmega4\libm.a(fp_pscB.o)
                0x00006a4e                __fp_pscB
 .text.avr-libc.fplib
                0x00006a5c       0x22 c:/program files (x86)/atmel/studio/7.0/toolchain/avr8/avr8-gnu-toolchain/bin/../lib/gcc/avr/5.4.0/../../../../avr/lib/avrxmega4\libm.a(fp_round.o)
                0x00006a5c                __fp_round
 .text.avr-libc.fplib
                0x00006a7e       0x44 c:/program files (x86)/atmel/studio/7.0/toolchain/avr8/avr8-gnu-toolchain/bin/../lib/gcc/avr/5.4.0/../../../../avr/lib/avrxmega4\libm.a(fp_split3.o)
                0x00006a7e                __fp_split3
                0x00006a8e                __fp_splitA
 .text.avr-libc.fplib
                0x00006ac2        0xe c:/program files (x86)/atmel/studio/7.0/toolchain/avr8/avr8-gnu-toolchain/bin/../lib/gcc/avr/5.4.0/../../../../avr/lib/avrxmega4\libm.a(fp_zero.o)
                0x00006ac2                __fp_zero
                0x00006ac4                __fp_szero
 .text.avr-libc.fplib
                0x00006ad0        0xa c:/program files (x86)/atmel/studio/7.0/toolchain/avr8/avr8-gnu-toolchain/bin/../lib/gcc/avr/5.4.0/../../../../avr/lib/avrxmega4\libm.a(gesf2.o)
                0x00006ad0                __gesf2
                0x00006ad0                __gtsf2
 .text.avr-libc.fplib
                0x00006ada        0x8 c:/program files (x86)/atmel/studio/7.0/toolchain/avr8/avr8-gnu-toolchain/bin/../lib/gcc/avr/5.4.0/../../../../avr/lib/avrxmega4\libm.a(mulsf3.o)
                0x00006ada                __mulsf3
 .text.avr-libc.fplib
                0x00006ae2       0xd2 c:/program files (x86)/atmel/studio/7.0/toolchain/avr8/avr8-gnu-toolchain/bin/../lib/gcc/avr/5.4.0/../../../../avr/lib/avrxmega4\libm.a(mulsf3x.o)
                0x00006b00                __mulsf3x
                0x00006b06                __mulsf3_pse
 .text.avr-libc
                0x00006bb4      0x740 c:/program files (x86)/atmel/studio/7.0/toolchain/avr8/avr8-gnu-toolchain/bin/../lib/gcc/avr/5.4.0/../../../../avr/lib/avrxmega4\libprintf_flt.a(vfprintf_flt.o)
                0x00006bb4                vfprintf
 .text.libgcc.div
                0x000072f4       0x28 c:/program files (x86)/atmel/studio/7.0/toolchain/avr8/avr8-gnu-toolchain/bin/../lib/gcc/avr/5.4.0/avrxmega4\libgcc.a(_divmodhi4.o)
                0x000072f4                _div
                0x000072f4                __divmodhi4
 .text.libgcc.div
                0x0000731c       0x44 c:/program files (x86)/atmel/studio/7.0/toolchain/avr8/avr8-gnu-toolchain/bin/../lib/gcc/avr/5.4.0/avrxmega4\libgcc.a(_udivmodsi4.o)
                0x0000731c                __udivmodsi4
 .text.libgcc.div
                0x00007360       0x2e c:/program files (x86)/atmel/studio/7.0/toolchain/avr8/avr8-gnu-toolchain/bin/../lib/gcc/avr/5.4.0/avrxmega4\libgcc.a(_divmodsi4.o)
                0x00007360                __divmodsi4
 .text.libgcc.div
                0x0000738e       0x10 c:/program files (x86)/atmel/studio/7.0/toolchain/avr8/avr8-gnu-toolchain/bin/../lib/gcc/avr/5.4.0/avrxmega4\libgcc.a(_negsi2.o)
                0x0000738e                __negsi2
 .text.libgcc   0x0000739e       0x12 c:/program files (x86)/atmel/studio/7.0/toolchain/avr8/avr8-gnu-toolchain/bin/../lib/gcc/avr/5.4.0/avrxmega4\libgcc.a(_tablejump2.o)
                0x0000739e                __tablejump2__
 .text.libgcc.mul
                0x000073b0       0x1e c:/program files (x86)/atmel/studio/7.0/toolchain/avr8/avr8-gnu-toolchain/bin/../lib/gcc/avr/5.4.0/avrxmega4\libgcc.a(_umulhisi3.o)
                0x000073b0                __umulhisi3
 .text.libgcc.mul
                0x000073ce       0x16 c:/program files (x86)/atmel/studio/7.0/toolchain/avr8/avr8-gnu-toolchain/bin/../lib/gcc/avr/5.4.0/avrxmega4\libgcc.a(_muluhisi3.o)
                0x000073ce                __muluhisi3
 .text.libgcc.mul
                0x000073e4       0xa0 c:/program files (x86)/atmel/studio/7.0/toolchain/avr8/avr8-gnu-toolchain/bin/../lib/gcc/avr/5.4.0/avrxmega4\libgcc.a(_muldi3.o)
                0x000073e4                __muldi3
 .text.libgcc.mul
                0x00007484       0x12 c:/program files (x86)/atmel/studio/7.0/toolchain/avr8/avr8-gnu-toolchain/bin/../lib/gcc/avr/5.4.0/avrxmega4\libgcc.a(_muldi3_6.o)
                0x00007484                __muldi3_6
 .text.libgcc.div
                0x00007496       0x1c c:/program files (x86)/atmel/studio/7.0/toolchain/avr8/avr8-gnu-toolchain/bin/../lib/gcc/avr/5.4.0/avrxmega4\libgcc.a(_udivdi3.o)
                0x00007496                __umoddi3
                0x0000749a                __udivdi3
                0x0000749c                __udivdi3_umoddi3
 .text.libgcc.div
                0x000074b2       0xa2 c:/program files (x86)/atmel/studio/7.0/toolchain/avr8/avr8-gnu-toolchain/bin/../lib/gcc/avr/5.4.0/avrxmega4\libgcc.a(_udivmod64.o)
                0x000074b2                __udivmod64
 .text.libgcc.builtins
                0x00007554       0x32 c:/program files (x86)/atmel/studio/7.0/toolchain/avr8/avr8-gnu-toolchain/bin/../lib/gcc/avr/5.4.0/avrxmega4\libgcc.a(_ashldi3.o)
                0x00007554                __ashldi3
 .text.libgcc   0x00007586       0x12 c:/program files (x86)/atmel/studio/7.0/toolchain/avr8/avr8-gnu-toolchain/bin/../lib/gcc/avr/5.4.0/avrxmega4\libgcc.a(_adddi3.o)
                0x00007586                __adddi3
 .text.libgcc   0x00007598       0x18 c:/program files (x86)/atmel/studio/7.0/toolchain/avr8/avr8-gnu-toolchain/bin/../lib/gcc/avr/5.4.0/avrxmega4\libgcc.a(_adddi3_s8.o)
                0x00007598                __adddi3_s8
 .text.libgcc   0x000075b0       0x12 c:/program files (x86)/atmel/studio/7.0/toolchain/avr8/avr8-gnu-toolchain/bin/../lib/gcc/avr/5.4.0/avrxmega4\libgcc.a(_subdi3.o)
                0x000075b0                __subdi3
 .text.libgcc   0x000075c2       0x18 c:/program files (x86)/atmel/studio/7.0/toolchain/avr8/avr8-gnu-toolchain/bin/../lib/gcc/avr/5.4.0/avrxmega4\libgcc.a(_cmpdi2_s8.o)
                0x000075c2                __cmpdi2_s8
 .text.libgcc.div
                0x000075da       0x28 c:/program files (x86)/atmel/studio/7.0/toolchain/avr8/avr8-gnu-toolchain/bin/../lib/gcc/avr/5.4.0/avrxmega4\libgcc.a(_udivmodhi4.o)
                0x000075da                __udivmodhi4
 .text.avr-libc
                0x00007602      0x1b0 c:/program files (x86)/atmel/studio/7.0/toolchain/avr8/avr8-gnu-toolchain/bin/../lib/gcc/avr/5.4.0/../../../../avr/lib/avrxmega4\libc.a(ftoa_engine.o)
                0x00007602                __ftoa_engine
 .text.avr-libc
                0x000077b2       0x16 c:/program files (x86)/atmel/studio/7.0/toolchain/avr8/avr8-gnu-toolchain/bin/../lib/gcc/avr/5.4.0/../../../../avr/lib/avrxmega4\libc.a(strnlen_P.o)
                0x000077b2                strnlen_P
 .text.avr-libc
                0x000077c8       0x16 c:/program files (x86)/atmel/studio/7.0/toolchain/avr8/avr8-gnu-toolchain/bin/../lib/gcc/avr/5.4.0/../../../../avr/lib/avrxmega4\libc.a(strnlen.o)
                0x000077c8                strnlen
 .text.avr-libc
                0x000077de       0x96 c:/program files (x86)/atmel/studio/7.0/toolchain/avr8/avr8-gnu-toolchain/bin/../lib/gcc/avr/5.4.0/../../../../avr/lib/avrxmega4\libc.a(fdevopen.o)
                0x000077de                fdevopen
 .text.avr-libc
                0x00007874       0x78 c:/program files (x86)/atmel/studio/7.0/toolchain/avr8/avr8-gnu-toolchain/bin/../lib/gcc/avr/5.4.0/../../../../avr/lib/avrxmega4\libc.a(fputc.o)
                0x00007874                fputc
 .text.avr-libc
                0x000078ec       0x28 c:/program files (x86)/atmel/studio/7.0/toolchain/avr8/avr8-gnu-toolchain/bin/../lib/gcc/avr/5.4.0/../../../../avr/lib/avrxmega4\libc.a(printf.o)
                0x000078ec                printf
 .text.avr-libc
                0x00007914       0x60 c:/program files (x86)/atmel/studio/7.0/toolchain/avr8/avr8-gnu-toolchain/bin/../lib/gcc/avr/5.4.0/../../../../avr/lib/avrxmega4\libc.a(puts.o)
                0x00007914                puts
 .text.avr-libc
                0x00007974       0xbc c:/program files (x86)/atmel/studio/7.0/toolchain/avr8/avr8-gnu-toolchain/bin/../lib/gcc/avr/5.4.0/../../../../avr/lib/avrxmega4\libc.a(ultoa_invert.o)
                0x00007974                __ultoa_invert
 .text.avr-libc
                0x00007a30       0x38 c:/program files (x86)/atmel/studio/7.0/toolchain/avr8/avr8-gnu-toolchain/bin/../lib/gcc/avr/5.4.0/../../../../avr/lib/avrxmega4\libc.a(calloc.o)
                0x00007a30                calloc
 .text.avr-libc
                0x00007a68      0x242 c:/program files (x86)/atmel/studio/7.0/toolchain/avr8/avr8-gnu-toolchain/bin/../lib/gcc/avr/5.4.0/../../../../avr/lib/avrxmega4\libc.a(malloc.o)
                0x00007a68                malloc
                0x00007b98                free
 .text.avr-libc
                0x00007caa        0xe c:/program files (x86)/atmel/studio/7.0/toolchain/avr8/avr8-gnu-toolchain/bin/../lib/gcc/avr/5.4.0/../../../../avr/lib/avrxmega4\libc.a(memset.o)
                0x00007caa                memset
                0x00007cb8                . = ALIGN (0x2)
 *(.fini9)
 .fini9         0x00007cb8        0x0 c:/program files (x86)/atmel/studio/7.0/toolchain/avr8/avr8-gnu-toolchain/bin/../lib/gcc/avr/5.4.0/avrxmega4\libgcc.a(_exit.o)
                0x00007cb8                _exit
                0x00007cb8                exit
 *(.fini9)
 *(.fini8)
 *(.fini8)
 *(.fini7)
 *(.fini7)
 *(.fini6)
 *(.fini6)
 *(.fini5)
 *(.fini5)
 *(.fini4)
 *(.fini4)
 *(.fini3)
 *(.fini3)
 *(.fini2)
 *(.fini2)
 *(.fini1)
 *(.fini1)
 *(.fini0)
 .fini0         0x00007cb8        0x4 c:/program files (x86)/atmel/studio/7.0/toolchain/avr8/avr8-gnu-toolchain/bin/../lib/gcc/avr/5.4.0/avrxmega4\libgcc.a(_exit.o)
 *(.fini0)
                0x00007cbc                _etext = .

.data           0x00804000      0x178 load address 0x00007cbc
                0x00804000                PROVIDE (__data_start, .)
 *(.data)
 .data          0x00804000        0x6 c:/program files (x86)/atmel/studio/7.0/toolchain/avr8/avr8-gnu-toolchain/bin/../lib/gcc/avr/5.4.0/../../../../avr/lib/avrxmega4\libc.a(malloc.o)
                0x00804000                __malloc_heap_end
                0x00804002                __malloc_heap_start
                0x00804004                __malloc_margin
 *(.data*)
 .data.I2C_0_fsmStateTable
                0x00804006       0x24 src/i2c_master.o
                0x00804006                I2C_0_fsmStateTable
 .data.CH       0x0080402a       0x1e src/zigbee.o
                0x0080402a                CH
 *(.gnu.linkonce.d*)
 *(.rodata)
 *(.rodata*)
 .rodata.str1.1
                0x00804048       0xfc main.o
                                 0xfe (size before relaxing)
 .rodata.fnd_tbl
                0x00804144        0xd main.o
                0x00804144                fnd_tbl
 .rodata.str1.1
                0x00804151       0x26 src/zigbee.o
 *(.gnu.linkonce.r*)
                0x00804178                . = ALIGN (0x2)
 *fill*         0x00804177        0x1 
                0x00804178                _edata = .
                0x00804178                PROVIDE (__data_end, .)

.bss            0x00804178      0xb62
                0x00804178                PROVIDE (__bss_start, .)
 *(.bss)
 *(.bss*)
 .bss.CommCnt.6548
                0x00804178        0x2 main.o
 .bss.cnt.6459  0x0080417a        0x1 main.o
 .bss.DIGIT     0x0080417b        0xc main.o
                0x0080417b                DIGIT
 .bss.I2C_0_status
                0x00804187       0x24 src/i2c_master.o
                0x00804187                I2C_0_status
 *(COMMON)
 COMMON         0x008041ab      0xb25 atmel_start.o
                0x008041ab                CAPA_1000
                0x008041ac                Weight_10000
                0x008041ad                Pan_id_100
                0x008041af                Sum_Value
                0x008041b3                SAVE
                0x00804b17                Cell_ID
                0x00804b18                AD_Channel
                0x00804b1c                Rx1_Cnt
                0x00804b1d                Zero_Buff
                0x00804b1e                ZB_ch
                0x00804b1f                Pan_id_1
                0x00804b21                IN_S_10
                0x00804b22                Minimum_Value
                0x00804b26                Rx1_Buff
                0x00804b3f                IN_Scales
                0x00804b41                IN_S_10000
                0x00804b42                Sec_Count
                0x00804b43                IN_S_100
                0x00804b44                INT_100
                0x00804b45                Pan_id_10
                0x00804b47                SET
                0x00804b4c                RO
                0x00804b54                Blink_Timer
                0x00804b55                Maximum_Value
                0x00804b59                CELL
                0x00804b6e                CAPA_1
                0x00804b6f                Value_Count
                0x00804b70                Timer
                0x00804b75                ADC_Value
                0x00804b79                RTC_T
                0x00804b81                RO_10
                0x00804b89                Weight_10
                0x00804b8a                Gukbun
                0x00804b8b                Pan_id_1000
                0x00804b8d                printf_port
                0x00804b8e                KEY
                0x00804b93                OK_Count
                0x00804b94                Gwid
                0x00804b95                Cell_RO
                0x00804b99                RO_10000
                0x00804ba1                CAPA_100
                0x00804ba2                Interval
                0x00804ba4                ZB_id
                0x00804ba6                Weight_1
                0x00804ba7                IN_S_1
                0x00804ba8                INT
                0x00804baa                Beep_Timer
                0x00804bab                CAPA_10
                0x00804bac                Cell_Capa
                0x00804bb0                Time_Count
                0x00804bb1                Zero_Count
                0x00804bb2                Weight_100
                0x00804bb3                Rx3_Cnt
                0x00804bb4                RO_100
                0x00804bbc                Blink
                0x00804bbd                IN_S_1000
                0x00804bbe                Cell_CNT
                0x00804bbf                INT_10
                0x00804bc0                Weight_1000
                0x00804bc1                RO_1
                0x00804bc9                Auto_Mode
                0x00804bca                INT_1
                0x00804bcb                Rx3_Buff
                0x00804cc5                IN_S
                0x00804cc7                RO_1000
                0x00804ccf                SECOND
 COMMON         0x00804cd0        0x6 c:/program files (x86)/atmel/studio/7.0/toolchain/avr8/avr8-gnu-toolchain/bin/../lib/gcc/avr/5.4.0/../../../../avr/lib/avrxmega4\libc.a(iob.o)
                0x00804cd0                __iob
 COMMON         0x00804cd6        0x4 c:/program files (x86)/atmel/studio/7.0/toolchain/avr8/avr8-gnu-toolchain/bin/../lib/gcc/avr/5.4.0/../../../../avr/lib/avrxmega4\libc.a(malloc.o)
                0x00804cd6                __brkval
                0x00804cd8                __flp
                0x00804cda                PROVIDE (__bss_end, .)
                0x00007cbc                __data_load_start = LOADADDR (.data)
                0x00007e34                __data_load_end = (__data_load_start + SIZEOF (.data))

.noinit         0x00804cda        0x0
                [!provide]                PROVIDE (__noinit_start, .)
 *(.noinit*)
                [!provide]                PROVIDE (__noinit_end, .)
                0x00804cda                _end = .
                0x00804cda                PROVIDE (__heap_start, .)

.eeprom         0x00810000        0x0
 *(.eeprom*)
                0x00810000                __eeprom_end = .

.fuse           0x00820000        0x9
 *(.fuse)
 .fuse          0x00820000        0x9 main.o
                0x00820000                __fuse
 *(.lfuse)
 *(.hfuse)
 *(.efuse)

.lock
 *(.lock*)

.signature
 *(.signature*)

.user_signatures
 *(.user_signatures*)

.stab
 *(.stab)

.stabstr
 *(.stabstr)

.stab.excl
 *(.stab.excl)

.stab.exclstr
 *(.stab.exclstr)

.stab.index
 *(.stab.index)

.stab.indexstr
 *(.stab.indexstr)

.comment        0x00000000       0x5c
 *(.comment)
 .comment       0x00000000       0x30 atmel_start.o
                                 0x31 (size before relaxing)
 .comment       0x00000030       0x31 driver_isr.o
 .comment       0x00000030       0x31 main.o
 .comment       0x00000030       0x31 src/adc.o
 .comment       0x00000030       0x31 src/bod.o
 .comment       0x00000030       0x31 src/clkctrl.o
 .comment       0x00000030       0x31 src/cpuint.o
 .comment       0x00000030       0x31 src/driver_init.o
 .comment       0x00000030       0x31 src/eeprom.o
 .comment       0x00000030       0x31 src/gateway.o
 .comment       0x00000030       0x31 src/i2c_master.o
 .comment       0x00000030       0x31 src/i2c_simple_master.o
 .comment       0x00000030       0x31 src/i2c_types.o
 .comment       0x00000030       0x31 src/loadcell.o
 .comment       0x00000030       0x31 src/rtc.o
 .comment       0x00000030       0x31 src/slpctrl.o
 .comment       0x00000030       0x31 src/tca.o
 .comment       0x00000030       0x31 src/usart.o
 .comment       0x00000030       0x31 src/wdt.o
 .comment       0x00000030       0x31 src/zigbee.o
 .comment       0x00000030       0x2c c:/program files (x86)/atmel/studio/7.0/toolchain/avr8/avr8-gnu-toolchain/bin/../lib/gcc/avr/5.4.0/../../../../avr/lib/avrxmega4\libprintf_flt.a(vfprintf_flt.o)
                                 0x2d (size before relaxing)
 .comment       0x0000005c       0x31 c:/program files (x86)/atmel/studio/7.0/toolchain/avr8/avr8-gnu-toolchain/bin/../lib/gcc/avr/5.4.0/../../../../avr/lib/avrxmega4\libc.a(fdevopen.o)
 .comment       0x0000005c       0x31 c:/program files (x86)/atmel/studio/7.0/toolchain/avr8/avr8-gnu-toolchain/bin/../lib/gcc/avr/5.4.0/../../../../avr/lib/avrxmega4\libc.a(fputc.o)
 .comment       0x0000005c       0x31 c:/program files (x86)/atmel/studio/7.0/toolchain/avr8/avr8-gnu-toolchain/bin/../lib/gcc/avr/5.4.0/../../../../avr/lib/avrxmega4\libc.a(iob.o)
 .comment       0x0000005c       0x31 c:/program files (x86)/atmel/studio/7.0/toolchain/avr8/avr8-gnu-toolchain/bin/../lib/gcc/avr/5.4.0/../../../../avr/lib/avrxmega4\libc.a(printf.o)
 .comment       0x0000005c       0x31 c:/program files (x86)/atmel/studio/7.0/toolchain/avr8/avr8-gnu-toolchain/bin/../lib/gcc/avr/5.4.0/../../../../avr/lib/avrxmega4\libc.a(puts.o)
 .comment       0x0000005c       0x31 c:/program files (x86)/atmel/studio/7.0/toolchain/avr8/avr8-gnu-toolchain/bin/../lib/gcc/avr/5.4.0/../../../../avr/lib/avrxmega4\libc.a(calloc.o)
 .comment       0x0000005c       0x31 c:/program files (x86)/atmel/studio/7.0/toolchain/avr8/avr8-gnu-toolchain/bin/../lib/gcc/avr/5.4.0/../../../../avr/lib/avrxmega4\libc.a(malloc.o)

.note.gnu.avr.deviceinfo
                0x00000000       0x40
 .note.gnu.avr.deviceinfo
                0x00000000       0x40 C:/Program Files (x86)/Atmel/Studio/7.0/Packs/atmel/AVR-Dx_DFP/1.8.95/gcc/dev/avr128da64/avrxmega4/crtavr128da64.o

.note.gnu.build-id
 *(.note.gnu.build-id)

.debug
 *(.debug)

.line
 *(.line)

.debug_srcinfo
 *(.debug_srcinfo)

.debug_sfnames
 *(.debug_sfnames)

.debug_aranges  0x00000000      0x688
 *(.debug_aranges)
 .debug_aranges
                0x00000000       0x20 atmel_start.o
 .debug_aranges
                0x00000020       0x38 driver_isr.o
 .debug_aranges
                0x00000058       0xd0 main.o
 .debug_aranges
                0x00000128       0x58 src/adc.o
 .debug_aranges
                0x00000180       0x20 src/bod.o
 .debug_aranges
                0x000001a0       0x20 src/clkctrl.o
 .debug_aranges
                0x000001c0       0x20 src/cpuint.o
 .debug_aranges
                0x000001e0       0x48 src/driver_init.o
 .debug_aranges
                0x00000228       0x60 src/eeprom.o
 .debug_aranges
                0x00000288       0x30 src/gateway.o
 .debug_aranges
                0x000002b8      0x148 src/i2c_master.o
 .debug_aranges
                0x00000400       0x78 src/i2c_simple_master.o
 .debug_aranges
                0x00000478       0x38 src/i2c_types.o
 .debug_aranges
                0x000004b0       0x70 src/loadcell.o
 .debug_aranges
                0x00000520       0x20 src/protected_io.o
 .debug_aranges
                0x00000540       0x40 src/rtc.o
 .debug_aranges
                0x00000580       0x28 src/slpctrl.o
 .debug_aranges
                0x000005a8       0x20 src/tca.o
 .debug_aranges
                0x000005c8       0x58 src/usart.o
 .debug_aranges
                0x00000620       0x20 src/wdt.o
 .debug_aranges
                0x00000640       0x48 src/zigbee.o

.debug_pubnames
 *(.debug_pubnames)

.debug_info     0x00000000    0x10d3c
 *(.debug_info .gnu.linkonce.wi.*)
 .debug_info    0x00000000     0x3072 C:/Program Files (x86)/Atmel/Studio/7.0/Packs/atmel/AVR-Dx_DFP/1.8.95/gcc/dev/avr128da64/avrxmega4/crtavr128da64.o
 .debug_info    0x00003072      0x8af atmel_start.o
 .debug_info    0x00003921     0x10a7 driver_isr.o
 .debug_info    0x000049c8     0x1d31 main.o
 .debug_info    0x000066f9      0xe29 src/adc.o
 .debug_info    0x00007522      0x188 src/bod.o
 .debug_info    0x000076aa      0x2a9 src/clkctrl.o
 .debug_info    0x00007953       0x8d src/cpuint.o
 .debug_info    0x000079e0     0x1616 src/driver_init.o
 .debug_info    0x00008ff6      0x81c src/eeprom.o
 .debug_info    0x00009812      0x9fa src/gateway.o
 .debug_info    0x0000a20c     0x145d src/i2c_master.o
 .debug_info    0x0000b669      0x973 src/i2c_simple_master.o
 .debug_info    0x0000bfdc      0x146 src/i2c_types.o
 .debug_info    0x0000c122      0xf7d src/loadcell.o
 .debug_info    0x0000d09f       0x8a src/protected_io.o
 .debug_info    0x0000d129      0xbb0 src/rtc.o
 .debug_info    0x0000dcd9      0x136 src/slpctrl.o
 .debug_info    0x0000de0f      0xf24 src/tca.o
 .debug_info    0x0000ed33      0xb90 src/usart.o
 .debug_info    0x0000f8c3      0x22d src/wdt.o
 .debug_info    0x0000faf0     0x124c src/zigbee.o

.debug_abbrev   0x00000000     0x50fd
 *(.debug_abbrev)
 .debug_abbrev  0x00000000     0x2de2 C:/Program Files (x86)/Atmel/Studio/7.0/Packs/atmel/AVR-Dx_DFP/1.8.95/gcc/dev/avr128da64/avrxmega4/crtavr128da64.o
 .debug_abbrev  0x00002de2       0xfd atmel_start.o
 .debug_abbrev  0x00002edf      0x1bc driver_isr.o
 .debug_abbrev  0x0000309b      0x41e main.o
 .debug_abbrev  0x000034b9      0x291 src/adc.o
 .debug_abbrev  0x0000374a       0xaf src/bod.o
 .debug_abbrev  0x000037f9      0x117 src/clkctrl.o
 .debug_abbrev  0x00003910       0x51 src/cpuint.o
 .debug_abbrev  0x00003961      0x26e src/driver_init.o
 .debug_abbrev  0x00003bcf      0x1de src/eeprom.o
 .debug_abbrev  0x00003dad      0x179 src/gateway.o
 .debug_abbrev  0x00003f26      0x340 src/i2c_master.o
 .debug_abbrev  0x00004266      0x15d src/i2c_simple_master.o
 .debug_abbrev  0x000043c3       0x9d src/i2c_types.o
 .debug_abbrev  0x00004460      0x30d src/loadcell.o
 .debug_abbrev  0x0000476d       0x14 src/protected_io.o
 .debug_abbrev  0x00004781      0x1cd src/rtc.o
 .debug_abbrev  0x0000494e       0xc4 src/slpctrl.o
 .debug_abbrev  0x00004a12      0x176 src/tca.o
 .debug_abbrev  0x00004b88      0x249 src/usart.o
 .debug_abbrev  0x00004dd1      0x105 src/wdt.o
 .debug_abbrev  0x00004ed6      0x227 src/zigbee.o

.debug_line     0x00000000     0x5ecf
 *(.debug_line .debug_line.* .debug_line_end)
 .debug_line    0x00000000      0x217 C:/Program Files (x86)/Atmel/Studio/7.0/Packs/atmel/AVR-Dx_DFP/1.8.95/gcc/dev/avr128da64/avrxmega4/crtavr128da64.o
 .debug_line    0x00000217       0xf9 atmel_start.o
 .debug_line    0x00000310      0x25f driver_isr.o
 .debug_line    0x0000056f     0x138d main.o
 .debug_line    0x000018fc      0x2a0 src/adc.o
 .debug_line    0x00001b9c      0x10c src/bod.o
 .debug_line    0x00001ca8      0x144 src/clkctrl.o
 .debug_line    0x00001dec       0xa5 src/cpuint.o
 .debug_line    0x00001e91      0x400 src/driver_init.o
 .debug_line    0x00002291      0x335 src/eeprom.o
 .debug_line    0x000025c6      0x330 src/gateway.o
 .debug_line    0x000028f6      0x852 src/i2c_master.o
 .debug_line    0x00003148      0x528 src/i2c_simple_master.o
 .debug_line    0x00003670       0xa2 src/i2c_types.o
 .debug_line    0x00003712      0xfa2 src/loadcell.o
 .debug_line    0x000046b4       0x5b src/protected_io.o
 .debug_line    0x0000470f      0x4dd src/rtc.o
 .debug_line    0x00004bec      0x120 src/slpctrl.o
 .debug_line    0x00004d0c      0x15b src/tca.o
 .debug_line    0x00004e67      0x2e4 src/usart.o
 .debug_line    0x0000514b      0x136 src/wdt.o
 .debug_line    0x00005281      0xc4e src/zigbee.o

.debug_frame    0x00000000     0x1060
 *(.debug_frame)
 .debug_frame   0x00000000       0x24 atmel_start.o
 .debug_frame   0x00000024       0xdc driver_isr.o
 .debug_frame   0x00000100      0x2ac main.o
 .debug_frame   0x000003ac       0x94 src/adc.o
 .debug_frame   0x00000440       0x24 src/bod.o
 .debug_frame   0x00000464       0x24 src/clkctrl.o
 .debug_frame   0x00000488       0x24 src/cpuint.o
 .debug_frame   0x000004ac       0x74 src/driver_init.o
 .debug_frame   0x00000520      0x140 src/eeprom.o
 .debug_frame   0x00000660       0x4c src/gateway.o
 .debug_frame   0x000006ac      0x2d4 src/i2c_master.o
 .debug_frame   0x00000980      0x1b4 src/i2c_simple_master.o
 .debug_frame   0x00000b34       0x54 src/i2c_types.o
 .debug_frame   0x00000b88      0x238 src/loadcell.o
 .debug_frame   0x00000dc0       0x7c src/rtc.o
 .debug_frame   0x00000e3c       0x34 src/slpctrl.o
 .debug_frame   0x00000e70       0x24 src/tca.o
 .debug_frame   0x00000e94       0xbc src/usart.o
 .debug_frame   0x00000f50       0x24 src/wdt.o
 .debug_frame   0x00000f74       0xec src/zigbee.o

.debug_str      0x00000000     0x3dfd
 *(.debug_str)
 .debug_str     0x00000000     0x14e3 C:/Program Files (x86)/Atmel/Studio/7.0/Packs/atmel/AVR-Dx_DFP/1.8.95/gcc/dev/avr128da64/avrxmega4/crtavr128da64.o
 .debug_str     0x000014e3      0x46a atmel_start.o
                                0x4e3 (size before relaxing)
 .debug_str     0x0000194d      0x28f driver_isr.o
                                0x769 (size before relaxing)
 .debug_str     0x00001bdc      0x4c4 main.o
                                0xb65 (size before relaxing)
 .debug_str     0x000020a0      0x543 src/adc.o
                                0xacf (size before relaxing)
 .debug_str     0x000025e3       0xcc src/bod.o
                                0x241 (size before relaxing)
 .debug_str     0x000026af      0x148 src/clkctrl.o
                                0x31a (size before relaxing)
 .debug_str     0x000027f7       0x1c src/cpuint.o
                                0x191 (size before relaxing)
 .debug_str     0x00002813      0x3fc src/driver_init.o
                                0xc29 (size before relaxing)
 .debug_str     0x00002c0f      0x287 src/eeprom.o
                                0x50f (size before relaxing)
 .debug_str     0x00002e96       0x2b src/gateway.o
                                0x51f (size before relaxing)
 .debug_str     0x00002ec1      0x740 src/i2c_master.o
                                0xd27 (size before relaxing)
 .debug_str     0x00003601      0x14e src/i2c_simple_master.o
                                0x409 (size before relaxing)
 .debug_str     0x0000374f       0x63 src/i2c_types.o
                                0x221 (size before relaxing)
 .debug_str     0x000037b2       0x96 src/loadcell.o
                                0x634 (size before relaxing)
 .debug_str     0x00003848       0x49 src/rtc.o
                                0x5fc (size before relaxing)
 .debug_str     0x00003891       0xb9 src/slpctrl.o
                                0x255 (size before relaxing)
 .debug_str     0x0000394a       0xfb src/tca.o
                                0x7b4 (size before relaxing)
 .debug_str     0x00003a45       0xef src/usart.o
                                0x69b (size before relaxing)
 .debug_str     0x00003b34      0x21e src/wdt.o
                                0x409 (size before relaxing)
 .debug_str     0x00003d52       0xab src/zigbee.o
                                0x5fe (size before relaxing)

.debug_loc      0x00000000     0x3dc2
 *(.debug_loc)
 .debug_loc     0x00000000      0x191 driver_isr.o
 .debug_loc     0x00000191      0xc36 main.o
 .debug_loc     0x00000dc7       0x94 src/adc.o
 .debug_loc     0x00000e5b      0x292 src/driver_init.o
 .debug_loc     0x000010ed      0x6ce src/eeprom.o
 .debug_loc     0x000017bb       0x58 src/gateway.o
 .debug_loc     0x00001813      0x538 src/i2c_master.o
 .debug_loc     0x00001d4b      0x97d src/i2c_simple_master.o
 .debug_loc     0x000026c8       0x98 src/i2c_types.o
 .debug_loc     0x00002760      0x952 src/loadcell.o
 .debug_loc     0x000030b2      0x199 src/rtc.o
 .debug_loc     0x0000324b       0x21 src/slpctrl.o
 .debug_loc     0x0000326c      0x186 src/usart.o
 .debug_loc     0x000033f2       0x2a src/wdt.o
 .debug_loc     0x0000341c      0x9a6 src/zigbee.o

.debug_macinfo
 *(.debug_macinfo)

.debug_weaknames
 *(.debug_weaknames)

.debug_funcnames
 *(.debug_funcnames)

.debug_typenames
 *(.debug_typenames)

.debug_varnames
 *(.debug_varnames)

.debug_pubtypes
 *(.debug_pubtypes)

.debug_ranges   0x00000000      0x588
 *(.debug_ranges)
 .debug_ranges  0x00000000       0x10 atmel_start.o
 .debug_ranges  0x00000010       0x28 driver_isr.o
 .debug_ranges  0x00000038      0x120 main.o
 .debug_ranges  0x00000158       0x48 src/adc.o
 .debug_ranges  0x000001a0       0x10 src/bod.o
 .debug_ranges  0x000001b0       0x10 src/clkctrl.o
 .debug_ranges  0x000001c0       0x10 src/cpuint.o
 .debug_ranges  0x000001d0       0x38 src/driver_init.o
 .debug_ranges  0x00000208       0x50 src/eeprom.o
 .debug_ranges  0x00000258       0x20 src/gateway.o
 .debug_ranges  0x00000278      0x138 src/i2c_master.o
 .debug_ranges  0x000003b0       0x68 src/i2c_simple_master.o
 .debug_ranges  0x00000418       0x28 src/i2c_types.o
 .debug_ranges  0x00000440       0x60 src/loadcell.o
 .debug_ranges  0x000004a0       0x30 src/rtc.o
 .debug_ranges  0x000004d0       0x18 src/slpctrl.o
 .debug_ranges  0x000004e8       0x10 src/tca.o
 .debug_ranges  0x000004f8       0x48 src/usart.o
 .debug_ranges  0x00000540       0x10 src/wdt.o
 .debug_ranges  0x00000550       0x38 src/zigbee.o

.debug_macro
 *(.debug_macro)
OUTPUT(Pig_Scales.elf elf32-avr)
LOAD linker stubs
