Archive member included to satisfy reference by file (symbol)

c:/program files (x86)/atmel/studio/7.0/toolchain/avr8/avr8-gnu-toolchain/bin/../lib/gcc/avr/5.4.0/../../../../avr/lib/avrxmega4\libm.a(addsf3.o)
                              src/i2c_master.o (__subsf3)
c:/program files (x86)/atmel/studio/7.0/toolchain/avr8/avr8-gnu-toolchain/bin/../lib/gcc/avr/5.4.0/../../../../avr/lib/avrxmega4\libm.a(addsf3x.o)
                              c:/program files (x86)/atmel/studio/7.0/toolchain/avr8/avr8-gnu-toolchain/bin/../lib/gcc/avr/5.4.0/../../../../avr/lib/avrxmega4\libm.a(addsf3.o) (__addsf3x)
c:/program files (x86)/atmel/studio/7.0/toolchain/avr8/avr8-gnu-toolchain/bin/../lib/gcc/avr/5.4.0/../../../../avr/lib/avrxmega4\libm.a(cmpsf2.o)
                              main.o (__ltsf2)
c:/program files (x86)/atmel/studio/7.0/toolchain/avr8/avr8-gnu-toolchain/bin/../lib/gcc/avr/5.4.0/../../../../avr/lib/avrxmega4\libm.a(divsf3.o)
                              main.o (__divsf3)
c:/program files (x86)/atmel/studio/7.0/toolchain/avr8/avr8-gnu-toolchain/bin/../lib/gcc/avr/5.4.0/../../../../avr/lib/avrxmega4\libm.a(divsf3x.o)
                              c:/program files (x86)/atmel/studio/7.0/toolchain/avr8/avr8-gnu-toolchain/bin/../lib/gcc/avr/5.4.0/../../../../avr/lib/avrxmega4\libm.a(divsf3.o) (__divsf3x)
c:/program files (x86)/atmel/studio/7.0/toolchain/avr8/avr8-gnu-toolchain/bin/../lib/gcc/avr/5.4.0/../../../../avr/lib/avrxmega4\libm.a(fixsfsi.o)
                              src/loadcell.o (__fixsfsi)
c:/program files (x86)/atmel/studio/7.0/toolchain/avr8/avr8-gnu-toolchain/bin/../lib/gcc/avr/5.4.0/../../../../avr/lib/avrxmega4\libm.a(fixunssfsi.o)
                              src/i2c_master.o (__fixunssfsi)
c:/program files (x86)/atmel/studio/7.0/toolchain/avr8/avr8-gnu-toolchain/bin/../lib/gcc/avr/5.4.0/../../../../avr/lib/avrxmega4\libm.a(floatsisf.o)
                              main.o (__floatunsisf)
c:/program files (x86)/atmel/studio/7.0/toolchain/avr8/avr8-gnu-toolchain/bin/../lib/gcc/avr/5.4.0/../../../../avr/lib/avrxmega4\libm.a(fp_cmp.o)
                              c:/program files (x86)/atmel/studio/7.0/toolchain/avr8/avr8-gnu-toolchain/bin/../lib/gcc/avr/5.4.0/../../../../avr/lib/avrxmega4\libm.a(cmpsf2.o) (__fp_cmp)
c:/program files (x86)/atmel/studio/7.0/toolchain/avr8/avr8-gnu-toolchain/bin/../lib/gcc/avr/5.4.0/../../../../avr/lib/avrxmega4\libm.a(fp_inf.o)
                              c:/program files (x86)/atmel/studio/7.0/toolchain/avr8/avr8-gnu-toolchain/bin/../lib/gcc/avr/5.4.0/../../../../avr/lib/avrxmega4\libm.a(addsf3x.o) (__fp_inf)
c:/program files (x86)/atmel/studio/7.0/toolchain/avr8/avr8-gnu-toolchain/bin/../lib/gcc/avr/5.4.0/../../../../avr/lib/avrxmega4\libm.a(fp_nan.o)
                              c:/program files (x86)/atmel/studio/7.0/toolchain/avr8/avr8-gnu-toolchain/bin/../lib/gcc/avr/5.4.0/../../../../avr/lib/avrxmega4\libm.a(addsf3x.o) (__fp_nan)
c:/program files (x86)/atmel/studio/7.0/toolchain/avr8/avr8-gnu-toolchain/bin/../lib/gcc/avr/5.4.0/../../../../avr/lib/avrxmega4\libm.a(fp_pscA.o)
                              c:/program files (x86)/atmel/studio/7.0/toolchain/avr8/avr8-gnu-toolchain/bin/../lib/gcc/avr/5.4.0/../../../../avr/lib/avrxmega4\libm.a(addsf3x.o) (__fp_pscA)
c:/program files (x86)/atmel/studio/7.0/toolchain/avr8/avr8-gnu-toolchain/bin/../lib/gcc/avr/5.4.0/../../../../avr/lib/avrxmega4\libm.a(fp_pscB.o)
                              c:/program files (x86)/atmel/studio/7.0/toolchain/avr8/avr8-gnu-toolchain/bin/../lib/gcc/avr/5.4.0/../../../../avr/lib/avrxmega4\libm.a(addsf3x.o) (__fp_pscB)
c:/program files (x86)/atmel/studio/7.0/toolchain/avr8/avr8-gnu-toolchain/bin/../lib/gcc/avr/5.4.0/../../../../avr/lib/avrxmega4\libm.a(fp_round.o)
                              c:/program files (x86)/atmel/studio/7.0/toolchain/avr8/avr8-gnu-toolchain/bin/../lib/gcc/avr/5.4.0/../../../../avr/lib/avrxmega4\libm.a(addsf3.o) (__fp_round)
c:/program files (x86)/atmel/studio/7.0/toolchain/avr8/avr8-gnu-toolchain/bin/../lib/gcc/avr/5.4.0/../../../../avr/lib/avrxmega4\libm.a(fp_split3.o)
                              c:/program files (x86)/atmel/studio/7.0/toolchain/avr8/avr8-gnu-toolchain/bin/../lib/gcc/avr/5.4.0/../../../../avr/lib/avrxmega4\libm.a(addsf3x.o) (__fp_split3)
c:/program files (x86)/atmel/studio/7.0/toolchain/avr8/avr8-gnu-toolchain/bin/../lib/gcc/avr/5.4.0/../../../../avr/lib/avrxmega4\libm.a(fp_zero.o)
                              c:/program files (x86)/atmel/studio/7.0/toolchain/avr8/avr8-gnu-toolchain/bin/../lib/gcc/avr/5.4.0/../../../../avr/lib/avrxmega4\libm.a(addsf3x.o) (__fp_zero)
c:/program files (x86)/atmel/studio/7.0/toolchain/avr8/avr8-gnu-toolchain/bin/../lib/gcc/avr/5.4.0/../../../../avr/lib/avrxmega4\libm.a(gesf2.o)
                              main.o (__gtsf2)
c:/program files (x86)/atmel/studio/7.0/toolchain/avr8/avr8-gnu-toolchain/bin/../lib/gcc/avr/5.4.0/../../../../avr/lib/avrxmega4\libm.a(mulsf3.o)
[...]
Memory Configuration

Name             Origin             Length             Attributes
text             0x00000000         0x00020000         xr
data             0x00804000         0x00004000         rw !x
eeprom           0x00810000         0x00000200         rw !x
fuse             0x00820000         0x00000010         rw !x
lock             0x00830000         0x00000400         rw !x
signature        0x00840000         0x00000400         rw !x
user_signatures  0x00850000         0x00000400         rw !x
*default*        0x00000000         0xffffffff

Linker script and memory map

Address of section .data set to 0x804000
                0x00008000                __RODATA_PM_OFFSET__ = 0x8000
LOAD C:/Program Files (x86)/Atmel/Studio/7.0/Packs/atmel/AVR-Dx_DFP/1.8.95/gcc/dev/avr128da64/avrxmega4/crtavr128da64.o
LOAD atmel_start.o
LOAD driver_isr.o
LOAD main.o
LOAD src/adc.o
LOAD src/bod.o
LOAD src/clkctrl.o
LOAD src/cpuint.o
LOAD src/driver_init.o
LOAD src/eeprom.o
LOAD src/gateway.o
LOAD src/i2c_master.o
LOAD src/i2c_simple_master.o
LOAD src/i2c_types.o
LOAD src/loadcell.o
LOAD src/protected_io.o
LOAD src/pwm.o
LOAD src/rtc.o
LOAD src/slpctrl.o
LOAD src/tca.o
LOAD src/usart.o
LOAD src/wdt.o
LOAD src/zigbee.o
START GROUP
LOAD c:/program files (x86)/atmel/studio/7.0/toolchain/avr8/avr8-gnu-toolchain/bin/../lib/gcc/avr/5.4.0/../../../../avr/lib/avrxmega4\libm.a
LOAD c:/program files (x86)/atmel/studio/7.0/toolchain/avr8/avr8-gnu-toolchain/bin/../lib/gcc/avr/5.4.0/../../../../avr/lib/avrxmega4\libprintf_flt.a
LOAD c:/program files (x86)/atmel/studio/7.0/toolchain/avr8/avr8-gnu-toolchain/bin/../lib/gcc/avr/5.4.0/../../../../avr/lib/avrxmega4\libscanf_flt.a
END GROUP
Address of section .text set to 0x600
START GROUP
LOAD c:/program files (x86)/atmel/studio/7.0/toolchain/avr8/avr8-gnu-toolchain/bin/../lib/gcc/avr/5.4.0/avrxmega4\libgcc.a
LOAD c:/program files (x86)/atmel/studio/7.0/toolchain/avr8/avr8-gnu-toolchain/bin/../lib/gcc/avr/5.4.0/../../../../avr/lib/avrxmega4\libm.a
LOAD c:/program files (x86)/atmel/studio/7.0/toolchain/avr8/avr8-gnu-toolchain/bin/../lib/gcc/avr/5.4.0/../../../../avr/lib/avrxmega4\libc.a
LOAD C:/Program Files (x86)/Atmel/Studio/7.0/Packs/atmel/AVR-Dx_DFP/1.8.95/gcc/dev/avr128da64/avrxmega4\libavr128da64.a
END GROUP
                [0x00000000]                __TEXT_REGION_ORIGIN__ = DEFINED (__TEXT_REGION_ORIGIN__)?__TEXT_REGION_ORIGIN__:0x0
                [0x00804000]                __DATA_REGION_ORIGIN__ = DEFINED (__DATA_REGION_ORIGIN__)?__DATA_REGION_ORIGIN__:0x802000
                [0x00020000]                __TEXT_REGION_LENGTH__ = DEFINED (__TEXT_REGION_LENGTH__)?__TEXT_REGION_LENGTH__:0x100000
                [0x00004000]                __DATA_REGION_LENGTH__ = DEFINED (__DATA_REGION_LENGTH__)?__DATA_REGION_LENGTH__:0xffa0
                [0x00000200]                __EEPROM_REGION_LENGTH__ = DEFINED (__EEPROM_REGION_LENGTH__)?__EEPROM_REGION_LENGTH__:0x10000
                [0x00000010]                __FUSE_REGION_LENGTH__ = DEFINED (__FUSE_REGION_LENGTH__)?__FUSE_REGION_LENGTH__:0x400
                0x00000400                __LOCK_REGION_LENGTH__ = DEFINED (__LOCK_REGION_LENGTH__)?__LOCK_REGION_LENGTH__:0x400
                0x00000400                __SIGNATURE_REGION_LENGTH__ = DEFINED (__SIGNATURE_REGION_LENGTH__)?__SIGNATURE_REGION_LENGTH__:0x400
                0x00000400                __USER_SIGNATURE_REGION_LENGTH__ = DEFINED (__USER_SIGNATURE_REGION_LENGTH__)?__USER_SIGNATURE_REGION_LENGTH__:0x400

.hash
 *(.hash)

.dynsym
 *(.dynsym)

.dynstr
 *(.dynstr)

.gnu.version
 *(.gnu.version)

.gnu.version_d
 *(.gnu.version_d)

.gnu.version_r
 *(.gnu.version_r)

.rel.init
 *(.rel.init)

.rela.init
 *(.rela.init)

.rel.text
 *(.rel.text)
 *(.rel.text.*)
 *(.rel.gnu.linkonce.t*)

.rela.text
 *(.rela.text)
 *(.rela.text.*)
 *(.rela.gnu.linkonce.t*)

.rel.fini
 *(.rel.fini)

.rela.fini
 *(.rela.fini)

.rel.rodata
 *(.rel.rodata)
 *(.rel.rodata.*)
 *(.rel.gnu.linkonce.r*)

.rela.rodata
 *(.rela.rodata)
 *(.rela.rodata.*)
 *(.rela.gnu.linkonce.r*)

.rel.data
 *(.rel.data)
 *(.rel.data.*)
 *(.rel.gnu.linkonce.d*)

.rela.data
 *(.rela.data)
 *(.rela.data.*)
 *(.rela.gnu.linkonce.d*)

.rel.ctors
 *(.rel.ctors)

.rela.ctors
 *(.rela.ctors)

.rel.dtors
 *(.rel.dtors)

.rela.dtors
 *(.rela.dtors)

.rel.got
 *(.rel.got)

.rela.got
 *(.rela.got)

.rel.bss
 *(.rel.bss)

.rela.bss
 *(.rela.bss)

.rel.plt
 *(.rel.plt)

.rela.plt
 *(.rela.plt)

.text           0x00000600     0x746a
 *(.vectors)
 .vectors       0x00000600      0x100 C:/Program Files (x86)/Atmel/Studio/7.0/Packs/atmel/AVR-Dx_DFP/1.8.95/gcc/dev/avr128da64/avrxmega4/crtavr128da64.o
                0x00000600                __vector_default
                0x00000600                __vectors
 *(.vectors)
 *(.progmem.gcc*)
 .progmem.gcc_sw_table.Loadcell_Set
                0x00000700       0x10 src/loadcell.o
 .progmem.gcc_sw_table.RTC_Time_Write
                0x00000710        0xe src/rtc.o
 .progmem.gcc_sw_table.RTC_Set
                0x0000071e        0xe src/rtc.o
                0x0000072c                . = ALIGN (0x2)
                0x0000072c                __trampolines_start = .
 *(.trampolines)
 .trampolines   0x0000072c        0x0 linker stubs
 *(.trampolines*)
                0x0000072c                __trampolines_end = .
 *libprintf_flt.a:*(.progmem.data)
 .progmem.data  0x0000072c        0x8 c:/program files (x86)/atmel/studio/7.0/toolchain/avr8/avr8-gnu-toolchain/bin/../lib/gcc/avr/5.4.0/../../../../avr/lib/avrxmega4\libprintf_flt.a(vfprintf_flt.o)
 *libc.a:*(.progmem.data)
 .progmem.data  0x00000734       0xfa c:/program files (x86)/atmel/studio/7.0/toolchain/avr8/avr8-gnu-toolchain/bin/../lib/gcc/avr/5.4.0/../../../../avr/lib/avrxmega4\libc.a(ftoa_engine.o)
 *(.progmem*)
                0x0000082e                . = ALIGN (0x2)
 *(.jumptables)
 *(.jumptables*)
 *(.lowtext)
 *(.lowtext*)
                0x0000082e                __ctors_start = .
 *(.ctors)
                0x0000082e                __ctors_end = .
                0x0000082e                __dtors_start = .
 *(.dtors)
                0x0000082e                __dtors_end = .
 SORT(*)(.ctors)
 SORT(*)(.dtors)
 *(.init0)
 .init0         0x0000082e        0x0 C:/Program Files (x86)/Atmel/Studio/7.0/Packs/atmel/AVR-Dx_DFP/1.8.95/gcc/dev/avr128da64/avrxmega4/crtavr128da64.o
                0x0000082e                __init
 *(.init0)
 *(.init1)
 *(.init1)
 *(.init2)
 .init2         0x0000082e        0xc C:/Program Files (x86)/Atmel/Studio/7.0/Packs/atmel/AVR-Dx_DFP/1.8.95/gcc/dev/avr128da64/avrxmega4/crtavr128da64.o
 *(.init2)
 *(.init3)
 *(.init3)
 *(.init4)
 .init4         0x0000083a       0x1a c:/program files (x86)/atmel/studio/7.0/toolchain/avr8/avr8-gnu-toolchain/bin/../lib/gcc/avr/5.4.0/avrxmega4\libgcc.a(_copy_data.o)
                0x0000083a                __do_copy_data
 .init4         0x00000854       0x10 c:/program files (x86)/atmel/studio/7.0/toolchain/avr8/avr8-gnu-toolchain/bin/../lib/gcc/avr/5.4.0/avrxmega4\libgcc.a(_clear_bss.o)
                0x00000854                __do_clear_bss
 *(.init4)
 *(.init5)
 *(.init5)
 *(.init6)
 *(.init6)
 *(.init7)
 *(.init7)
 *(.init8)
 *(.init8)
 *(.init9)
 .init9         0x00000864        0x8 C:/Program Files (x86)/Atmel/Studio/7.0/Packs/atmel/AVR-Dx_DFP/1.8.95/gcc/dev/avr128da64/avrxmega4/crtavr128da64.o
 *(.init9)
 *(.text)
 .text          0x0000086c        0x4 C:/Program Files (x86)/Atmel/Studio/7.0/Packs/atmel/AVR-Dx_DFP/1.8.95/gcc/dev/avr128da64/avrxmega4/crtavr128da64.o
                0x0000086c                __vector_38
                0x0000086c                __vector_22
                0x0000086c                __vector_63
                0x0000086c                __vector_28
                0x0000086c                __vector_1
                0x0000086c                __vector_32
                0x0000086c                __vector_34
                0x0000086c                __vector_62
                0x0000086c                __vector_24
                0x0000086c                __vector_12
                0x0000086c                __vector_55
                0x0000086c                __bad_interrupt
                0x0000086c                __vector_6
                0x0000086c                __vector_35
                0x0000086c                __vector_39
                0x0000086c                __vector_3
                0x0000086c                __vector_23
                0x0000086c                __vector_30
                0x0000086c                __vector_45
                0x0000086c                __vector_25
                0x0000086c                __vector_61
                0x0000086c                __vector_11
                0x0000086c                __vector_54
                0x0000086c                __vector_13
                0x0000086c                __vector_17
                0x0000086c                __vector_19
                0x0000086c                __vector_56
                0x0000086c                __vector_7
                0x0000086c                __vector_49
                0x0000086c                __vector_41
                0x0000086c                __vector_27
                0x0000086c                __vector_5
                0x0000086c                __vector_33
                0x0000086c                __vector_47
                0x0000086c                __vector_37
                0x0000086c                __vector_4
                0x0000086c                __vector_44
                0x0000086c                __vector_51
                0x0000086c                __vector_9
                0x0000086c                __vector_2
                0x0000086c                __vector_21
                0x0000086c                __vector_15
                0x0000086c                __vector_36
                0x0000086c                __vector_58
                0x0000086c                __vector_29
                0x0000086c                __vector_60
                0x0000086c                __vector_40
                0x0000086c                __vector_8
                0x0000086c                __vector_26
                0x0000086c                __vector_48
                0x0000086c                __vector_14
                0x0000086c                __vector_57
                0x0000086c                __vector_53
                0x0000086c                __vector_10
                0x0000086c                __vector_50
                0x0000086c                __vector_16
                0x0000086c                __vector_59
                0x0000086c                __vector_18
                0x0000086c                __vector_20
                0x0000086c                __vector_42
                0x00000870                . = ALIGN (0x2)
 *(.text.*)
 .text.atmel_start_init
                0x00000870        0x6 atmel_start.o
                0x00000870                atmel_start_init
 .text.Beep     0x00000876       0x10 driver_isr.o
                0x00000876                Beep
 .text.__vector_31
                0x00000886       0x58 driver_isr.o
                0x00000886                __vector_31
 .text.__vector_52
                0x000008de       0x58 driver_isr.o
                0x000008de                __vector_52
 .text.__vector_46
                0x00000936       0xd0 driver_isr.o
                0x00000936                __vector_46
 .text.std_putchar
                0x00000a06       0x28 main.o
                0x00000a06                std_putchar
 .text.MCU_Init
                0x00000a2e       0x44 main.o
                0x00000a2e                MCU_Init
 .text.Fnd_Display
                0x00000a72      0x114 main.o
                0x00000a72                Fnd_Display
 .text.FND_Value_Data
                0x00000b86       0x34 main.o
                0x00000b86                FND_Value_Data
 .text.Key_Scan
                0x00000bba      0x194 main.o
                0x00000bba                Key_Scan
 .text.Read_eeprom
                0x00000d4e      0x20a main.o
                0x00000d4e                Read_eeprom
 .text.Alarm    0x00000f58       0x36 main.o
                0x00000f58                Alarm
 .text.Room_Desplay
                0x00000f8e       0xaa main.o
                0x00000f8e                Room_Desplay
 .text.Stal_Desplay
                0x00001038       0xaa main.o
                0x00001038                Stal_Desplay
 .text.Check_Value
                0x000010e2      0x2c4 main.o
                0x000010e2                Check_Value
 .text.Send_To_Server_0
                0x000013a6      0x132 main.o
                0x000013a6                Send_To_Server_0
 .text.Send_To_Server_1
                0x000014d8       0x8e main.o
                0x000014d8                Send_To_Server_1
 .text.Receiv_PC
                0x00001566      0x2f2 main.o
                0x00001566                Receiv_PC
 .text.ADC_Check
                0x00001858       0x9e main.o
                0x00001858                ADC_Check
 .text.Proportion_Set
                0x000018f6       0xd4 main.o
                0x000018f6                Proportion_Set
 .text.Var_Init
                0x000019ca       0x64 main.o
                0x000019ca                Var_Init
 .text.wdt_reset
                0x00001a2e        0x4 main.o
                0x00001a2e                wdt_reset
 .text.Seting_Mode_0
                0x00001a32      0x146 main.o
                0x00001a32                Seting_Mode_0
 .text.Seting_Mode_1
                0x00001b78      0x3b6 main.o
                0x00001b78                Seting_Mode_1
 .text.main     0x00001f2e      0x26a main.o
                0x00001f2e                main
 .text.ADC_init
                0x00002198       0x10 src/adc.o
                0x00002198                ADC_init
 .text.ADC_start_conversion
                0x000021a8       0x12 src/adc.o
                0x000021a8                ADC_start_conversion
 .text.ADC_is_conversion_done
                0x000021ba        0x8 src/adc.o
                0x000021ba                ADC_is_conversion_done
 .text.ADC_get_conversion_result
                0x000021c2        0xa src/adc.o
                0x000021c2                ADC_get_conversion_result
 .text.ADC_get_conversion
                0x000021cc       0x1c src/adc.o
                0x000021cc                ADC_get_conversion
 .text.VREF_ADC_init
                0x000021e8        0xe src/adc.o
                0x000021e8                VREF_ADC_init
 .text.BOD_init
                0x000021f6        0x8 src/bod.o
                0x000021f6                BOD_init
 .text.CLKCTRL_init
                0x000021fe       0x18 src/clkctrl.o
                0x000021fe                CLKCTRL_init
 .text.CPUINT_init
                0x00002216        0x4 src/cpuint.o
                0x00002216                CPUINT_init
 .text.mcu_init
                0x0000221a       0xaa src/driver_init.o
                0x0000221a                mcu_init
 .text.I2C_0_initialization
                0x000022c4       0x4a src/driver_init.o
                0x000022c4                I2C_0_initialization
 .text.USART_1_initialization
                0x0000230e       0x20 src/driver_init.o
                0x0000230e                USART_1_initialization
 .text.USART_3_initialization
                0x0000232e       0x20 src/driver_init.o
                0x0000232e                USART_3_initialization
 .text.ADC_initialization
                0x0000234e       0x20 src/driver_init.o
                0x0000234e                ADC_initialization
 .text.system_init
                0x0000236e       0x2e src/driver_init.o
                0x0000236e                system_init
 .text.ee_read_byte
                0x0000239c       0x14 src/eeprom.o
                0x0000239c                ee_read_byte
 .text.ee_read_word
                0x000023b0       0x16 src/eeprom.o
                0x000023b0                ee_read_word
 .text.ee_read_dword
                0x000023c6       0x1a src/eeprom.o
                0x000023c6                ee_read_dword
 .text.ee_write_byte
                0x000023e0       0x46 src/eeprom.o
                0x000023e0                ee_write_byte
 .text.ee_write_word
                0x00002426       0x3a src/eeprom.o
                0x00002426                ee_write_word
 .text.ee_write_dword
                0x00002460       0x50 src/eeprom.o
                0x00002460                ee_write_dword
 .text.Gukbun_Set
                0x000024b0       0xae src/gateway.o
                0x000024b0                Gukbun_Set
 .text.Gwid_Set
                0x0000255e       0xae src/gateway.o
                0x0000255e                Gwid_Set
 .text.Gateway_Set
                0x0000260c      0x136 src/gateway.o
                0x0000260c                Gateway_Set
 .text.I2C_0_do_I2C_RESET
                0x00002742       0x20 src/i2c_master.o
 .text.I2C_0_do_I2C_IDLE
                0x00002762       0x10 src/i2c_master.o
 .text.I2C_0_do_I2C_SEND_STOP
                0x00002772       0x10 src/i2c_master.o
 .text.I2C_0_do_I2C_SEND_ADR_READ
                0x00002782       0x1c src/i2c_master.o
 .text.I2C_0_do_I2C_SEND_RESTART
                0x0000279e        0x6 src/i2c_master.o
 .text.I2C_0_do_I2C_SEND_RESTART_READ
                0x000027a4        0x6 src/i2c_master.o
 .text.I2C_0_do_I2C_SEND_ADR_WRITE
                0x000027aa       0x16 src/i2c_master.o
 .text.I2C_0_do_I2C_SEND_RESTART_WRITE
                0x000027c0        0x6 src/i2c_master.o
 .text.I2C_0_do_I2C_DO_ADDRESS_NACK
                0x000027c6       0x40 src/i2c_master.o
 .text.I2C_0_do_I2C_RX_DO_ACK
                0x00002806        0xe src/i2c_master.o
 .text.I2C_0_do_I2C_TX_DO_ACK
                0x00002814        0xe src/i2c_master.o
 .text.I2C_0_do_I2C_DO_NACK_STOP
                0x00002822       0x16 src/i2c_master.o
 .text.I2C_0_do_I2C_DO_NACK_RESTART
                0x00002838        0xe src/i2c_master.o
 .text.I2C_0_do_I2C_TX
                0x00002846       0x6c src/i2c_master.o
 .text.I2C_0_do_I2C_RX
                0x000028b2       0xba src/i2c_master.o
 .text.I2C_0_do_I2C_TX_EMPTY
                0x0000296c       0x7a src/i2c_master.o
 .text.I2C_0_do_I2C_BUS_COLLISION
                0x000029e6       0x44 src/i2c_master.o
 .text.I2C_0_do_I2C_BUS_ERROR
                0x00002a2a       0x22 src/i2c_master.o
 .text.I2C_0_master_isr
                0x00002a4c       0x60 src/i2c_master.o
 .text.I2C_0_return_stop
                0x00002aac        0x4 src/i2c_master.o
 .text.I2C_0_return_reset
                0x00002ab0        0x4 src/i2c_master.o
 .text.I2C_0_set_callback
                0x00002ab4       0x52 src/i2c_master.o
 .text.I2C_0_set_data_complete_callback
                0x00002b06        0xc src/i2c_master.o
                0x00002b06                I2C_0_set_data_complete_callback
 .text.I2C_0_set_address_nack_callback
                0x00002b12        0xc src/i2c_master.o
                0x00002b12                I2C_0_set_address_nack_callback
 .text.I2C_0_init
                0x00002b1e        0xe src/i2c_master.o
                0x00002b1e                I2C_0_init
 .text.I2C_0_open
                0x00002b2c       0x7a src/i2c_master.o
                0x00002b2c                I2C_0_open
 .text.I2C_0_close
                0x00002ba6       0x50 src/i2c_master.o
                0x00002ba6                I2C_0_close
 .text.I2C_0_set_buffer
                0x00002bf6       0x1e src/i2c_master.o
                0x00002bf6                I2C_0_set_buffer
 .text.I2C_0_master_operation
                0x00002c14       0x2e src/i2c_master.o
                0x00002c14                I2C_0_master_operation
 .text.I2C_0_master_write
                0x00002c42        0x8 src/i2c_master.o
                0x00002c42                I2C_0_master_write
 .text.__vector_43
                0x00002c4a       0x50 src/i2c_master.o
                0x00002c4a                __vector_43
 .text.I2C_0_wr1RegCompleteHandler
                0x00002c9a       0x18 src/i2c_simple_master.o
 .text.I2C_0_rd1RegCompleteHandler
                0x00002cb2       0x18 src/i2c_simple_master.o
 .text.I2C_0_write1ByteRegister
                0x00002cca       0x88 src/i2c_simple_master.o
                0x00002cca                I2C_0_write1ByteRegister
 .text.I2C_0_read1ByteRegister
                0x00002d52       0x80 src/i2c_simple_master.o
                0x00002d52                I2C_0_read1ByteRegister
 .text.i2c_cb_restart_write
                0x00002dd2        0x4 src/i2c_types.o
                0x00002dd2                i2c_cb_restart_write
 .text.Cell_Desplay
                0x00002dd6      0x1f4 src/loadcell.o
                0x00002dd6                Cell_Desplay
 .text.Load_Cell_Read
                0x00002fca       0xe6 src/loadcell.o
                0x00002fca                Load_Cell_Read
 .text.Cell_Zero_Set
                0x000030b0       0x94 src/loadcell.o
                0x000030b0                Cell_Zero_Set
 .text.Read_Load_Cell
                0x00003144      0x15a src/loadcell.o
                0x00003144                Read_Load_Cell
 .text.IN_Scales_Set
                0x0000329e      0x36c src/loadcell.o
                0x0000329e                IN_Scales_Set
 .text.RO_Set   0x0000360a      0xa68 src/loadcell.o
                0x0000360a                RO_Set
 .text.Interval_Set
                0x00004072      0x1d0 src/loadcell.o
                0x00004072                Interval_Set
 .text.CAPA_Set
                0x00004242      0x34a src/loadcell.o
                0x00004242                CAPA_Set
 .text.CNT_Set  0x0000458c       0xb0 src/loadcell.o
                0x0000458c                CNT_Set
 .text.ID_Set   0x0000463c       0xb0 src/loadcell.o
                0x0000463c                ID_Set
 .text.Loadcell_Set
                0x000046ec      0x652 src/loadcell.o
                0x000046ec                Loadcell_Set
 .text.protected_write_io
                0x00004d3e        0xa src/protected_io.o
                0x00004d3e                protected_write_io
 .text.RTC_Single_Read
                0x00004d48       0x1e src/rtc.o
                0x00004d48                RTC_Single_Read
 .text.RTC_Time_Read
                0x00004d66       0x46 src/rtc.o
                0x00004d66                RTC_Time_Read
 .text.RTC_Single_Write
                0x00004dac       0x30 src/rtc.o
                0x00004dac                RTC_Single_Write
 .text.RTC_Time_Write
                0x00004ddc       0x5c src/rtc.o
                0x00004ddc                RTC_Time_Write
 .text.RTC_Set  0x00004e38      0x6a8 src/rtc.o
                0x00004e38                RTC_Set
 .text.SLPCTRL_init
                0x000054e0        0x4 src/slpctrl.o
                0x000054e0                SLPCTRL_init
 .text.TIMER_1_init
                0x000054e4       0x18 src/tca.o
                0x000054e4                TIMER_1_init
 .text.USART_1_init
                0x000054fc       0x18 src/usart.o
                0x000054fc                USART_1_init
 .text.USART1_Write
                0x00005514       0x12 src/usart.o
                0x00005514                USART1_Write
 .text.USART_3_init
                0x00005526       0x18 src/usart.o
                0x00005526                USART_3_init
 .text.USART3_Write
                0x0000553e       0x12 src/usart.o
                0x0000553e                USART3_Write
 .text.USART3_SendString
                0x00005550       0x3c src/usart.o
                0x00005550                USART3_SendString
 .text.Rx3_Buff_Clear
                0x0000558c       0x14 src/usart.o
                0x0000558c                Rx3_Buff_Clear
 .text.WDT_init
                0x000055a0       0x10 src/wdt.o
                0x000055a0                WDT_init
 .text.ZigBee_Write_id
                0x000055b0      0x1cc src/zigbee.o
                0x000055b0                ZigBee_Write_id
 .text.ZigBee_PanID_Write
                0x0000577c      0x55e src/zigbee.o
                0x0000577c                ZigBee_PanID_Write
 .text.ZigBee_Write_ch
                0x00005cda      0x1e6 src/zigbee.o
                0x00005cda                ZigBee_Write_ch
 .text.ZigBee_Channel_Write
                0x00005ec0       0x9c src/zigbee.o
                0x00005ec0                ZigBee_Channel_Write
 .text.ZigBee_Read
                0x00005f5c      0x2c4 src/zigbee.o
                0x00005f5c                ZigBee_Read
 .text.ZigBee_Set
                0x00006220      0x2c6 src/zigbee.o
                0x00006220                ZigBee_Set
 .text.avr-libc.fplib
                0x000064e6        0xe c:/program files (x86)/atmel/studio/7.0/toolchain/avr8/avr8-gnu-toolchain/bin/../lib/gcc/avr/5.4.0/../../../../avr/lib/avrxmega4\libm.a(addsf3.o)
                0x000064e6                __subsf3
                0x000064e8                __addsf3
 .text.avr-libc.fplib
                0x000064f4       0xcc c:/program files (x86)/atmel/studio/7.0/toolchain/avr8/avr8-gnu-toolchain/bin/../lib/gcc/avr/5.4.0/../../../../avr/lib/avrxmega4\libm.a(addsf3x.o)
                0x00006516                __addsf3x
 .text.avr-libc.fplib
                0x000065c0        0xa c:/program files (x86)/atmel/studio/7.0/toolchain/avr8/avr8-gnu-toolchain/bin/../lib/gcc/avr/5.4.0/../../../../avr/lib/avrxmega4\libm.a(cmpsf2.o)
                0x000065c0                __nesf2
                0x000065c0                __eqsf2
                0x000065c0                __cmpsf2
                0x000065c0                __ltsf2
                0x000065c0                __lesf2
 .text.avr-libc.fplib
                0x000065ca        0x8 c:/program files (x86)/atmel/studio/7.0/toolchain/avr8/avr8-gnu-toolchain/bin/../lib/gcc/avr/5.4.0/../../../../avr/lib/avrxmega4\libm.a(divsf3.o)
                0x000065ca                __divsf3
 .text.avr-libc.fplib
                0x000065d2       0xdc c:/program files (x86)/atmel/studio/7.0/toolchain/avr8/avr8-gnu-toolchain/bin/../lib/gcc/avr/5.4.0/../../../../avr/lib/avrxmega4\libm.a(divsf3x.o)
                0x000065f2                __divsf3x
                0x000065f8                __divsf3_pse
 .text.avr-libc.fplib
                0x000066ae        0xe c:/program files (x86)/atmel/studio/7.0/toolchain/avr8/avr8-gnu-toolchain/bin/../lib/gcc/avr/5.4.0/../../../../avr/lib/avrxmega4\libm.a(fixsfsi.o)
                0x000066ae                __fixsfsi
 .text.avr-libc.fplib
                0x000066bc       0x5e c:/program files (x86)/atmel/studio/7.0/toolchain/avr8/avr8-gnu-toolchain/bin/../lib/gcc/avr/5.4.0/../../../../avr/lib/avrxmega4\libm.a(fixunssfsi.o)
                0x000066bc                __fixunssfsi
 .text.avr-libc.fplib
                0x0000671a       0x7a c:/program files (x86)/atmel/studio/7.0/toolchain/avr8/avr8-gnu-toolchain/bin/../lib/gcc/avr/5.4.0/../../../../avr/lib/avrxmega4\libm.a(floatsisf.o)
                0x0000671a                __floatunsisf
                0x0000671e                __floatsisf
 .text.avr-libc.fplib
                0x00006794       0x48 c:/program files (x86)/atmel/studio/7.0/toolchain/avr8/avr8-gnu-toolchain/bin/../lib/gcc/avr/5.4.0/../../../../avr/lib/avrxmega4\libm.a(fp_cmp.o)
                0x00006794                __fp_cmp
 .text.avr-libc.fplib
                0x000067dc        0xc c:/program files (x86)/atmel/studio/7.0/toolchain/avr8/avr8-gnu-toolchain/bin/../lib/gcc/avr/5.4.0/../../../../avr/lib/avrxmega4\libm.a(fp_inf.o)
                0x000067dc                __fp_inf
 .text.avr-libc.fplib
                0x000067e8        0x6 c:/program files (x86)/atmel/studio/7.0/toolchain/avr8/avr8-gnu-toolchain/bin/../lib/gcc/avr/5.4.0/../../../../avr/lib/avrxmega4\libm.a(fp_nan.o)
                0x000067e8                __fp_nan
 .text.avr-libc.fplib
                0x000067ee        0xe c:/program files (x86)/atmel/studio/7.0/toolchain/avr8/avr8-gnu-toolchain/bin/../lib/gcc/avr/5.4.0/../../../../avr/lib/avrxmega4\libm.a(fp_pscA.o)
                0x000067ee                __fp_pscA
 .text.avr-libc.fplib
                0x000067fc        0xe c:/program files (x86)/atmel/studio/7.0/toolchain/avr8/avr8-gnu-toolchain/bin/../lib/gcc/avr/5.4.0/../../../../avr/lib/avrxmega4\libm.a(fp_pscB.o)
                0x000067fc                __fp_pscB
 .text.avr-libc.fplib
                0x0000680a       0x22 c:/program files (x86)/atmel/studio/7.0/toolchain/avr8/avr8-gnu-toolchain/bin/../lib/gcc/avr/5.4.0/../../../../avr/lib/avrxmega4\libm.a(fp_round.o)
                0x0000680a                __fp_round
 .text.avr-libc.fplib
                0x0000682c       0x44 c:/program files (x86)/atmel/studio/7.0/toolchain/avr8/avr8-gnu-toolchain/bin/../lib/gcc/avr/5.4.0/../../../../avr/lib/avrxmega4\libm.a(fp_split3.o)
                0x0000682c                __fp_split3
                0x0000683c                __fp_splitA
 .text.avr-libc.fplib
                0x00006870        0xe c:/program files (x86)/atmel/studio/7.0/toolchain/avr8/avr8-gnu-toolchain/bin/../lib/gcc/avr/5.4.0/../../../../avr/lib/avrxmega4\libm.a(fp_zero.o)
                0x00006870                __fp_zero
                0x00006872                __fp_szero
 .text.avr-libc.fplib
                0x0000687e        0xa c:/program files (x86)/atmel/studio/7.0/toolchain/avr8/avr8-gnu-toolchain/bin/../lib/gcc/avr/5.4.0/../../../../avr/lib/avrxmega4\libm.a(gesf2.o)
                0x0000687e                __gesf2
                0x0000687e                __gtsf2
 .text.avr-libc.fplib
                0x00006888        0x8 c:/program files (x86)/atmel/studio/7.0/toolchain/avr8/avr8-gnu-toolchain/bin/../lib/gcc/avr/5.4.0/../../../../avr/lib/avrxmega4\libm.a(mulsf3.o)
                0x00006888                __mulsf3
 .text.avr-libc.fplib
                0x00006890       0xd2 c:/program files (x86)/atmel/studio/7.0/toolchain/avr8/avr8-gnu-toolchain/bin/../lib/gcc/avr/5.4.0/../../../../avr/lib/avrxmega4\libm.a(mulsf3x.o)
                0x000068ae                __mulsf3x
                0x000068b4                __mulsf3_pse
 .text.avr-libc
                0x00006962      0x740 c:/program files (x86)/atmel/studio/7.0/toolchain/avr8/avr8-gnu-toolchain/bin/../lib/gcc/avr/5.4.0/../../../../avr/lib/avrxmega4\libprintf_flt.a(vfprintf_flt.o)
                0x00006962                vfprintf
 .text.libgcc.div
                0x000070a2       0x28 c:/program files (x86)/atmel/studio/7.0/toolchain/avr8/avr8-gnu-toolchain/bin/../lib/gcc/avr/5.4.0/avrxmega4\libgcc.a(_divmodhi4.o)
                0x000070a2                _div
                0x000070a2                __divmodhi4
 .text.libgcc.div
                0x000070ca       0x44 c:/program files (x86)/atmel/studio/7.0/toolchain/avr8/avr8-gnu-toolchain/bin/../lib/gcc/avr/5.4.0/avrxmega4\libgcc.a(_udivmodsi4.o)
                0x000070ca                __udivmodsi4
 .text.libgcc.div
                0x0000710e       0x2e c:/program files (x86)/atmel/studio/7.0/toolchain/avr8/avr8-gnu-toolchain/bin/../lib/gcc/avr/5.4.0/avrxmega4\libgcc.a(_divmodsi4.o)
                0x0000710e                __divmodsi4
 .text.libgcc.div
                0x0000713c       0x10 c:/program files (x86)/atmel/studio/7.0/toolchain/avr8/avr8-gnu-toolchain/bin/../lib/gcc/avr/5.4.0/avrxmega4\libgcc.a(_negsi2.o)
                0x0000713c                __negsi2
 .text.libgcc   0x0000714c       0x12 c:/program files (x86)/atmel/studio/7.0/toolchain/avr8/avr8-gnu-toolchain/bin/../lib/gcc/avr/5.4.0/avrxmega4\libgcc.a(_tablejump2.o)
                0x0000714c                __tablejump2__
 .text.libgcc.mul
                0x0000715e       0x1e c:/program files (x86)/atmel/studio/7.0/toolchain/avr8/avr8-gnu-toolchain/bin/../lib/gcc/avr/5.4.0/avrxmega4\libgcc.a(_umulhisi3.o)
                0x0000715e                __umulhisi3
 .text.libgcc.mul
                0x0000717c       0x16 c:/program files (x86)/atmel/studio/7.0/toolchain/avr8/avr8-gnu-toolchain/bin/../lib/gcc/avr/5.4.0/avrxmega4\libgcc.a(_muluhisi3.o)
                0x0000717c                __muluhisi3
 .text.libgcc.mul
                0x00007192       0xa0 c:/program files (x86)/atmel/studio/7.0/toolchain/avr8/avr8-gnu-toolchain/bin/../lib/gcc/avr/5.4.0/avrxmega4\libgcc.a(_muldi3.o)
                0x00007192                __muldi3
 .text.libgcc.mul
                0x00007232       0x12 c:/program files (x86)/atmel/studio/7.0/toolchain/avr8/avr8-gnu-toolchain/bin/../lib/gcc/avr/5.4.0/avrxmega4\libgcc.a(_muldi3_6.o)
                0x00007232                __muldi3_6
 .text.libgcc.div
                0x00007244       0x1c c:/program files (x86)/atmel/studio/7.0/toolchain/avr8/avr8-gnu-toolchain/bin/../lib/gcc/avr/5.4.0/avrxmega4\libgcc.a(_udivdi3.o)
                0x00007244                __umoddi3
                0x00007248                __udivdi3
                0x0000724a                __udivdi3_umoddi3
 .text.libgcc.div
                0x00007260       0xa2 c:/program files (x86)/atmel/studio/7.0/toolchain/avr8/avr8-gnu-toolchain/bin/../lib/gcc/avr/5.4.0/avrxmega4\libgcc.a(_udivmod64.o)
                0x00007260                __udivmod64
 .text.libgcc.builtins
                0x00007302       0x32 c:/program files (x86)/atmel/studio/7.0/toolchain/avr8/avr8-gnu-toolchain/bin/../lib/gcc/avr/5.4.0/avrxmega4\libgcc.a(_ashldi3.o)
                0x00007302                __ashldi3
 .text.libgcc   0x00007334       0x12 c:/program files (x86)/atmel/studio/7.0/toolchain/avr8/avr8-gnu-toolchain/bin/../lib/gcc/avr/5.4.0/avrxmega4\libgcc.a(_adddi3.o)
                0x00007334                __adddi3
 .text.libgcc   0x00007346       0x18 c:/program files (x86)/atmel/studio/7.0/toolchain/avr8/avr8-gnu-toolchain/bin/../lib/gcc/avr/5.4.0/avrxmega4\libgcc.a(_adddi3_s8.o)
                0x00007346                __adddi3_s8
 .text.libgcc   0x0000735e       0x12 c:/program files (x86)/atmel/studio/7.0/toolchain/avr8/avr8-gnu-toolchain/bin/../lib/gcc/avr/5.4.0/avrxmega4\libgcc.a(_subdi3.o)
                0x0000735e                __subdi3
 .text.libgcc   0x00007370       0x18 c:/program files (x86)/atmel/studio/7.0/toolchain/avr8/avr8-gnu-toolchain/bin/../lib/gcc/avr/5.4.0/avrxmega4\libgcc.a(_cmpdi2_s8.o)
                0x00007370                __cmpdi2_s8
 .text.libgcc.div
                0x00007388       0x28 c:/program files (x86)/atmel/studio/7.0/toolchain/avr8/avr8-gnu-toolchain/bin/../lib/gcc/avr/5.4.0/avrxmega4\libgcc.a(_udivmodhi4.o)
                0x00007388                __udivmodhi4
 .text.avr-libc
                0x000073b0      0x1b0 c:/program files (x86)/atmel/studio/7.0/toolchain/avr8/avr8-gnu-toolchain/bin/../lib/gcc/avr/5.4.0/../../../../avr/lib/avrxmega4\libc.a(ftoa_engine.o)
                0x000073b0                __ftoa_engine
 .text.avr-libc
                0x00007560       0x16 c:/program files (x86)/atmel/studio/7.0/toolchain/avr8/avr8-gnu-toolchain/bin/../lib/gcc/avr/5.4.0/../../../../avr/lib/avrxmega4\libc.a(strnlen_P.o)
                0x00007560                strnlen_P
 .text.avr-libc
                0x00007576       0x16 c:/program files (x86)/atmel/studio/7.0/toolchain/avr8/avr8-gnu-toolchain/bin/../lib/gcc/avr/5.4.0/../../../../avr/lib/avrxmega4\libc.a(strnlen.o)
                0x00007576                strnlen
 .text.avr-libc
                0x0000758c       0x96 c:/program files (x86)/atmel/studio/7.0/toolchain/avr8/avr8-gnu-toolchain/bin/../lib/gcc/avr/5.4.0/../../../../avr/lib/avrxmega4\libc.a(fdevopen.o)
                0x0000758c                fdevopen
 .text.avr-libc
                0x00007622       0x78 c:/program files (x86)/atmel/studio/7.0/toolchain/avr8/avr8-gnu-toolchain/bin/../lib/gcc/avr/5.4.0/../../../../avr/lib/avrxmega4\libc.a(fputc.o)
                0x00007622                fputc
 .text.avr-libc
                0x0000769a       0x28 c:/program files (x86)/atmel/studio/7.0/toolchain/avr8/avr8-gnu-toolchain/bin/../lib/gcc/avr/5.4.0/../../../../avr/lib/avrxmega4\libc.a(printf.o)
                0x0000769a                printf
 .text.avr-libc
                0x000076c2       0x60 c:/program files (x86)/atmel/studio/7.0/toolchain/avr8/avr8-gnu-toolchain/bin/../lib/gcc/avr/5.4.0/../../../../avr/lib/avrxmega4\libc.a(puts.o)
                0x000076c2                puts
 .text.avr-libc
                0x00007722       0xbc c:/program files (x86)/atmel/studio/7.0/toolchain/avr8/avr8-gnu-toolchain/bin/../lib/gcc/avr/5.4.0/../../../../avr/lib/avrxmega4\libc.a(ultoa_invert.o)
                0x00007722                __ultoa_invert
 .text.avr-libc
                0x000077de       0x38 c:/program files (x86)/atmel/studio/7.0/toolchain/avr8/avr8-gnu-toolchain/bin/../lib/gcc/avr/5.4.0/../../../../avr/lib/avrxmega4\libc.a(calloc.o)
                0x000077de                calloc
 .text.avr-libc
                0x00007816      0x242 c:/program files (x86)/atmel/studio/7.0/toolchain/avr8/avr8-gnu-toolchain/bin/../lib/gcc/avr/5.4.0/../../../../avr/lib/avrxmega4\libc.a(malloc.o)
                0x00007816                malloc
                0x00007946                free
 .text.avr-libc
                0x00007a58        0xe c:/program files (x86)/atmel/studio/7.0/toolchain/avr8/avr8-gnu-toolchain/bin/../lib/gcc/avr/5.4.0/../../../../avr/lib/avrxmega4\libc.a(memset.o)
                0x00007a58                memset
                0x00007a66                . = ALIGN (0x2)
 *(.fini9)
 .fini9         0x00007a66        0x0 c:/program files (x86)/atmel/studio/7.0/toolchain/avr8/avr8-gnu-toolchain/bin/../lib/gcc/avr/5.4.0/avrxmega4\libgcc.a(_exit.o)
                0x00007a66                _exit
                0x00007a66                exit
 *(.fini9)
 *(.fini8)
 *(.fini8)
 *(.fini7)
 *(.fini7)
 *(.fini6)
 *(.fini6)
 *(.fini5)
 *(.fini5)
 *(.fini4)
 *(.fini4)
 *(.fini3)
 *(.fini3)
 *(.fini2)
 *(.fini2)
 *(.fini1)
 *(.fini1)
 *(.fini0)
 .fini0         0x00007a66        0x4 c:/program files (x86)/atmel/studio/7.0/toolchain/avr8/avr8-gnu-toolchain/bin/../lib/gcc/avr/5.4.0/avrxmega4\libgcc.a(_exit.o)
 *(.fini0)
                0x00007a6a                _etext = .

.data           0x00804000      0x17a load address 0x00007a6a
                0x00804000                PROVIDE (__data_start, .)
 *(.data)
 .data          0x00804000        0x6 c:/program files (x86)/atmel/studio/7.0/toolchain/avr8/avr8-gnu-toolchain/bin/../lib/gcc/avr/5.4.0/../../../../avr/lib/avrxmega4\libc.a(malloc.o)
                0x00804000                __malloc_heap_end
                0x00804002                __malloc_heap_start
                0x00804004                __malloc_margin
 *(.data*)
 .data.I2C_0_fsmStateTable
                0x00804006       0x24 src/i2c_master.o
                0x00804006                I2C_0_fsmStateTable
 .data.CH       0x0080402a       0x1e src/zigbee.o
                0x0080402a                CH
 *(.gnu.linkonce.d*)
 *(.rodata)
 *(.rodata*)
 .rodata.str1.1
                0x00804048       0xff main.o
                                0x101 (size before relaxing)
 .rodata.fnd_tbl
                0x00804147        0xd main.o
                0x00804147                fnd_tbl
 .rodata.str1.1
                0x00804154       0x26 src/zigbee.o
 *(.gnu.linkonce.r*)
                0x0080417a                . = ALIGN (0x2)
                0x0080417a                _edata = .
                0x0080417a                PROVIDE (__data_end, .)

.bss            0x0080417a      0xb5b
                0x0080417a                PROVIDE (__bss_start, .)
 *(.bss)
 *(.bss*)
 .bss.CommCnt.6499
                0x0080417a        0x2 main.o
 .bss.cnt.6417  0x0080417c        0x1 main.o
 .bss.DIGIT     0x0080417d        0xc main.o
                0x0080417d                DIGIT
 .bss.I2C_0_status
                0x00804189       0x24 src/i2c_master.o
                0x00804189                I2C_0_status
 *(COMMON)
 COMMON         0x008041ad      0xb1e atmel_start.o
                0x008041ad                CAPA_1000
                0x008041ae                Weight_10000
                0x008041af                Pan_id_100
                0x008041b1                Sum_Value
                0x008041b5                SAVE
                0x00804b19                Cell_ID
                0x00804b1a                AD_Channel
                0x00804b1e                Rx1_Cnt
                0x00804b1f                Zero_Buff
                0x00804b20                ZB_ch
                0x00804b21                Pan_id_1
                0x00804b23                IN_S_10
                0x00804b24                Minimum_Value
                0x00804b28                Rx1_Buff
                0x00804b41                IN_Scales
                0x00804b43                IN_S_10000
                0x00804b44                IN_S_100
                0x00804b45                INT_100
                0x00804b46                Pan_id_10
                0x00804b48                SET
                0x00804b4d                RO
                0x00804b55                Blink_Timer
                0x00804b56                Maximum_Value
                0x00804b5a                CELL
                0x00804b6f                CAPA_1
                0x00804b70                Value_Count
                0x00804b71                Timer
                0x00804b74                ADC_Value
                0x00804b78                RTC_T
                0x00804b7f                RO_10
                0x00804b87                Weight_10
                0x00804b88                Gukbun
                0x00804b89                Pan_id_1000
                0x00804b8b                printf_port
                0x00804b8c                KEY
                0x00804b91                OK_Count
                0x00804b92                Gwid
                0x00804b93                Cell_RO
                0x00804b97                RO_10000
                0x00804b9f                CAPA_100
                0x00804ba0                Interval
                0x00804ba2                ZB_id
                0x00804ba4                Weight_1
                0x00804ba5                IN_S_1
                0x00804ba6                INT
                0x00804ba8                Beep_Timer
                0x00804ba9                CAPA_10
                0x00804baa                Cell_Capa
                0x00804bae                Zero_Count
                0x00804baf                Weight_100
                0x00804bb0                Rx3_Cnt
                0x00804bb1                RO_100
                0x00804bb9                Blink
                0x00804bba                IN_S_1000
                0x00804bbb                Cell_CNT
                0x00804bbc                INT_10
                0x00804bbd                Weight_1000
                0x00804bbe                RO_1
                0x00804bc6                INT_1
                0x00804bc7                Rx3_Buff
                0x00804cc1                IN_S
                0x00804cc3                RO_1000
 COMMON         0x00804ccb        0x6 c:/program files (x86)/atmel/studio/7.0/toolchain/avr8/avr8-gnu-toolchain/bin/../lib/gcc/avr/5.4.0/../../../../avr/lib/avrxmega4\libc.a(iob.o)
                0x00804ccb                __iob
 COMMON         0x00804cd1        0x4 c:/program files (x86)/atmel/studio/7.0/toolchain/avr8/avr8-gnu-toolchain/bin/../lib/gcc/avr/5.4.0/../../../../avr/lib/avrxmega4\libc.a(malloc.o)
                0x00804cd1                __brkval
                0x00804cd3                __flp
                0x00804cd5                PROVIDE (__bss_end, .)
                0x00007a6a                __data_load_start = LOADADDR (.data)
                0x00007be4                __data_load_end = (__data_load_start + SIZEOF (.data))

.noinit         0x00804cd5        0x0
                [!provide]                PROVIDE (__noinit_start, .)
 *(.noinit*)
                [!provide]                PROVIDE (__noinit_end, .)
                0x00804cd5                _end = .
                0x00804cd5                PROVIDE (__heap_start, .)

.eeprom         0x00810000        0x0
 *(.eeprom*)
                0x00810000                __eeprom_end = .

.fuse           0x00820000        0x9
 *(.fuse)
 .fuse          0x00820000        0x9 main.o
                0x00820000                __fuse
 *(.lfuse)
 *(.hfuse)
 *(.efuse)

.lock
 *(.lock*)

.signature
 *(.signature*)

.user_signatures
 *(.user_signatures*)

.stab
 *(.stab)

.stabstr
 *(.stabstr)

.stab.excl
 *(.stab.excl)

.stab.exclstr
 *(.stab.exclstr)

.stab.index
 *(.stab.index)

.stab.indexstr
 *(.stab.indexstr)

.comment        0x00000000       0x5c
 *(.comment)
 .comment       0x00000000       0x30 atmel_start.o
                                 0x31 (size before relaxing)
 .comment       0x00000030       0x31 driver_isr.o
 .comment       0x00000030       0x31 main.o
 .comment       0x00000030       0x31 src/adc.o
 .comment       0x00000030       0x31 src/bod.o
 .comment       0x00000030       0x31 src/clkctrl.o
 .comment       0x00000030       0x31 src/cpuint.o
 .comment       0x00000030       0x31 src/driver_init.o
 .comment       0x00000030       0x31 src/eeprom.o
 .comment       0x00000030       0x31 src/gateway.o
 .comment       0x00000030       0x31 src/i2c_master.o
 .comment       0x00000030       0x31 src/i2c_simple_master.o
 .comment       0x00000030       0x31 src/i2c_types.o
 .comment       0x00000030       0x31 src/loadcell.o
 .comment       0x00000030       0x31 src/rtc.o
 .comment       0x00000030       0x31 src/slpctrl.o
 .comment       0x00000030       0x31 src/tca.o
 .comment       0x00000030       0x31 src/usart.o
 .comment       0x00000030       0x31 src/wdt.o
 .comment       0x00000030       0x31 src/zigbee.o
 .comment       0x00000030       0x2c c:/program files (x86)/atmel/studio/7.0/toolchain/avr8/avr8-gnu-toolchain/bin/../lib/gcc/avr/5.4.0/../../../../avr/lib/avrxmega4\libprintf_flt.a(vfprintf_flt.o)
                                 0x2d (size before relaxing)
 .comment       0x0000005c       0x31 c:/program files (x86)/atmel/studio/7.0/toolchain/avr8/avr8-gnu-toolchain/bin/../lib/gcc/avr/5.4.0/../../../../avr/lib/avrxmega4\libc.a(fdevopen.o)
 .comment       0x0000005c       0x31 c:/program files (x86)/atmel/studio/7.0/toolchain/avr8/avr8-gnu-toolchain/bin/../lib/gcc/avr/5.4.0/../../../../avr/lib/avrxmega4\libc.a(fputc.o)
 .comment       0x0000005c       0x31 c:/program files (x86)/atmel/studio/7.0/toolchain/avr8/avr8-gnu-toolchain/bin/../lib/gcc/avr/5.4.0/../../../../avr/lib/avrxmega4\libc.a(iob.o)
 .comment       0x0000005c       0x31 c:/program files (x86)/atmel/studio/7.0/toolchain/avr8/avr8-gnu-toolchain/bin/../lib/gcc/avr/5.4.0/../../../../avr/lib/avrxmega4\libc.a(printf.o)
 .comment       0x0000005c       0x31 c:/program files (x86)/atmel/studio/7.0/toolchain/avr8/avr8-gnu-toolchain/bin/../lib/gcc/avr/5.4.0/../../../../avr/lib/avrxmega4\libc.a(puts.o)
 .comment       0x0000005c       0x31 c:/program files (x86)/atmel/studio/7.0/toolchain/avr8/avr8-gnu-toolchain/bin/../lib/gcc/avr/5.4.0/../../../../avr/lib/avrxmega4\libc.a(calloc.o)
 .comment       0x0000005c       0x31 c:/program files (x86)/atmel/studio/7.0/toolchain/avr8/avr8-gnu-toolchain/bin/../lib/gcc/avr/5.4.0/../../../../avr/lib/avrxmega4\libc.a(malloc.o)

.note.gnu.avr.deviceinfo
                0x00000000       0x40
 .note.gnu.avr.deviceinfo
                0x00000000       0x40 C:/Program Files (x86)/Atmel/Studio/7.0/Packs/atmel/AVR-Dx_DFP/1.8.95/gcc/dev/avr128da64/avrxmega4/crtavr128da64.o

.note.gnu.build-id
 *(.note.gnu.build-id)

.debug
 *(.debug)

.line
 *(.line)

.debug_srcinfo
 *(.debug_srcinfo)

.debug_sfnames
 *(.debug_sfnames)

.debug_aranges  0x00000000      0x678
 *(.debug_aranges)
 .debug_aranges
                0x00000000       0x20 atmel_start.o
 .debug_aranges
                0x00000020       0x38 driver_isr.o
 .debug_aranges
                0x00000058       0xc0 main.o
 .debug_aranges
                0x00000118       0x58 src/adc.o
 .debug_aranges
                0x00000170       0x20 src/bod.o
 .debug_aranges
                0x00000190       0x20 src/clkctrl.o
 .debug_aranges
                0x000001b0       0x20 src/cpuint.o
 .debug_aranges
                0x000001d0       0x48 src/driver_init.o
 .debug_aranges
                0x00000218       0x60 src/eeprom.o
 .debug_aranges
                0x00000278       0x30 src/gateway.o
 .debug_aranges
                0x000002a8      0x148 src/i2c_master.o
 .debug_aranges
                0x000003f0       0x78 src/i2c_simple_master.o
 .debug_aranges
                0x00000468       0x38 src/i2c_types.o
 .debug_aranges
                0x000004a0       0x70 src/loadcell.o
 .debug_aranges
                0x00000510       0x20 src/protected_io.o
 .debug_aranges
                0x00000530       0x40 src/rtc.o
 .debug_aranges
                0x00000570       0x28 src/slpctrl.o
 .debug_aranges
                0x00000598       0x20 src/tca.o
 .debug_aranges
                0x000005b8       0x58 src/usart.o
 .debug_aranges
                0x00000610       0x20 src/wdt.o
 .debug_aranges
                0x00000630       0x48 src/zigbee.o

.debug_pubnames
 *(.debug_pubnames)

.debug_info     0x00000000    0x10832
 *(.debug_info .gnu.linkonce.wi.*)
 .debug_info    0x00000000     0x3072 C:/Program Files (x86)/Atmel/Studio/7.0/Packs/atmel/AVR-Dx_DFP/1.8.95/gcc/dev/avr128da64/avrxmega4/crtavr128da64.o
 .debug_info    0x00003072      0x84b atmel_start.o
 .debug_info    0x000038bd     0x1043 driver_isr.o
 .debug_info    0x00004900     0x1c73 main.o
 .debug_info    0x00006573      0xdc5 src/adc.o
 .debug_info    0x00007338      0x188 src/bod.o
 .debug_info    0x000074c0      0x2a9 src/clkctrl.o
 .debug_info    0x00007769       0x8d src/cpuint.o
 .debug_info    0x000077f6     0x15b2 src/driver_init.o
 .debug_info    0x00008da8      0x81c src/eeprom.o
 .debug_info    0x000095c4      0x996 src/gateway.o
 .debug_info    0x00009f5a     0x13f9 src/i2c_master.o
 .debug_info    0x0000b353      0x973 src/i2c_simple_master.o
 .debug_info    0x0000bcc6      0x146 src/i2c_types.o
 .debug_info    0x0000be0c      0xf19 src/loadcell.o
 .debug_info    0x0000cd25       0x8a src/protected_io.o
 .debug_info    0x0000cdaf      0xb4c src/rtc.o
 .debug_info    0x0000d8fb      0x136 src/slpctrl.o
 .debug_info    0x0000da31      0xec0 src/tca.o
 .debug_info    0x0000e8f1      0xb2c src/usart.o
 .debug_info    0x0000f41d      0x22d src/wdt.o
 .debug_info    0x0000f64a     0x11e8 src/zigbee.o

.debug_abbrev   0x00000000     0x510a
 *(.debug_abbrev)
 .debug_abbrev  0x00000000     0x2de2 C:/Program Files (x86)/Atmel/Studio/7.0/Packs/atmel/AVR-Dx_DFP/1.8.95/gcc/dev/avr128da64/avrxmega4/crtavr128da64.o
 .debug_abbrev  0x00002de2       0xfd atmel_start.o
 .debug_abbrev  0x00002edf      0x1bc driver_isr.o
 .debug_abbrev  0x0000309b      0x42b main.o
 .debug_abbrev  0x000034c6      0x291 src/adc.o
 .debug_abbrev  0x00003757       0xaf src/bod.o
 .debug_abbrev  0x00003806      0x117 src/clkctrl.o
 .debug_abbrev  0x0000391d       0x51 src/cpuint.o
 .debug_abbrev  0x0000396e      0x26e src/driver_init.o
 .debug_abbrev  0x00003bdc      0x1de src/eeprom.o
 .debug_abbrev  0x00003dba      0x179 src/gateway.o
 .debug_abbrev  0x00003f33      0x340 src/i2c_master.o
 .debug_abbrev  0x00004273      0x15d src/i2c_simple_master.o
 .debug_abbrev  0x000043d0       0x9d src/i2c_types.o
 .debug_abbrev  0x0000446d      0x30d src/loadcell.o
 .debug_abbrev  0x0000477a       0x14 src/protected_io.o
 .debug_abbrev  0x0000478e      0x1cd src/rtc.o
 .debug_abbrev  0x0000495b       0xc4 src/slpctrl.o
 .debug_abbrev  0x00004a1f      0x176 src/tca.o
 .debug_abbrev  0x00004b95      0x249 src/usart.o
 .debug_abbrev  0x00004dde      0x105 src/wdt.o
 .debug_abbrev  0x00004ee3      0x227 src/zigbee.o

.debug_line     0x00000000     0x5c94
 *(.debug_line .debug_line.* .debug_line_end)
 .debug_line    0x00000000      0x217 C:/Program Files (x86)/Atmel/Studio/7.0/Packs/atmel/AVR-Dx_DFP/1.8.95/gcc/dev/avr128da64/avrxmega4/crtavr128da64.o
 .debug_line    0x00000217       0xf9 atmel_start.o
 .debug_line    0x00000310      0x259 driver_isr.o
 .debug_line    0x00000569     0x1158 main.o
 .debug_line    0x000016c1      0x2a0 src/adc.o
 .debug_line    0x00001961      0x10c src/bod.o
 .debug_line    0x00001a6d      0x144 src/clkctrl.o
 .debug_line    0x00001bb1       0xa5 src/cpuint.o
 .debug_line    0x00001c56      0x400 src/driver_init.o
 .debug_line    0x00002056      0x335 src/eeprom.o
 .debug_line    0x0000238b      0x330 src/gateway.o
 .debug_line    0x000026bb      0x852 src/i2c_master.o
 .debug_line    0x00002f0d      0x528 src/i2c_simple_master.o
 .debug_line    0x00003435       0xa2 src/i2c_types.o
 .debug_line    0x000034d7      0xfa2 src/loadcell.o
 .debug_line    0x00004479       0x5b src/protected_io.o
 .debug_line    0x000044d4      0x4dd src/rtc.o
 .debug_line    0x000049b1      0x120 src/slpctrl.o
 .debug_line    0x00004ad1      0x15b src/tca.o
 .debug_line    0x00004c2c      0x2e4 src/usart.o
 .debug_line    0x00004f10      0x136 src/wdt.o
 .debug_line    0x00005046      0xc4e src/zigbee.o

.debug_frame    0x00000000     0x104c
 *(.debug_frame)
 .debug_frame   0x00000000       0x24 atmel_start.o
 .debug_frame   0x00000024       0xdc driver_isr.o
 .debug_frame   0x00000100      0x298 main.o
 .debug_frame   0x00000398       0x94 src/adc.o
 .debug_frame   0x0000042c       0x24 src/bod.o
 .debug_frame   0x00000450       0x24 src/clkctrl.o
 .debug_frame   0x00000474       0x24 src/cpuint.o
 .debug_frame   0x00000498       0x74 src/driver_init.o
 .debug_frame   0x0000050c      0x140 src/eeprom.o
 .debug_frame   0x0000064c       0x4c src/gateway.o
 .debug_frame   0x00000698      0x2d4 src/i2c_master.o
 .debug_frame   0x0000096c      0x1b4 src/i2c_simple_master.o
 .debug_frame   0x00000b20       0x54 src/i2c_types.o
 .debug_frame   0x00000b74      0x238 src/loadcell.o
 .debug_frame   0x00000dac       0x7c src/rtc.o
 .debug_frame   0x00000e28       0x34 src/slpctrl.o
 .debug_frame   0x00000e5c       0x24 src/tca.o
 .debug_frame   0x00000e80       0xbc src/usart.o
 .debug_frame   0x00000f3c       0x24 src/wdt.o
 .debug_frame   0x00000f60       0xec src/zigbee.o

.debug_str      0x00000000     0x3dc5
 *(.debug_str)
 .debug_str     0x00000000     0x14e3 C:/Program Files (x86)/Atmel/Studio/7.0/Packs/atmel/AVR-Dx_DFP/1.8.95/gcc/dev/avr128da64/avrxmega4/crtavr128da64.o
 .debug_str     0x000014e3      0x43b atmel_start.o
                                0x4ad (size before relaxing)
 .debug_str     0x0000191e      0x28f driver_isr.o
                                0x733 (size before relaxing)
 .debug_str     0x00001bad      0x4e7 main.o
                                0xb59 (size before relaxing)
 .debug_str     0x00002094      0x543 src/adc.o
                                0xa99 (size before relaxing)
 .debug_str     0x000025d7       0xcc src/bod.o
                                0x241 (size before relaxing)
 .debug_str     0x000026a3      0x148 src/clkctrl.o
                                0x31a (size before relaxing)
 .debug_str     0x000027eb       0x1c src/cpuint.o
                                0x191 (size before relaxing)
 .debug_str     0x00002807      0x3fc src/driver_init.o
                                0xbf3 (size before relaxing)
 .debug_str     0x00002c03      0x287 src/eeprom.o
                                0x50f (size before relaxing)
 .debug_str     0x00002e8a       0x2b src/gateway.o
                                0x4e9 (size before relaxing)
 .debug_str     0x00002eb5      0x740 src/i2c_master.o
                                0xcf1 (size before relaxing)
 .debug_str     0x000035f5      0x14e src/i2c_simple_master.o
                                0x409 (size before relaxing)
 .debug_str     0x00003743       0x63 src/i2c_types.o
                                0x221 (size before relaxing)
 .debug_str     0x000037a6       0x7a src/loadcell.o
                                0x5fe (size before relaxing)
 .debug_str     0x00003820       0x39 src/rtc.o
                                0x5c6 (size before relaxing)
 .debug_str     0x00003859       0xb9 src/slpctrl.o
                                0x255 (size before relaxing)
 .debug_str     0x00003912       0xfb src/tca.o
                                0x77e (size before relaxing)
 .debug_str     0x00003a0d       0xef src/usart.o
                                0x665 (size before relaxing)
 .debug_str     0x00003afc      0x21e src/wdt.o
                                0x409 (size before relaxing)
 .debug_str     0x00003d1a       0xab src/zigbee.o
                                0x5c8 (size before relaxing)

.debug_loc      0x00000000     0x3e54
 *(.debug_loc)
 .debug_loc     0x00000000      0x191 driver_isr.o
 .debug_loc     0x00000191      0xcc8 main.o
 .debug_loc     0x00000e59       0x94 src/adc.o
 .debug_loc     0x00000eed      0x292 src/driver_init.o
 .debug_loc     0x0000117f      0x6ce src/eeprom.o
 .debug_loc     0x0000184d       0x58 src/gateway.o
 .debug_loc     0x000018a5      0x538 src/i2c_master.o
 .debug_loc     0x00001ddd      0x97d src/i2c_simple_master.o
 .debug_loc     0x0000275a       0x98 src/i2c_types.o
 .debug_loc     0x000027f2      0x952 src/loadcell.o
 .debug_loc     0x00003144      0x199 src/rtc.o
 .debug_loc     0x000032dd       0x21 src/slpctrl.o
 .debug_loc     0x000032fe      0x186 src/usart.o
 .debug_loc     0x00003484       0x2a src/wdt.o
 .debug_loc     0x000034ae      0x9a6 src/zigbee.o

.debug_macinfo
 *(.debug_macinfo)

.debug_weaknames
 *(.debug_weaknames)

.debug_funcnames
 *(.debug_funcnames)

.debug_typenames
 *(.debug_typenames)

.debug_varnames
 *(.debug_varnames)

.debug_pubtypes
 *(.debug_pubtypes)

.debug_ranges   0x00000000      0x578
 *(.debug_ranges)
 .debug_ranges  0x00000000       0x10 atmel_start.o
 .debug_ranges  0x00000010       0x28 driver_isr.o
 .debug_ranges  0x00000038      0x110 main.o
 .debug_ranges  0x00000148       0x48 src/adc.o
 .debug_ranges  0x00000190       0x10 src/bod.o
 .debug_ranges  0x000001a0       0x10 src/clkctrl.o
 .debug_ranges  0x000001b0       0x10 src/cpuint.o
 .debug_ranges  0x000001c0       0x38 src/driver_init.o
 .debug_ranges  0x000001f8       0x50 src/eeprom.o
 .debug_ranges  0x00000248       0x20 src/gateway.o
 .debug_ranges  0x00000268      0x138 src/i2c_master.o
 .debug_ranges  0x000003a0       0x68 src/i2c_simple_master.o
 .debug_ranges  0x00000408       0x28 src/i2c_types.o
 .debug_ranges  0x00000430       0x60 src/loadcell.o
 .debug_ranges  0x00000490       0x30 src/rtc.o
 .debug_ranges  0x000004c0       0x18 src/slpctrl.o
 .debug_ranges  0x000004d8       0x10 src/tca.o
 .debug_ranges  0x000004e8       0x48 src/usart.o
 .debug_ranges  0x00000530       0x10 src/wdt.o
 .debug_ranges  0x00000540       0x38 src/zigbee.o

.debug_macro
 *(.debug_macro)
OUTPUT(Pig_Scales.elf elf32-avr)
LOAD linker stubs
