Archive member included to satisfy reference by file (symbol)

c:/program files (x86)/atmel/studio/7.0/toolchain/avr8/avr8-gnu-toolchain/bin/../lib/gcc/avr/5.4.0/../../../../avr/lib/avrxmega4\libm.a(addsf3.o)
                              src/i2c_master.o (__subsf3)
c:/program files (x86)/atmel/studio/7.0/toolchain/avr8/avr8-gnu-toolchain/bin/../lib/gcc/avr/5.4.0/../../../../avr/lib/avrxmega4\libm.a(addsf3x.o)
                              c:/program files (x86)/atmel/studio/7.0/toolchain/avr8/avr8-gnu-toolchain/bin/../lib/gcc/avr/5.4.0/../../../../avr/lib/avrxmega4\libm.a(addsf3.o) (__addsf3x)
c:/program files (x86)/atmel/studio/7.0/toolchain/avr8/avr8-gnu-toolchain/bin/../lib/gcc/avr/5.4.0/../../../../avr/lib/avrxmega4\libm.a(cmpsf2.o)
                              main.o (__ltsf2)
c:/program files (x86)/atmel/studio/7.0/toolchain/avr8/avr8-gnu-toolchain/bin/../lib/gcc/avr/5.4.0/../../../../avr/lib/avrxmega4\libm.a(divsf3.o)
                              main.o (__divsf3)
c:/program files (x86)/atmel/studio/7.0/toolchain/avr8/avr8-gnu-toolchain/bin/../lib/gcc/avr/5.4.0/../../../../avr/lib/avrxmega4\libm.a(divsf3x.o)
                              c:/program files (x86)/atmel/studio/7.0/toolchain/avr8/avr8-gnu-toolchain/bin/../lib/gcc/avr/5.4.0/../../../../avr/lib/avrxmega4\libm.a(divsf3.o) (__divsf3x)
c:/program files (x86)/atmel/studio/7.0/toolchain/avr8/avr8-gnu-toolchain/bin/../lib/gcc/avr/5.4.0/../../../../avr/lib/avrxmega4\libm.a(fixsfsi.o)
                              src/loadcell.o (__fixsfsi)
c:/program files (x86)/atmel/studio/7.0/toolchain/avr8/avr8-gnu-toolchain/bin/../lib/gcc/avr/5.4.0/../../../../avr/lib/avrxmega4\libm.a(fixunssfsi.o)
                              src/i2c_master.o (__fixunssfsi)
c:/program files (x86)/atmel/studio/7.0/toolchain/avr8/avr8-gnu-toolchain/bin/../lib/gcc/avr/5.4.0/../../../../avr/lib/avrxmega4\libm.a(floatsisf.o)
                              main.o (__floatunsisf)
c:/program files (x86)/atmel/studio/7.0/toolchain/avr8/avr8-gnu-toolchain/bin/../lib/gcc/avr/5.4.0/../../../../avr/lib/avrxmega4\libm.a(fp_cmp.o)
                              c:/program files (x86)/atmel/studio/7.0/toolchain/avr8/avr8-gnu-toolchain/bin/../lib/gcc/avr/5.4.0/../../../../avr/lib/avrxmega4\libm.a(cmpsf2.o) (__fp_cmp)
c:/program files (x86)/atmel/studio/7.0/toolchain/avr8/avr8-gnu-toolchain/bin/../lib/gcc/avr/5.4.0/../../../../avr/lib/avrxmega4\libm.a(fp_inf.o)
                              c:/program files (x86)/atmel/studio/7.0/toolchain/avr8/avr8-gnu-toolchain/bin/../lib/gcc/avr/5.4.0/../../../../avr/lib/avrxmega4\libm.a(addsf3x.o) (__fp_inf)
c:/program files (x86)/atmel/studio/7.0/toolchain/avr8/avr8-gnu-toolchain/bin/../lib/gcc/avr/5.4.0/../../../../avr/lib/avrxmega4\libm.a(fp_nan.o)
                              c:/program files (x86)/atmel/studio/7.0/toolchain/avr8/avr8-gnu-toolchain/bin/../lib/gcc/avr/5.4.0/../../../../avr/lib/avrxmega4\libm.a(addsf3x.o) (__fp_nan)
c:/program files (x86)/atmel/studio/7.0/toolchain/avr8/avr8-gnu-toolchain/bin/../lib/gcc/avr/5.4.0/../../../../avr/lib/avrxmega4\libm.a(fp_pscA.o)
                              c:/program files (x86)/atmel/studio/7.0/toolchain/avr8/avr8-gnu-toolchain/bin/../lib/gcc/avr/5.4.0/../../../../avr/lib/avrxmega4\libm.a(addsf3x.o) (__fp_pscA)
c:/program files (x86)/atmel/studio/7.0/toolchain/avr8/avr8-gnu-toolchain/bin/../lib/gcc/avr/5.4.0/../../../../avr/lib/avrxmega4\libm.a(fp_pscB.o)
                              c:/program files (x86)/atmel/studio/7.0/toolchain/avr8/avr8-gnu-toolchain/bin/../lib/gcc/avr/5.4.0/../../../../avr/lib/avrxmega4\libm.a(addsf3x.o) (__fp_pscB)
c:/program files (x86)/atmel/studio/7.0/toolchain/avr8/avr8-gnu-toolchain/bin/../lib/gcc/avr/5.4.0/../../../../avr/lib/avrxmega4\libm.a(fp_round.o)
                              c:/program files (x86)/atmel/studio/7.0/toolchain/avr8/avr8-gnu-toolchain/bin/../lib/gcc/avr/5.4.0/../../../../avr/lib/avrxmega4\libm.a(addsf3.o) (__fp_round)
c:/program files (x86)/atmel/studio/7.0/toolchain/avr8/avr8-gnu-toolchain/bin/../lib/gcc/avr/5.4.0/../../../../avr/lib/avrxmega4\libm.a(fp_split3.o)
                              c:/program files (x86)/atmel/studio/7.0/toolchain/avr8/avr8-gnu-toolchain/bin/../lib/gcc/avr/5.4.0/../../../../avr/lib/avrxmega4\libm.a(addsf3x.o) (__fp_split3)
c:/program files (x86)/atmel/studio/7.0/toolchain/avr8/avr8-gnu-toolchain/bin/../lib/gcc/avr/5.4.0/../../../../avr/lib/avrxmega4\libm.a(fp_zero.o)
                              c:/program files (x86)/atmel/studio/7.0/toolchain/avr8/avr8-gnu-toolchain/bin/../lib/gcc/avr/5.4.0/../../../../avr/lib/avrxmega4\libm.a(addsf3x.o) (__fp_zero)
c:/program files (x86)/atmel/studio/7.0/toolchain/avr8/avr8-gnu-toolchain/bin/../lib/gcc/avr/5.4.0/../../../../avr/lib/avrxmega4\libm.a(gesf2.o)
                              main.o (__gtsf2)
c:/program files (x86)/atmel/studio/7.0/toolchain/avr8/avr8-gnu-toolchain/bin/../lib/gcc/avr/5.4.0/../../../../avr/lib/avrxmega4\libm.a(mulsf3.o)
[...]
Memory Configuration

Name             Origin             Length             Attributes
text             0x00000000         0x00020000         xr
data             0x00804000         0x00004000         rw !x
eeprom           0x00810000         0x00000200         rw !x
fuse             0x00820000         0x00000010         rw !x
lock             0x00830000         0x00000400         rw !x
signature        0x00840000         0x00000400         rw !x
user_signatures  0x00850000         0x00000400         rw !x
*default*        0x00000000         0xffffffff

Linker script and memory map

Address of section .data set to 0x804000
                0x00008000                __RODATA_PM_OFFSET__ = 0x8000
LOAD C:/Program Files (x86)/Atmel/Studio/7.0/Packs/atmel/AVR-Dx_DFP/1.8.95/gcc/dev/avr128da64/avrxmega4/crtavr128da64.o
LOAD atmel_start.o
LOAD driver_isr.o
LOAD main.o
LOAD src/adc.o
LOAD src/bod.o
LOAD src/clkctrl.o
LOAD src/cpuint.o
LOAD src/driver_init.o
LOAD src/eeprom.o
LOAD src/gateway.o
LOAD src/i2c_master.o
LOAD src/i2c_simple_master.o
LOAD src/i2c_types.o
LOAD src/loadcell.o
LOAD src/protected_io.o
LOAD src/pwm.o
LOAD src/rtc.o
LOAD src/slpctrl.o
LOAD src/tca.o
LOAD src/usart.o
LOAD src/wdt.o
LOAD src/zigbee.o
START GROUP
LOAD c:/program files (x86)/atmel/studio/7.0/toolchain/avr8/avr8-gnu-toolchain/bin/../lib/gcc/avr/5.4.0/../../../../avr/lib/avrxmega4\libm.a
LOAD c:/program files (x86)/atmel/studio/7.0/toolchain/avr8/avr8-gnu-toolchain/bin/../lib/gcc/avr/5.4.0/../../../../avr/lib/avrxmega4\libprintf_flt.a
LOAD c:/program files (x86)/atmel/studio/7.0/toolchain/avr8/avr8-gnu-toolchain/bin/../lib/gcc/avr/5.4.0/../../../../avr/lib/avrxmega4\libscanf_flt.a
END GROUP
Address of section .text set to 0x600
START GROUP
LOAD c:/program files (x86)/atmel/studio/7.0/toolchain/avr8/avr8-gnu-toolchain/bin/../lib/gcc/avr/5.4.0/avrxmega4\libgcc.a
LOAD c:/program files (x86)/atmel/studio/7.0/toolchain/avr8/avr8-gnu-toolchain/bin/../lib/gcc/avr/5.4.0/../../../../avr/lib/avrxmega4\libm.a
LOAD c:/program files (x86)/atmel/studio/7.0/toolchain/avr8/avr8-gnu-toolchain/bin/../lib/gcc/avr/5.4.0/../../../../avr/lib/avrxmega4\libc.a
LOAD C:/Program Files (x86)/Atmel/Studio/7.0/Packs/atmel/AVR-Dx_DFP/1.8.95/gcc/dev/avr128da64/avrxmega4\libavr128da64.a
END GROUP
                [0x00000000]                __TEXT_REGION_ORIGIN__ = DEFINED (__TEXT_REGION_ORIGIN__)?__TEXT_REGION_ORIGIN__:0x0
                [0x00804000]                __DATA_REGION_ORIGIN__ = DEFINED (__DATA_REGION_ORIGIN__)?__DATA_REGION_ORIGIN__:0x802000
                [0x00020000]                __TEXT_REGION_LENGTH__ = DEFINED (__TEXT_REGION_LENGTH__)?__TEXT_REGION_LENGTH__:0x100000
                [0x00004000]                __DATA_REGION_LENGTH__ = DEFINED (__DATA_REGION_LENGTH__)?__DATA_REGION_LENGTH__:0xffa0
                [0x00000200]                __EEPROM_REGION_LENGTH__ = DEFINED (__EEPROM_REGION_LENGTH__)?__EEPROM_REGION_LENGTH__:0x10000
                [0x00000010]                __FUSE_REGION_LENGTH__ = DEFINED (__FUSE_REGION_LENGTH__)?__FUSE_REGION_LENGTH__:0x400
                0x00000400                __LOCK_REGION_LENGTH__ = DEFINED (__LOCK_REGION_LENGTH__)?__LOCK_REGION_LENGTH__:0x400
                0x00000400                __SIGNATURE_REGION_LENGTH__ = DEFINED (__SIGNATURE_REGION_LENGTH__)?__SIGNATURE_REGION_LENGTH__:0x400
                0x00000400                __USER_SIGNATURE_REGION_LENGTH__ = DEFINED (__USER_SIGNATURE_REGION_LENGTH__)?__USER_SIGNATURE_REGION_LENGTH__:0x400

.hash
 *(.hash)

.dynsym
 *(.dynsym)

.dynstr
 *(.dynstr)

.gnu.version
 *(.gnu.version)

.gnu.version_d
 *(.gnu.version_d)

.gnu.version_r
 *(.gnu.version_r)

.rel.init
 *(.rel.init)

.rela.init
 *(.rela.init)

.rel.text
 *(.rel.text)
 *(.rel.text.*)
 *(.rel.gnu.linkonce.t*)

.rela.text
 *(.rela.text)
 *(.rela.text.*)
 *(.rela.gnu.linkonce.t*)

.rel.fini
 *(.rel.fini)

.rela.fini
 *(.rela.fini)

.rel.rodata
 *(.rel.rodata)
 *(.rel.rodata.*)
 *(.rel.gnu.linkonce.r*)

.rela.rodata
 *(.rela.rodata)
 *(.rela.rodata.*)
 *(.rela.gnu.linkonce.r*)

.rel.data
 *(.rel.data)
 *(.rel.data.*)
 *(.rel.gnu.linkonce.d*)

.rela.data
 *(.rela.data)
 *(.rela.data.*)
 *(.rela.gnu.linkonce.d*)

.rel.ctors
 *(.rel.ctors)

.rela.ctors
 *(.rela.ctors)

.rel.dtors
 *(.rel.dtors)

.rela.dtors
 *(.rela.dtors)

.rel.got
 *(.rel.got)

.rela.got
 *(.rela.got)

.rel.bss
 *(.rel.bss)

.rela.bss
 *(.rela.bss)

.rel.plt
 *(.rel.plt)

.rela.plt
 *(.rela.plt)

.text           0x00000600     0x8b1a
 *(.vectors)
 .vectors       0x00000600      0x100 C:/Program Files (x86)/Atmel/Studio/7.0/Packs/atmel/AVR-Dx_DFP/1.8.95/gcc/dev/avr128da64/avrxmega4/crtavr128da64.o
                0x00000600                __vector_default
                0x00000600                __vectors
 *(.vectors)
 *(.progmem.gcc*)
 .progmem.gcc_sw_table.Cell_Select
                0x00000700       0x10 src/loadcell.o
 .progmem.gcc_sw_table.RTC_Time_Write
                0x00000710        0xe src/rtc.o
 .progmem.gcc_sw_table.RTC_Set
                0x0000071e        0xe src/rtc.o
                0x0000072c                . = ALIGN (0x2)
                0x0000072c                __trampolines_start = .
 *(.trampolines)
 .trampolines   0x0000072c        0x0 linker stubs
 *(.trampolines*)
                0x0000072c                __trampolines_end = .
 *libprintf_flt.a:*(.progmem.data)
 .progmem.data  0x0000072c        0x8 c:/program files (x86)/atmel/studio/7.0/toolchain/avr8/avr8-gnu-toolchain/bin/../lib/gcc/avr/5.4.0/../../../../avr/lib/avrxmega4\libprintf_flt.a(vfprintf_flt.o)
 *libc.a:*(.progmem.data)
 .progmem.data  0x00000734       0xfa c:/program files (x86)/atmel/studio/7.0/toolchain/avr8/avr8-gnu-toolchain/bin/../lib/gcc/avr/5.4.0/../../../../avr/lib/avrxmega4\libc.a(ftoa_engine.o)
 *(.progmem*)
                0x0000082e                . = ALIGN (0x2)
 *(.jumptables)
 *(.jumptables*)
 *(.lowtext)
 *(.lowtext*)
                0x0000082e                __ctors_start = .
 *(.ctors)
                0x0000082e                __ctors_end = .
                0x0000082e                __dtors_start = .
 *(.dtors)
                0x0000082e                __dtors_end = .
 SORT(*)(.ctors)
 SORT(*)(.dtors)
 *(.init0)
 .init0         0x0000082e        0x0 C:/Program Files (x86)/Atmel/Studio/7.0/Packs/atmel/AVR-Dx_DFP/1.8.95/gcc/dev/avr128da64/avrxmega4/crtavr128da64.o
                0x0000082e                __init
 *(.init0)
 *(.init1)
 *(.init1)
 *(.init2)
 .init2         0x0000082e        0xc C:/Program Files (x86)/Atmel/Studio/7.0/Packs/atmel/AVR-Dx_DFP/1.8.95/gcc/dev/avr128da64/avrxmega4/crtavr128da64.o
 *(.init2)
 *(.init3)
 *(.init3)
 *(.init4)
 .init4         0x0000083a       0x1a c:/program files (x86)/atmel/studio/7.0/toolchain/avr8/avr8-gnu-toolchain/bin/../lib/gcc/avr/5.4.0/avrxmega4\libgcc.a(_copy_data.o)
                0x0000083a                __do_copy_data
 .init4         0x00000854       0x10 c:/program files (x86)/atmel/studio/7.0/toolchain/avr8/avr8-gnu-toolchain/bin/../lib/gcc/avr/5.4.0/avrxmega4\libgcc.a(_clear_bss.o)
                0x00000854                __do_clear_bss
 *(.init4)
 *(.init5)
 *(.init5)
 *(.init6)
 *(.init6)
 *(.init7)
 *(.init7)
 *(.init8)
 *(.init8)
 *(.init9)
 .init9         0x00000864        0x8 C:/Program Files (x86)/Atmel/Studio/7.0/Packs/atmel/AVR-Dx_DFP/1.8.95/gcc/dev/avr128da64/avrxmega4/crtavr128da64.o
 *(.init9)
 *(.text)
 .text          0x0000086c        0x4 C:/Program Files (x86)/Atmel/Studio/7.0/Packs/atmel/AVR-Dx_DFP/1.8.95/gcc/dev/avr128da64/avrxmega4/crtavr128da64.o
                0x0000086c                __vector_38
                0x0000086c                __vector_22
                0x0000086c                __vector_63
                0x0000086c                __vector_28
                0x0000086c                __vector_1
                0x0000086c                __vector_32
                0x0000086c                __vector_34
                0x0000086c                __vector_62
                0x0000086c                __vector_24
                0x0000086c                __vector_12
                0x0000086c                __vector_55
                0x0000086c                __bad_interrupt
                0x0000086c                __vector_6
                0x0000086c                __vector_35
                0x0000086c                __vector_39
                0x0000086c                __vector_3
                0x0000086c                __vector_23
                0x0000086c                __vector_30
                0x0000086c                __vector_45
                0x0000086c                __vector_25
                0x0000086c                __vector_61
                0x0000086c                __vector_11
                0x0000086c                __vector_54
                0x0000086c                __vector_13
                0x0000086c                __vector_17
                0x0000086c                __vector_19
                0x0000086c                __vector_56
                0x0000086c                __vector_7
                0x0000086c                __vector_49
                0x0000086c                __vector_41
                0x0000086c                __vector_27
                0x0000086c                __vector_5
                0x0000086c                __vector_33
                0x0000086c                __vector_47
                0x0000086c                __vector_37
                0x0000086c                __vector_4
                0x0000086c                __vector_44
                0x0000086c                __vector_51
                0x0000086c                __vector_9
                0x0000086c                __vector_2
                0x0000086c                __vector_21
                0x0000086c                __vector_15
                0x0000086c                __vector_36
                0x0000086c                __vector_58
                0x0000086c                __vector_29
                0x0000086c                __vector_60
                0x0000086c                __vector_40
                0x0000086c                __vector_8
                0x0000086c                __vector_26
                0x0000086c                __vector_48
                0x0000086c                __vector_14
                0x0000086c                __vector_57
                0x0000086c                __vector_53
                0x0000086c                __vector_10
                0x0000086c                __vector_50
                0x0000086c                __vector_16
                0x0000086c                __vector_59
                0x0000086c                __vector_18
                0x0000086c                __vector_20
                0x0000086c                __vector_42
                0x00000870                . = ALIGN (0x2)
 *(.text.*)
 .text.atmel_start_init
                0x00000870        0x6 atmel_start.o
                0x00000870                atmel_start_init
 .text.Beep     0x00000876       0x10 driver_isr.o
                0x00000876                Beep
 .text.__vector_31
                0x00000886       0x58 driver_isr.o
                0x00000886                __vector_31
 .text.__vector_52
                0x000008de       0x58 driver_isr.o
                0x000008de                __vector_52
 .text.__vector_46
                0x00000936       0xfc driver_isr.o
                0x00000936                __vector_46
 .text.std_putchar
                0x00000a32       0x28 main.o
                0x00000a32                std_putchar
 .text.MCU_Init
                0x00000a5a       0x44 main.o
                0x00000a5a                MCU_Init
 .text.Fnd_Display
                0x00000a9e      0x114 main.o
                0x00000a9e                Fnd_Display
 .text.FND_Value_Data
                0x00000bb2       0x2c main.o
                0x00000bb2                FND_Value_Data
 .text.Key_Scan
                0x00000bde      0x14a main.o
                0x00000bde                Key_Scan
 .text.Read_eeprom
                0x00000d28      0x4e2 main.o
                0x00000d28                Read_eeprom
 .text.Alarm    0x0000120a       0x36 main.o
                0x0000120a                Alarm
 .text.Check_Value
                0x00001240      0x5ba main.o
                0x00001240                Check_Value
 .text.Send_To_Server
                0x000017fa      0x318 main.o
                0x000017fa                Send_To_Server
 .text.Send_To_Server_1
                0x00001b12       0x88 main.o
                0x00001b12                Send_To_Server_1
 .text.Receiv_PC
                0x00001b9a      0x3f2 main.o
                0x00001b9a                Receiv_PC
 .text.Time_Check
                0x00001f8c       0x76 main.o
                0x00001f8c                Time_Check
 .text.ADC_Check
                0x00002002      0x1fa main.o
                0x00002002                ADC_Check
 .text.Proportion_Set
                0x000021fc      0x24c main.o
                0x000021fc                Proportion_Set
 .text.Var_Init
                0x00002448       0x80 main.o
                0x00002448                Var_Init
 .text.wdt_reset
                0x000024c8        0x4 main.o
                0x000024c8                wdt_reset
 .text.Seting_Mode
                0x000024cc      0x146 main.o
                0x000024cc                Seting_Mode
 .text.main     0x00002612      0x2aa main.o
                0x00002612                main
 .text.ADC_init
                0x000028bc       0x10 src/adc.o
                0x000028bc                ADC_init
 .text.ADC_start_conversion
                0x000028cc       0x12 src/adc.o
                0x000028cc                ADC_start_conversion
 .text.ADC_is_conversion_done
                0x000028de        0x8 src/adc.o
                0x000028de                ADC_is_conversion_done
 .text.ADC_get_conversion_result
                0x000028e6        0xa src/adc.o
                0x000028e6                ADC_get_conversion_result
 .text.ADC_get_conversion
                0x000028f0       0x1c src/adc.o
                0x000028f0                ADC_get_conversion
 .text.VREF_ADC_init
                0x0000290c        0xe src/adc.o
                0x0000290c                VREF_ADC_init
 .text.BOD_init
                0x0000291a        0x8 src/bod.o
                0x0000291a                BOD_init
 .text.CLKCTRL_init
                0x00002922       0x18 src/clkctrl.o
                0x00002922                CLKCTRL_init
 .text.CPUINT_init
                0x0000293a        0x4 src/cpuint.o
                0x0000293a                CPUINT_init
 .text.mcu_init
                0x0000293e       0xaa src/driver_init.o
                0x0000293e                mcu_init
 .text.I2C_0_initialization
                0x000029e8       0x4a src/driver_init.o
                0x000029e8                I2C_0_initialization
 .text.USART_1_initialization
                0x00002a32       0x20 src/driver_init.o
                0x00002a32                USART_1_initialization
 .text.USART_3_initialization
                0x00002a52       0x20 src/driver_init.o
                0x00002a52                USART_3_initialization
 .text.ADC_initialization
                0x00002a72       0x20 src/driver_init.o
                0x00002a72                ADC_initialization
 .text.system_init
                0x00002a92       0x2e src/driver_init.o
                0x00002a92                system_init
 .text.ee_read_byte
                0x00002ac0       0x14 src/eeprom.o
                0x00002ac0                ee_read_byte
 .text.ee_read_word
                0x00002ad4       0x16 src/eeprom.o
                0x00002ad4                ee_read_word
 .text.ee_read_dword
                0x00002aea       0x1a src/eeprom.o
                0x00002aea                ee_read_dword
 .text.ee_write_byte
                0x00002b04       0x46 src/eeprom.o
                0x00002b04                ee_write_byte
 .text.ee_write_word
                0x00002b4a       0x3a src/eeprom.o
                0x00002b4a                ee_write_word
 .text.ee_write_dword
                0x00002b84       0x50 src/eeprom.o
                0x00002b84                ee_write_dword
 .text.Gukbun_Set
                0x00002bd4       0xae src/gateway.o
                0x00002bd4                Gukbun_Set
 .text.Gwid_Set
                0x00002c82       0xae src/gateway.o
                0x00002c82                Gwid_Set
 .text.Gateway_Set
                0x00002d30      0x136 src/gateway.o
                0x00002d30                Gateway_Set
 .text.I2C_0_do_I2C_RESET
                0x00002e66       0x20 src/i2c_master.o
 .text.I2C_0_do_I2C_IDLE
                0x00002e86       0x10 src/i2c_master.o
 .text.I2C_0_do_I2C_SEND_STOP
                0x00002e96       0x10 src/i2c_master.o
 .text.I2C_0_do_I2C_SEND_ADR_READ
                0x00002ea6       0x1c src/i2c_master.o
 .text.I2C_0_do_I2C_SEND_RESTART
                0x00002ec2        0x6 src/i2c_master.o
 .text.I2C_0_do_I2C_SEND_RESTART_READ
                0x00002ec8        0x6 src/i2c_master.o
 .text.I2C_0_do_I2C_SEND_ADR_WRITE
                0x00002ece       0x16 src/i2c_master.o
 .text.I2C_0_do_I2C_SEND_RESTART_WRITE
                0x00002ee4        0x6 src/i2c_master.o
 .text.I2C_0_do_I2C_DO_ADDRESS_NACK
                0x00002eea       0x40 src/i2c_master.o
 .text.I2C_0_do_I2C_RX_DO_ACK
                0x00002f2a        0xe src/i2c_master.o
 .text.I2C_0_do_I2C_TX_DO_ACK
                0x00002f38        0xe src/i2c_master.o
 .text.I2C_0_do_I2C_DO_NACK_STOP
                0x00002f46       0x16 src/i2c_master.o
 .text.I2C_0_do_I2C_DO_NACK_RESTART
                0x00002f5c        0xe src/i2c_master.o
 .text.I2C_0_do_I2C_TX
                0x00002f6a       0x6c src/i2c_master.o
 .text.I2C_0_do_I2C_RX
                0x00002fd6       0xba src/i2c_master.o
 .text.I2C_0_do_I2C_TX_EMPTY
                0x00003090       0x7a src/i2c_master.o
 .text.I2C_0_do_I2C_BUS_COLLISION
                0x0000310a       0x44 src/i2c_master.o
 .text.I2C_0_do_I2C_BUS_ERROR
                0x0000314e       0x22 src/i2c_master.o
 .text.I2C_0_master_isr
                0x00003170       0x60 src/i2c_master.o
 .text.I2C_0_return_stop
                0x000031d0        0x4 src/i2c_master.o
 .text.I2C_0_return_reset
                0x000031d4        0x4 src/i2c_master.o
 .text.I2C_0_set_callback
                0x000031d8       0x52 src/i2c_master.o
 .text.I2C_0_set_data_complete_callback
                0x0000322a        0xc src/i2c_master.o
                0x0000322a                I2C_0_set_data_complete_callback
 .text.I2C_0_set_address_nack_callback
                0x00003236        0xc src/i2c_master.o
                0x00003236                I2C_0_set_address_nack_callback
 .text.I2C_0_init
                0x00003242        0xe src/i2c_master.o
                0x00003242                I2C_0_init
 .text.I2C_0_open
                0x00003250       0x7a src/i2c_master.o
                0x00003250                I2C_0_open
 .text.I2C_0_close
                0x000032ca       0x50 src/i2c_master.o
                0x000032ca                I2C_0_close
 .text.I2C_0_set_buffer
                0x0000331a       0x1e src/i2c_master.o
                0x0000331a                I2C_0_set_buffer
 .text.I2C_0_master_operation
                0x00003338       0x2e src/i2c_master.o
                0x00003338                I2C_0_master_operation
 .text.I2C_0_master_write
                0x00003366        0x8 src/i2c_master.o
                0x00003366                I2C_0_master_write
 .text.__vector_43
                0x0000336e       0x50 src/i2c_master.o
                0x0000336e                __vector_43
 .text.I2C_0_wr1RegCompleteHandler
                0x000033be       0x18 src/i2c_simple_master.o
 .text.I2C_0_rd1RegCompleteHandler
                0x000033d6       0x18 src/i2c_simple_master.o
 .text.I2C_0_write1ByteRegister
                0x000033ee       0x88 src/i2c_simple_master.o
                0x000033ee                I2C_0_write1ByteRegister
 .text.I2C_0_read1ByteRegister
                0x00003476       0x80 src/i2c_simple_master.o
                0x00003476                I2C_0_read1ByteRegister
 .text.i2c_cb_restart_write
                0x000034f6        0x4 src/i2c_types.o
                0x000034f6                i2c_cb_restart_write
 .text.Cell_Desplay
                0x000034fa      0x204 src/loadcell.o
                0x000034fa                Cell_Desplay
 .text.INT_Desplay
                0x000036fe      0x1f8 src/loadcell.o
                0x000036fe                INT_Desplay
 .text.CellRead_1
                0x000038f6       0xe6 src/loadcell.o
                0x000038f6                CellRead_1
 .text.CellRead_2
                0x000039dc       0xe6 src/loadcell.o
                0x000039dc                CellRead_2
 .text.CellRead_3
                0x00003ac2       0xe6 src/loadcell.o
                0x00003ac2                CellRead_3
 .text.Cell_Zero_Set
                0x00003ba8      0x184 src/loadcell.o
                0x00003ba8                Cell_Zero_Set
 .text.Read_Load_Cell
                0x00003d2c      0x49a src/loadcell.o
                0x00003d2c                Read_Load_Cell
 .text.IN_Scales_Set
                0x000041c6      0x49e src/loadcell.o
                0x000041c6                IN_Scales_Set
 .text.RO_Set   0x00004664      0xb74 src/loadcell.o
                0x00004664                RO_Set
 .text.Interval_Set
                0x000051d8      0x31e src/loadcell.o
                0x000051d8                Interval_Set
 .text.CAPA_Set
                0x000054f6      0x3d2 src/loadcell.o
                0x000054f6                CAPA_Set
 .text.CNT_Set  0x000058c8       0xea src/loadcell.o
                0x000058c8                CNT_Set
 .text.ID_Set   0x000059b2       0xea src/loadcell.o
                0x000059b2                ID_Set
 .text.Cell_Select
                0x00005a9c      0x84e src/loadcell.o
                0x00005a9c                Cell_Select
 .text.Loadcell_Set
                0x000062ea      0x104 src/loadcell.o
                0x000062ea                Loadcell_Set
 .text.protected_write_io
                0x000063ee        0xa src/protected_io.o
                0x000063ee                protected_write_io
 .text.RTC_Single_Read
                0x000063f8       0x1e src/rtc.o
                0x000063f8                RTC_Single_Read
 .text.RTC_Time_Read
                0x00006416       0x46 src/rtc.o
                0x00006416                RTC_Time_Read
 .text.RTC_Single_Write
                0x0000645c       0x30 src/rtc.o
                0x0000645c                RTC_Single_Write
 .text.RTC_Time_Write
                0x0000648c       0x5c src/rtc.o
                0x0000648c                RTC_Time_Write
 .text.RTC_Set  0x000064e8      0x6a8 src/rtc.o
                0x000064e8                RTC_Set
 .text.SLPCTRL_init
                0x00006b90        0x4 src/slpctrl.o
                0x00006b90                SLPCTRL_init
 .text.TIMER_1_init
                0x00006b94       0x18 src/tca.o
                0x00006b94                TIMER_1_init
 .text.USART_1_init
                0x00006bac       0x18 src/usart.o
                0x00006bac                USART_1_init
 .text.USART1_Write
                0x00006bc4       0x12 src/usart.o
                0x00006bc4                USART1_Write
 .text.USART_3_init
                0x00006bd6       0x18 src/usart.o
                0x00006bd6                USART_3_init
 .text.USART3_Write
                0x00006bee       0x12 src/usart.o
                0x00006bee                USART3_Write
 .text.USART3_SendString
                0x00006c00       0x3c src/usart.o
                0x00006c00                USART3_SendString
 .text.Rx3_Buff_Clear
                0x00006c3c       0x14 src/usart.o
                0x00006c3c                Rx3_Buff_Clear
 .text.WDT_init
                0x00006c50       0x10 src/wdt.o
                0x00006c50                WDT_init
 .text.ZigBee_Write_id
                0x00006c60      0x1cc src/zigbee.o
                0x00006c60                ZigBee_Write_id
 .text.ZigBee_PanID_Write
                0x00006e2c      0x55e src/zigbee.o
                0x00006e2c                ZigBee_PanID_Write
 .text.ZigBee_Write_ch
                0x0000738a      0x1e6 src/zigbee.o
                0x0000738a                ZigBee_Write_ch
 .text.ZigBee_Channel_Write
                0x00007570       0x9c src/zigbee.o
                0x00007570                ZigBee_Channel_Write
 .text.ZigBee_Read
                0x0000760c      0x2c4 src/zigbee.o
                0x0000760c                ZigBee_Read
 .text.ZigBee_Set
                0x000078d0      0x2c6 src/zigbee.o
                0x000078d0                ZigBee_Set
 .text.avr-libc.fplib
                0x00007b96        0xe c:/program files (x86)/atmel/studio/7.0/toolchain/avr8/avr8-gnu-toolchain/bin/../lib/gcc/avr/5.4.0/../../../../avr/lib/avrxmega4\libm.a(addsf3.o)
                0x00007b96                __subsf3
                0x00007b98                __addsf3
 .text.avr-libc.fplib
                0x00007ba4       0xcc c:/program files (x86)/atmel/studio/7.0/toolchain/avr8/avr8-gnu-toolchain/bin/../lib/gcc/avr/5.4.0/../../../../avr/lib/avrxmega4\libm.a(addsf3x.o)
                0x00007bc6                __addsf3x
 .text.avr-libc.fplib
                0x00007c70        0xa c:/program files (x86)/atmel/studio/7.0/toolchain/avr8/avr8-gnu-toolchain/bin/../lib/gcc/avr/5.4.0/../../../../avr/lib/avrxmega4\libm.a(cmpsf2.o)
                0x00007c70                __nesf2
                0x00007c70                __eqsf2
                0x00007c70                __cmpsf2
                0x00007c70                __ltsf2
                0x00007c70                __lesf2
 .text.avr-libc.fplib
                0x00007c7a        0x8 c:/program files (x86)/atmel/studio/7.0/toolchain/avr8/avr8-gnu-toolchain/bin/../lib/gcc/avr/5.4.0/../../../../avr/lib/avrxmega4\libm.a(divsf3.o)
                0x00007c7a                __divsf3
 .text.avr-libc.fplib
                0x00007c82       0xdc c:/program files (x86)/atmel/studio/7.0/toolchain/avr8/avr8-gnu-toolchain/bin/../lib/gcc/avr/5.4.0/../../../../avr/lib/avrxmega4\libm.a(divsf3x.o)
                0x00007ca2                __divsf3x
                0x00007ca8                __divsf3_pse
 .text.avr-libc.fplib
                0x00007d5e        0xe c:/program files (x86)/atmel/studio/7.0/toolchain/avr8/avr8-gnu-toolchain/bin/../lib/gcc/avr/5.4.0/../../../../avr/lib/avrxmega4\libm.a(fixsfsi.o)
                0x00007d5e                __fixsfsi
 .text.avr-libc.fplib
                0x00007d6c       0x5e c:/program files (x86)/atmel/studio/7.0/toolchain/avr8/avr8-gnu-toolchain/bin/../lib/gcc/avr/5.4.0/../../../../avr/lib/avrxmega4\libm.a(fixunssfsi.o)
                0x00007d6c                __fixunssfsi
 .text.avr-libc.fplib
                0x00007dca       0x7a c:/program files (x86)/atmel/studio/7.0/toolchain/avr8/avr8-gnu-toolchain/bin/../lib/gcc/avr/5.4.0/../../../../avr/lib/avrxmega4\libm.a(floatsisf.o)
                0x00007dca                __floatunsisf
                0x00007dce                __floatsisf
 .text.avr-libc.fplib
                0x00007e44       0x48 c:/program files (x86)/atmel/studio/7.0/toolchain/avr8/avr8-gnu-toolchain/bin/../lib/gcc/avr/5.4.0/../../../../avr/lib/avrxmega4\libm.a(fp_cmp.o)
                0x00007e44                __fp_cmp
 .text.avr-libc.fplib
                0x00007e8c        0xc c:/program files (x86)/atmel/studio/7.0/toolchain/avr8/avr8-gnu-toolchain/bin/../lib/gcc/avr/5.4.0/../../../../avr/lib/avrxmega4\libm.a(fp_inf.o)
                0x00007e8c                __fp_inf
 .text.avr-libc.fplib
                0x00007e98        0x6 c:/program files (x86)/atmel/studio/7.0/toolchain/avr8/avr8-gnu-toolchain/bin/../lib/gcc/avr/5.4.0/../../../../avr/lib/avrxmega4\libm.a(fp_nan.o)
                0x00007e98                __fp_nan
 .text.avr-libc.fplib
                0x00007e9e        0xe c:/program files (x86)/atmel/studio/7.0/toolchain/avr8/avr8-gnu-toolchain/bin/../lib/gcc/avr/5.4.0/../../../../avr/lib/avrxmega4\libm.a(fp_pscA.o)
                0x00007e9e                __fp_pscA
 .text.avr-libc.fplib
                0x00007eac        0xe c:/program files (x86)/atmel/studio/7.0/toolchain/avr8/avr8-gnu-toolchain/bin/../lib/gcc/avr/5.4.0/../../../../avr/lib/avrxmega4\libm.a(fp_pscB.o)
                0x00007eac                __fp_pscB
 .text.avr-libc.fplib
                0x00007eba       0x22 c:/program files (x86)/atmel/studio/7.0/toolchain/avr8/avr8-gnu-toolchain/bin/../lib/gcc/avr/5.4.0/../../../../avr/lib/avrxmega4\libm.a(fp_round.o)
                0x00007eba                __fp_round
 .text.avr-libc.fplib
                0x00007edc       0x44 c:/program files (x86)/atmel/studio/7.0/toolchain/avr8/avr8-gnu-toolchain/bin/../lib/gcc/avr/5.4.0/../../../../avr/lib/avrxmega4\libm.a(fp_split3.o)
                0x00007edc                __fp_split3
                0x00007eec                __fp_splitA
 .text.avr-libc.fplib
                0x00007f20        0xe c:/program files (x86)/atmel/studio/7.0/toolchain/avr8/avr8-gnu-toolchain/bin/../lib/gcc/avr/5.4.0/../../../../avr/lib/avrxmega4\libm.a(fp_zero.o)
                0x00007f20                __fp_zero
                0x00007f22                __fp_szero
 .text.avr-libc.fplib
                0x00007f2e        0xa c:/program files (x86)/atmel/studio/7.0/toolchain/avr8/avr8-gnu-toolchain/bin/../lib/gcc/avr/5.4.0/../../../../avr/lib/avrxmega4\libm.a(gesf2.o)
                0x00007f2e                __gesf2
                0x00007f2e                __gtsf2
 .text.avr-libc.fplib
                0x00007f38        0x8 c:/program files (x86)/atmel/studio/7.0/toolchain/avr8/avr8-gnu-toolchain/bin/../lib/gcc/avr/5.4.0/../../../../avr/lib/avrxmega4\libm.a(mulsf3.o)
                0x00007f38                __mulsf3
 .text.avr-libc.fplib
                0x00007f40       0xd2 c:/program files (x86)/atmel/studio/7.0/toolchain/avr8/avr8-gnu-toolchain/bin/../lib/gcc/avr/5.4.0/../../../../avr/lib/avrxmega4\libm.a(mulsf3x.o)
                0x00007f5e                __mulsf3x
                0x00007f64                __mulsf3_pse
 .text.avr-libc
                0x00008012      0x740 c:/program files (x86)/atmel/studio/7.0/toolchain/avr8/avr8-gnu-toolchain/bin/../lib/gcc/avr/5.4.0/../../../../avr/lib/avrxmega4\libprintf_flt.a(vfprintf_flt.o)
                0x00008012                vfprintf
 .text.libgcc.div
                0x00008752       0x28 c:/program files (x86)/atmel/studio/7.0/toolchain/avr8/avr8-gnu-toolchain/bin/../lib/gcc/avr/5.4.0/avrxmega4\libgcc.a(_divmodhi4.o)
                0x00008752                _div
                0x00008752                __divmodhi4
 .text.libgcc.div
                0x0000877a       0x44 c:/program files (x86)/atmel/studio/7.0/toolchain/avr8/avr8-gnu-toolchain/bin/../lib/gcc/avr/5.4.0/avrxmega4\libgcc.a(_udivmodsi4.o)
                0x0000877a                __udivmodsi4
 .text.libgcc.div
                0x000087be       0x2e c:/program files (x86)/atmel/studio/7.0/toolchain/avr8/avr8-gnu-toolchain/bin/../lib/gcc/avr/5.4.0/avrxmega4\libgcc.a(_divmodsi4.o)
                0x000087be                __divmodsi4
 .text.libgcc.div
                0x000087ec       0x10 c:/program files (x86)/atmel/studio/7.0/toolchain/avr8/avr8-gnu-toolchain/bin/../lib/gcc/avr/5.4.0/avrxmega4\libgcc.a(_negsi2.o)
                0x000087ec                __negsi2
 .text.libgcc   0x000087fc       0x12 c:/program files (x86)/atmel/studio/7.0/toolchain/avr8/avr8-gnu-toolchain/bin/../lib/gcc/avr/5.4.0/avrxmega4\libgcc.a(_tablejump2.o)
                0x000087fc                __tablejump2__
 .text.libgcc.mul
                0x0000880e       0x1e c:/program files (x86)/atmel/studio/7.0/toolchain/avr8/avr8-gnu-toolchain/bin/../lib/gcc/avr/5.4.0/avrxmega4\libgcc.a(_umulhisi3.o)
                0x0000880e                __umulhisi3
 .text.libgcc.mul
                0x0000882c       0x16 c:/program files (x86)/atmel/studio/7.0/toolchain/avr8/avr8-gnu-toolchain/bin/../lib/gcc/avr/5.4.0/avrxmega4\libgcc.a(_muluhisi3.o)
                0x0000882c                __muluhisi3
 .text.libgcc.mul
                0x00008842       0xa0 c:/program files (x86)/atmel/studio/7.0/toolchain/avr8/avr8-gnu-toolchain/bin/../lib/gcc/avr/5.4.0/avrxmega4\libgcc.a(_muldi3.o)
                0x00008842                __muldi3
 .text.libgcc.mul
                0x000088e2       0x12 c:/program files (x86)/atmel/studio/7.0/toolchain/avr8/avr8-gnu-toolchain/bin/../lib/gcc/avr/5.4.0/avrxmega4\libgcc.a(_muldi3_6.o)
                0x000088e2                __muldi3_6
 .text.libgcc.div
                0x000088f4       0x1c c:/program files (x86)/atmel/studio/7.0/toolchain/avr8/avr8-gnu-toolchain/bin/../lib/gcc/avr/5.4.0/avrxmega4\libgcc.a(_udivdi3.o)
                0x000088f4                __umoddi3
                0x000088f8                __udivdi3
                0x000088fa                __udivdi3_umoddi3
 .text.libgcc.div
                0x00008910       0xa2 c:/program files (x86)/atmel/studio/7.0/toolchain/avr8/avr8-gnu-toolchain/bin/../lib/gcc/avr/5.4.0/avrxmega4\libgcc.a(_udivmod64.o)
                0x00008910                __udivmod64
 .text.libgcc.builtins
                0x000089b2       0x32 c:/program files (x86)/atmel/studio/7.0/toolchain/avr8/avr8-gnu-toolchain/bin/../lib/gcc/avr/5.4.0/avrxmega4\libgcc.a(_ashldi3.o)
                0x000089b2                __ashldi3
 .text.libgcc   0x000089e4       0x12 c:/program files (x86)/atmel/studio/7.0/toolchain/avr8/avr8-gnu-toolchain/bin/../lib/gcc/avr/5.4.0/avrxmega4\libgcc.a(_adddi3.o)
                0x000089e4                __adddi3
 .text.libgcc   0x000089f6       0x18 c:/program files (x86)/atmel/studio/7.0/toolchain/avr8/avr8-gnu-toolchain/bin/../lib/gcc/avr/5.4.0/avrxmega4\libgcc.a(_adddi3_s8.o)
                0x000089f6                __adddi3_s8
 .text.libgcc   0x00008a0e       0x12 c:/program files (x86)/atmel/studio/7.0/toolchain/avr8/avr8-gnu-toolchain/bin/../lib/gcc/avr/5.4.0/avrxmega4\libgcc.a(_subdi3.o)
                0x00008a0e                __subdi3
 .text.libgcc   0x00008a20       0x18 c:/program files (x86)/atmel/studio/7.0/toolchain/avr8/avr8-gnu-toolchain/bin/../lib/gcc/avr/5.4.0/avrxmega4\libgcc.a(_cmpdi2_s8.o)
                0x00008a20                __cmpdi2_s8
 .text.libgcc.div
                0x00008a38       0x28 c:/program files (x86)/atmel/studio/7.0/toolchain/avr8/avr8-gnu-toolchain/bin/../lib/gcc/avr/5.4.0/avrxmega4\libgcc.a(_udivmodhi4.o)
                0x00008a38                __udivmodhi4
 .text.avr-libc
                0x00008a60      0x1b0 c:/program files (x86)/atmel/studio/7.0/toolchain/avr8/avr8-gnu-toolchain/bin/../lib/gcc/avr/5.4.0/../../../../avr/lib/avrxmega4\libc.a(ftoa_engine.o)
                0x00008a60                __ftoa_engine
 .text.avr-libc
                0x00008c10       0x16 c:/program files (x86)/atmel/studio/7.0/toolchain/avr8/avr8-gnu-toolchain/bin/../lib/gcc/avr/5.4.0/../../../../avr/lib/avrxmega4\libc.a(strnlen_P.o)
                0x00008c10                strnlen_P
 .text.avr-libc
                0x00008c26       0x16 c:/program files (x86)/atmel/studio/7.0/toolchain/avr8/avr8-gnu-toolchain/bin/../lib/gcc/avr/5.4.0/../../../../avr/lib/avrxmega4\libc.a(strnlen.o)
                0x00008c26                strnlen
 .text.avr-libc
                0x00008c3c       0x96 c:/program files (x86)/atmel/studio/7.0/toolchain/avr8/avr8-gnu-toolchain/bin/../lib/gcc/avr/5.4.0/../../../../avr/lib/avrxmega4\libc.a(fdevopen.o)
                0x00008c3c                fdevopen
 .text.avr-libc
                0x00008cd2       0x78 c:/program files (x86)/atmel/studio/7.0/toolchain/avr8/avr8-gnu-toolchain/bin/../lib/gcc/avr/5.4.0/../../../../avr/lib/avrxmega4\libc.a(fputc.o)
                0x00008cd2                fputc
 .text.avr-libc
                0x00008d4a       0x28 c:/program files (x86)/atmel/studio/7.0/toolchain/avr8/avr8-gnu-toolchain/bin/../lib/gcc/avr/5.4.0/../../../../avr/lib/avrxmega4\libc.a(printf.o)
                0x00008d4a                printf
 .text.avr-libc
                0x00008d72       0x60 c:/program files (x86)/atmel/studio/7.0/toolchain/avr8/avr8-gnu-toolchain/bin/../lib/gcc/avr/5.4.0/../../../../avr/lib/avrxmega4\libc.a(puts.o)
                0x00008d72                puts
 .text.avr-libc
                0x00008dd2       0xbc c:/program files (x86)/atmel/studio/7.0/toolchain/avr8/avr8-gnu-toolchain/bin/../lib/gcc/avr/5.4.0/../../../../avr/lib/avrxmega4\libc.a(ultoa_invert.o)
                0x00008dd2                __ultoa_invert
 .text.avr-libc
                0x00008e8e       0x38 c:/program files (x86)/atmel/studio/7.0/toolchain/avr8/avr8-gnu-toolchain/bin/../lib/gcc/avr/5.4.0/../../../../avr/lib/avrxmega4\libc.a(calloc.o)
                0x00008e8e                calloc
 .text.avr-libc
                0x00008ec6      0x242 c:/program files (x86)/atmel/studio/7.0/toolchain/avr8/avr8-gnu-toolchain/bin/../lib/gcc/avr/5.4.0/../../../../avr/lib/avrxmega4\libc.a(malloc.o)
                0x00008ec6                malloc
                0x00008ff6                free
 .text.avr-libc
                0x00009108        0xe c:/program files (x86)/atmel/studio/7.0/toolchain/avr8/avr8-gnu-toolchain/bin/../lib/gcc/avr/5.4.0/../../../../avr/lib/avrxmega4\libc.a(memset.o)
                0x00009108                memset
                0x00009116                . = ALIGN (0x2)
 *(.fini9)
 .fini9         0x00009116        0x0 c:/program files (x86)/atmel/studio/7.0/toolchain/avr8/avr8-gnu-toolchain/bin/../lib/gcc/avr/5.4.0/avrxmega4\libgcc.a(_exit.o)
                0x00009116                _exit
                0x00009116                exit
 *(.fini9)
 *(.fini8)
 *(.fini8)
 *(.fini7)
 *(.fini7)
 *(.fini6)
 *(.fini6)
 *(.fini5)
 *(.fini5)
 *(.fini4)
 *(.fini4)
 *(.fini3)
 *(.fini3)
 *(.fini2)
 *(.fini2)
 *(.fini1)
 *(.fini1)
 *(.fini0)
 .fini0         0x00009116        0x4 c:/program files (x86)/atmel/studio/7.0/toolchain/avr8/avr8-gnu-toolchain/bin/../lib/gcc/avr/5.4.0/avrxmega4\libgcc.a(_exit.o)
 *(.fini0)
                0x0000911a                _etext = .

.data           0x00804000       0xc0 load address 0x0000911a
                0x00804000                PROVIDE (__data_start, .)
 *(.data)
 .data          0x00804000        0x6 c:/program files (x86)/atmel/studio/7.0/toolchain/avr8/avr8-gnu-toolchain/bin/../lib/gcc/avr/5.4.0/../../../../avr/lib/avrxmega4\libc.a(malloc.o)
                0x00804000                __malloc_heap_end
                0x00804002                __malloc_heap_start
                0x00804004                __malloc_margin
 *(.data*)
 .data.I2C_0_fsmStateTable
                0x00804006       0x24 src/i2c_master.o
                0x00804006                I2C_0_fsmStateTable
 .data.CH       0x0080402a       0x1e src/zigbee.o
                0x0080402a                CH
 *(.gnu.linkonce.d*)
 *(.rodata)
 *(.rodata*)
 .rodata.str1.1
                0x00804048       0x44 main.o
                                 0x46 (size before relaxing)
 .rodata.fnd_tbl
                0x0080408c        0xd main.o
                0x0080408c                fnd_tbl
 .rodata.str1.1
                0x00804099       0x26 src/zigbee.o
 *(.gnu.linkonce.r*)
                0x008040c0                . = ALIGN (0x2)
 *fill*         0x008040bf        0x1 
                0x008040c0                _edata = .
                0x008040c0                PROVIDE (__data_end, .)

.bss            0x008040c0      0x2e4
                0x008040c0                PROVIDE (__bss_start, .)
 *(.bss)
 *(.bss*)
 .bss.cnt.6662  0x008040c0        0x1 main.o
 .bss.DIGIT     0x008040c1        0xc main.o
                0x008040c1                DIGIT
 .bss.I2C_0_status
                0x008040cd       0x24 src/i2c_master.o
                0x008040cd                I2C_0_status
 *(COMMON)
 COMMON         0x008040f1      0x2a9 atmel_start.o
                0x008040f1                CAPA_1000
                0x008040f2                ADC_Value_2
                0x008040f6                Interval_1
                0x008040f8                Cell_RO_2
                0x008040fc                Weight_10000
                0x008040fd                Cell_ID_1
                0x008040fe                Zero_Count_2
                0x008040ff                Pan_id_100
                0x00804101                Sum_Value
                0x00804105                Interval_2
                0x00804107                Data_3
                0x0080412f                OLD_Date
                0x00804130                Cell_RO_1
                0x00804134                Rx1_Cnt
                0x00804135                Zero_Buff
                0x00804136                ZB_ch
                0x00804137                Pan_id_1
                0x00804139                IN_S_10
                0x0080413a                Cell_RO_3
                0x0080413e                ID
                0x0080413f                Minimum_Value
                0x00804143                Cell_CNT_1
                0x00804144                Rx1_Buff
                0x0080415d                CAPA
                0x00804161                Cell_ID_3
                0x00804162                IN_S_10000
                0x00804163                IN_S_100
                0x00804164                IN_Weight_2
                0x00804166                INT_100
                0x00804167                Pan_id_10
                0x00804169                SET
                0x0080416c                AD_Channel_2
                0x00804170                RO
                0x00804178                Blink_Timer
                0x00804179                Maximum_Value
                0x0080417d                CELL
                0x008041c6                CAPA_1
                0x008041c7                OK_Count_3
                0x008041c8                Zero_Count_3
                0x008041c9                Timer
                0x008041d4                ADC_Value_1
                0x008041d8                IN_Weight_3
                0x008041da                Value_Count_1
                0x008041db                RTC_T
                0x008041e3                RO_10
                0x008041eb                Weight_10
                0x008041ec                Gukbun
                0x008041ed                Pan_id_1000
                0x008041ef                printf_port
                0x008041f0                KEY
                0x008041f5                OK_Count
                0x008041f6                Gwid
                0x008041f7                Cell_Capa_3
                0x008041fb                Cell_Capa_1
                0x008041ff                OK_Count_1
                0x00804200                RO_10000
                0x00804208                CAPA_100
                0x00804209                Cell_Capa_2
                0x0080420d                ZB_id
                0x0080420f                Weight_1
                0x00804210                IN_S_1
                0x00804211                INT
                0x00804213                Beep_Timer
                0x00804214                Zero_Count_1
                0x00804215                Cell_CNT_3
                0x00804216                CAPA_10
                0x00804217                AD_Channel_1
                0x0080421b                ADC_Value_0
                0x0080421f                Weight_100
                0x00804220                CNT
                0x00804221                Rx3_Cnt
                0x00804222                RO_100
                0x0080422a                Blink
                0x0080422b                Data_2
                0x00804253                Interval_3
                0x00804255                IN_S_1000
                0x00804256                INT_10
                0x00804257                Weight_1000
                0x00804258                Value_Count_2
                0x00804259                AD_Channel_0
                0x0080425d                OK_Count_2
                0x0080425e                Cell_CNT_2
                0x0080425f                Value_Count_3
                0x00804260                RO_1
                0x00804268                INT_1
                0x00804269                Rx3_Buff
                0x00804363                IN_S
                0x00804365                Cell_ID_2
                0x00804366                RO_1000
                0x0080436e                IN_Weight_1
                0x00804370                IN_Weight
                0x00804372                Data_1
 COMMON         0x0080439a        0x6 c:/program files (x86)/atmel/studio/7.0/toolchain/avr8/avr8-gnu-toolchain/bin/../lib/gcc/avr/5.4.0/../../../../avr/lib/avrxmega4\libc.a(iob.o)
                0x0080439a                __iob
 COMMON         0x008043a0        0x4 c:/program files (x86)/atmel/studio/7.0/toolchain/avr8/avr8-gnu-toolchain/bin/../lib/gcc/avr/5.4.0/../../../../avr/lib/avrxmega4\libc.a(malloc.o)
                0x008043a0                __brkval
                0x008043a2                __flp
                0x008043a4                PROVIDE (__bss_end, .)
                0x0000911a                __data_load_start = LOADADDR (.data)
                0x000091da                __data_load_end = (__data_load_start + SIZEOF (.data))

.noinit         0x008043a4        0x0
                [!provide]                PROVIDE (__noinit_start, .)
 *(.noinit*)
                [!provide]                PROVIDE (__noinit_end, .)
                0x008043a4                _end = .
                0x008043a4                PROVIDE (__heap_start, .)

.eeprom         0x00810000        0x0
 *(.eeprom*)
                0x00810000                __eeprom_end = .

.fuse           0x00820000        0x9
 *(.fuse)
 .fuse          0x00820000        0x9 main.o
                0x00820000                __fuse
 *(.lfuse)
 *(.hfuse)
 *(.efuse)

.lock
 *(.lock*)

.signature
 *(.signature*)

.user_signatures
 *(.user_signatures*)

.stab
 *(.stab)

.stabstr
 *(.stabstr)

.stab.excl
 *(.stab.excl)

.stab.exclstr
 *(.stab.exclstr)

.stab.index
 *(.stab.index)

.stab.indexstr
 *(.stab.indexstr)

.comment        0x00000000       0x5c
 *(.comment)
 .comment       0x00000000       0x30 atmel_start.o
                                 0x31 (size before relaxing)
 .comment       0x00000030       0x31 driver_isr.o
 .comment       0x00000030       0x31 main.o
 .comment       0x00000030       0x31 src/adc.o
 .comment       0x00000030       0x31 src/bod.o
 .comment       0x00000030       0x31 src/clkctrl.o
 .comment       0x00000030       0x31 src/cpuint.o
 .comment       0x00000030       0x31 src/driver_init.o
 .comment       0x00000030       0x31 src/eeprom.o
 .comment       0x00000030       0x31 src/gateway.o
 .comment       0x00000030       0x31 src/i2c_master.o
 .comment       0x00000030       0x31 src/i2c_simple_master.o
 .comment       0x00000030       0x31 src/i2c_types.o
 .comment       0x00000030       0x31 src/loadcell.o
 .comment       0x00000030       0x31 src/rtc.o
 .comment       0x00000030       0x31 src/slpctrl.o
 .comment       0x00000030       0x31 src/tca.o
 .comment       0x00000030       0x31 src/usart.o
 .comment       0x00000030       0x31 src/wdt.o
 .comment       0x00000030       0x31 src/zigbee.o
 .comment       0x00000030       0x2c c:/program files (x86)/atmel/studio/7.0/toolchain/avr8/avr8-gnu-toolchain/bin/../lib/gcc/avr/5.4.0/../../../../avr/lib/avrxmega4\libprintf_flt.a(vfprintf_flt.o)
                                 0x2d (size before relaxing)
 .comment       0x0000005c       0x31 c:/program files (x86)/atmel/studio/7.0/toolchain/avr8/avr8-gnu-toolchain/bin/../lib/gcc/avr/5.4.0/../../../../avr/lib/avrxmega4\libc.a(fdevopen.o)
 .comment       0x0000005c       0x31 c:/program files (x86)/atmel/studio/7.0/toolchain/avr8/avr8-gnu-toolchain/bin/../lib/gcc/avr/5.4.0/../../../../avr/lib/avrxmega4\libc.a(fputc.o)
 .comment       0x0000005c       0x31 c:/program files (x86)/atmel/studio/7.0/toolchain/avr8/avr8-gnu-toolchain/bin/../lib/gcc/avr/5.4.0/../../../../avr/lib/avrxmega4\libc.a(iob.o)
 .comment       0x0000005c       0x31 c:/program files (x86)/atmel/studio/7.0/toolchain/avr8/avr8-gnu-toolchain/bin/../lib/gcc/avr/5.4.0/../../../../avr/lib/avrxmega4\libc.a(printf.o)
 .comment       0x0000005c       0x31 c:/program files (x86)/atmel/studio/7.0/toolchain/avr8/avr8-gnu-toolchain/bin/../lib/gcc/avr/5.4.0/../../../../avr/lib/avrxmega4\libc.a(puts.o)
 .comment       0x0000005c       0x31 c:/program files (x86)/atmel/studio/7.0/toolchain/avr8/avr8-gnu-toolchain/bin/../lib/gcc/avr/5.4.0/../../../../avr/lib/avrxmega4\libc.a(calloc.o)
 .comment       0x0000005c       0x31 c:/program files (x86)/atmel/studio/7.0/toolchain/avr8/avr8-gnu-toolchain/bin/../lib/gcc/avr/5.4.0/../../../../avr/lib/avrxmega4\libc.a(malloc.o)

.note.gnu.avr.deviceinfo
                0x00000000       0x40
 .note.gnu.avr.deviceinfo
                0x00000000       0x40 C:/Program Files (x86)/Atmel/Studio/7.0/Packs/atmel/AVR-Dx_DFP/1.8.95/gcc/dev/avr128da64/avrxmega4/crtavr128da64.o

.note.gnu.build-id
 *(.note.gnu.build-id)

.debug
 *(.debug)

.line
 *(.line)

.debug_srcinfo
 *(.debug_srcinfo)

.debug_sfnames
 *(.debug_sfnames)

.debug_aranges  0x00000000      0x688
 *(.debug_aranges)
 .debug_aranges
                0x00000000       0x20 atmel_start.o
 .debug_aranges
                0x00000020       0x38 driver_isr.o
 .debug_aranges
                0x00000058       0xb0 main.o
 .debug_aranges
                0x00000108       0x58 src/adc.o
 .debug_aranges
                0x00000160       0x20 src/bod.o
 .debug_aranges
                0x00000180       0x20 src/clkctrl.o
 .debug_aranges
                0x000001a0       0x20 src/cpuint.o
 .debug_aranges
                0x000001c0       0x48 src/driver_init.o
 .debug_aranges
                0x00000208       0x60 src/eeprom.o
 .debug_aranges
                0x00000268       0x30 src/gateway.o
 .debug_aranges
                0x00000298      0x148 src/i2c_master.o
 .debug_aranges
                0x000003e0       0x78 src/i2c_simple_master.o
 .debug_aranges
                0x00000458       0x38 src/i2c_types.o
 .debug_aranges
                0x00000490       0x90 src/loadcell.o
 .debug_aranges
                0x00000520       0x20 src/protected_io.o
 .debug_aranges
                0x00000540       0x40 src/rtc.o
 .debug_aranges
                0x00000580       0x28 src/slpctrl.o
 .debug_aranges
                0x000005a8       0x20 src/tca.o
 .debug_aranges
                0x000005c8       0x58 src/usart.o
 .debug_aranges
                0x00000620       0x20 src/wdt.o
 .debug_aranges
                0x00000640       0x48 src/zigbee.o

.debug_pubnames
 *(.debug_pubnames)

.debug_info     0x00000000    0x13169
 *(.debug_info .gnu.linkonce.wi.*)
 .debug_info    0x00000000     0x3072 C:/Program Files (x86)/Atmel/Studio/7.0/Packs/atmel/AVR-Dx_DFP/1.8.95/gcc/dev/avr128da64/avrxmega4/crtavr128da64.o
 .debug_info    0x00003072      0xaa6 atmel_start.o
 .debug_info    0x00003b18     0x129e driver_isr.o
 .debug_info    0x00004db6     0x23c3 main.o
 .debug_info    0x00007179     0x1020 src/adc.o
 .debug_info    0x00008199      0x188 src/bod.o
 .debug_info    0x00008321      0x2a9 src/clkctrl.o
 .debug_info    0x000085ca       0x8d src/cpuint.o
 .debug_info    0x00008657     0x180d src/driver_init.o
 .debug_info    0x00009e64      0x81c src/eeprom.o
 .debug_info    0x0000a680      0xbf1 src/gateway.o
 .debug_info    0x0000b271     0x1654 src/i2c_master.o
 .debug_info    0x0000c8c5      0x973 src/i2c_simple_master.o
 .debug_info    0x0000d238      0x146 src/i2c_types.o
 .debug_info    0x0000d37e     0x1980 src/loadcell.o
 .debug_info    0x0000ecfe       0x7c src/protected_io.o
 .debug_info    0x0000ed7a      0xda7 src/rtc.o
 .debug_info    0x0000fb21      0x136 src/slpctrl.o
 .debug_info    0x0000fc57     0x111b src/tca.o
 .debug_info    0x00010d72      0xd87 src/usart.o
 .debug_info    0x00011af9      0x22d src/wdt.o
 .debug_info    0x00011d26     0x1443 src/zigbee.o

.debug_abbrev   0x00000000     0x4fa4
 *(.debug_abbrev)
 .debug_abbrev  0x00000000     0x2de2 C:/Program Files (x86)/Atmel/Studio/7.0/Packs/atmel/AVR-Dx_DFP/1.8.95/gcc/dev/avr128da64/avrxmega4/crtavr128da64.o
 .debug_abbrev  0x00002de2       0xe7 atmel_start.o
 .debug_abbrev  0x00002ec9      0x1a6 driver_isr.o
 .debug_abbrev  0x0000306f      0x3d3 main.o
 .debug_abbrev  0x00003442      0x27b src/adc.o
 .debug_abbrev  0x000036bd       0xaf src/bod.o
 .debug_abbrev  0x0000376c      0x117 src/clkctrl.o
 .debug_abbrev  0x00003883       0x51 src/cpuint.o
 .debug_abbrev  0x000038d4      0x258 src/driver_init.o
 .debug_abbrev  0x00003b2c      0x1de src/eeprom.o
 .debug_abbrev  0x00003d0a      0x163 src/gateway.o
 .debug_abbrev  0x00003e6d      0x32a src/i2c_master.o
 .debug_abbrev  0x00004197      0x15d src/i2c_simple_master.o
 .debug_abbrev  0x000042f4       0x9d src/i2c_types.o
 .debug_abbrev  0x00004391      0x2db src/loadcell.o
 .debug_abbrev  0x0000466c       0x14 src/protected_io.o
 .debug_abbrev  0x00004680      0x1b7 src/rtc.o
 .debug_abbrev  0x00004837       0xc4 src/slpctrl.o
 .debug_abbrev  0x000048fb      0x160 src/tca.o
 .debug_abbrev  0x00004a5b      0x233 src/usart.o
 .debug_abbrev  0x00004c8e      0x105 src/wdt.o
 .debug_abbrev  0x00004d93      0x211 src/zigbee.o

.debug_line     0x00000000     0x68e2
 *(.debug_line .debug_line.* .debug_line_end)
 .debug_line    0x00000000      0x217 C:/Program Files (x86)/Atmel/Studio/7.0/Packs/atmel/AVR-Dx_DFP/1.8.95/gcc/dev/avr128da64/avrxmega4/crtavr128da64.o
 .debug_line    0x00000217      0x102 atmel_start.o
 .debug_line    0x00000319      0x27a driver_isr.o
 .debug_line    0x00000593     0x144b main.o
 .debug_line    0x000019de      0x2a9 src/adc.o
 .debug_line    0x00001c87      0x10c src/bod.o
 .debug_line    0x00001d93      0x144 src/clkctrl.o
 .debug_line    0x00001ed7       0xa5 src/cpuint.o
 .debug_line    0x00001f7c      0x409 src/driver_init.o
 .debug_line    0x00002385      0x335 src/eeprom.o
 .debug_line    0x000026ba      0x339 src/gateway.o
 .debug_line    0x000029f3      0x85b src/i2c_master.o
 .debug_line    0x0000324e      0x528 src/i2c_simple_master.o
 .debug_line    0x00003776       0xa2 src/i2c_types.o
 .debug_line    0x00003818     0x188b src/loadcell.o
 .debug_line    0x000050a3       0x5b src/protected_io.o
 .debug_line    0x000050fe      0x4e6 src/rtc.o
 .debug_line    0x000055e4      0x120 src/slpctrl.o
 .debug_line    0x00005704      0x164 src/tca.o
 .debug_line    0x00005868      0x2ed src/usart.o
 .debug_line    0x00005b55      0x136 src/wdt.o
 .debug_line    0x00005c8b      0xc57 src/zigbee.o

.debug_frame    0x00000000     0x1158
 *(.debug_frame)
 .debug_frame   0x00000000       0x24 atmel_start.o
 .debug_frame   0x00000024       0xdc driver_isr.o
 .debug_frame   0x00000100      0x298 main.o
 .debug_frame   0x00000398       0x94 src/adc.o
 .debug_frame   0x0000042c       0x24 src/bod.o
 .debug_frame   0x00000450       0x24 src/clkctrl.o
 .debug_frame   0x00000474       0x24 src/cpuint.o
 .debug_frame   0x00000498       0x74 src/driver_init.o
 .debug_frame   0x0000050c      0x140 src/eeprom.o
 .debug_frame   0x0000064c       0x4c src/gateway.o
 .debug_frame   0x00000698      0x2d4 src/i2c_master.o
 .debug_frame   0x0000096c      0x1b4 src/i2c_simple_master.o
 .debug_frame   0x00000b20       0x54 src/i2c_types.o
 .debug_frame   0x00000b74      0x344 src/loadcell.o
 .debug_frame   0x00000eb8       0x7c src/rtc.o
 .debug_frame   0x00000f34       0x34 src/slpctrl.o
 .debug_frame   0x00000f68       0x24 src/tca.o
 .debug_frame   0x00000f8c       0xbc src/usart.o
 .debug_frame   0x00001048       0x24 src/wdt.o
 .debug_frame   0x0000106c       0xec src/zigbee.o

.debug_str      0x00000000     0x3fd0
 *(.debug_str)
 .debug_str     0x00000000     0x14e3 C:/Program Files (x86)/Atmel/Studio/7.0/Packs/atmel/AVR-Dx_DFP/1.8.95/gcc/dev/avr128da64/avrxmega4/crtavr128da64.o
 .debug_str     0x000014e3      0x624 atmel_start.o
                                0x6d5 (size before relaxing)
 .debug_str     0x00001b07      0x28f driver_isr.o
                                0x95b (size before relaxing)
 .debug_str     0x00001d96      0x4ca main.o
                                0xd6a (size before relaxing)
 .debug_str     0x00002260      0x543 src/adc.o
                                0xcc1 (size before relaxing)
 .debug_str     0x000027a3       0xbe src/bod.o
                                0x233 (size before relaxing)
 .debug_str     0x00002861      0x148 src/clkctrl.o
                                0x30c (size before relaxing)
 .debug_str     0x000029a9       0x1c src/cpuint.o
                                0x183 (size before relaxing)
 .debug_str     0x000029c5      0x3fc src/driver_init.o
                                0xe1b (size before relaxing)
 .debug_str     0x00002dc1      0x287 src/eeprom.o
                                0x501 (size before relaxing)
 .debug_str     0x00003048       0x2b src/gateway.o
                                0x711 (size before relaxing)
 .debug_str     0x00003073      0x740 src/i2c_master.o
                                0xf19 (size before relaxing)
 .debug_str     0x000037b3      0x14e src/i2c_simple_master.o
                                0x409 (size before relaxing)
 .debug_str     0x00003901       0x63 src/i2c_types.o
                                0x213 (size before relaxing)
 .debug_str     0x00003964       0xb7 src/loadcell.o
                                0x876 (size before relaxing)
 .debug_str     0x00003a1b       0x49 src/rtc.o
                                0x7ee (size before relaxing)
 .debug_str     0x00003a64       0xb9 src/slpctrl.o
                                0x247 (size before relaxing)
 .debug_str     0x00003b1d       0xfb src/tca.o
                                0x9a6 (size before relaxing)
 .debug_str     0x00003c18       0xef src/usart.o
                                0x88d (size before relaxing)
 .debug_str     0x00003d07      0x21e src/wdt.o
                                0x3fb (size before relaxing)
 .debug_str     0x00003f25       0xab src/zigbee.o
                                0x7f0 (size before relaxing)

.debug_loc      0x00000000     0x4fd7
 *(.debug_loc)
 .debug_loc     0x00000000      0x191 driver_isr.o
 .debug_loc     0x00000191     0x1211 main.o
 .debug_loc     0x000013a2       0x94 src/adc.o
 .debug_loc     0x00001436      0x292 src/driver_init.o
 .debug_loc     0x000016c8      0x6ce src/eeprom.o
 .debug_loc     0x00001d96       0x58 src/gateway.o
 .debug_loc     0x00001dee      0x538 src/i2c_master.o
 .debug_loc     0x00002326      0x97d src/i2c_simple_master.o
 .debug_loc     0x00002ca3       0x98 src/i2c_types.o
 .debug_loc     0x00002d3b     0x158c src/loadcell.o
 .debug_loc     0x000042c7      0x199 src/rtc.o
 .debug_loc     0x00004460       0x21 src/slpctrl.o
 .debug_loc     0x00004481      0x186 src/usart.o
 .debug_loc     0x00004607       0x2a src/wdt.o
 .debug_loc     0x00004631      0x9a6 src/zigbee.o

.debug_macinfo
 *(.debug_macinfo)

.debug_weaknames
 *(.debug_weaknames)

.debug_funcnames
 *(.debug_funcnames)

.debug_typenames
 *(.debug_typenames)

.debug_varnames
 *(.debug_varnames)

.debug_pubtypes
 *(.debug_pubtypes)

.debug_ranges   0x00000000      0x588
 *(.debug_ranges)
 .debug_ranges  0x00000000       0x10 atmel_start.o
 .debug_ranges  0x00000010       0x28 driver_isr.o
 .debug_ranges  0x00000038      0x100 main.o
 .debug_ranges  0x00000138       0x48 src/adc.o
 .debug_ranges  0x00000180       0x10 src/bod.o
 .debug_ranges  0x00000190       0x10 src/clkctrl.o
 .debug_ranges  0x000001a0       0x10 src/cpuint.o
 .debug_ranges  0x000001b0       0x38 src/driver_init.o
 .debug_ranges  0x000001e8       0x50 src/eeprom.o
 .debug_ranges  0x00000238       0x20 src/gateway.o
 .debug_ranges  0x00000258      0x138 src/i2c_master.o
 .debug_ranges  0x00000390       0x68 src/i2c_simple_master.o
 .debug_ranges  0x000003f8       0x28 src/i2c_types.o
 .debug_ranges  0x00000420       0x80 src/loadcell.o
 .debug_ranges  0x000004a0       0x30 src/rtc.o
 .debug_ranges  0x000004d0       0x18 src/slpctrl.o
 .debug_ranges  0x000004e8       0x10 src/tca.o
 .debug_ranges  0x000004f8       0x48 src/usart.o
 .debug_ranges  0x00000540       0x10 src/wdt.o
 .debug_ranges  0x00000550       0x38 src/zigbee.o

.debug_macro
 *(.debug_macro)
OUTPUT(Pig_Scales.elf elf32-avr)
LOAD linker stubs
