Archive member included to satisfy reference by file (symbol)

c:/program files (x86)/atmel/studio/7.0/toolchain/avr8/avr8-gnu-toolchain/bin/../lib/gcc/avr/5.4.0/../../../../avr/lib/avrxmega4\libm.a(addsf3.o)
                              src/i2c_master.o (__subsf3)
c:/program files (x86)/atmel/studio/7.0/toolchain/avr8/avr8-gnu-toolchain/bin/../lib/gcc/avr/5.4.0/../../../../avr/lib/avrxmega4\libm.a(addsf3x.o)
                              c:/program files (x86)/atmel/studio/7.0/toolchain/avr8/avr8-gnu-toolchain/bin/../lib/gcc/avr/5.4.0/../../../../avr/lib/avrxmega4\libm.a(addsf3.o) (__addsf3x)
c:/program files (x86)/atmel/studio/7.0/toolchain/avr8/avr8-gnu-toolchain/bin/../lib/gcc/avr/5.4.0/../../../../avr/lib/avrxmega4\libm.a(cmpsf2.o)
                              main.o (__ltsf2)
c:/program files (x86)/atmel/studio/7.0/toolchain/avr8/avr8-gnu-toolchain/bin/../lib/gcc/avr/5.4.0/../../../../avr/lib/avrxmega4\libm.a(divsf3.o)
                              main.o (__divsf3)
c:/program files (x86)/atmel/studio/7.0/toolchain/avr8/avr8-gnu-toolchain/bin/../lib/gcc/avr/5.4.0/../../../../avr/lib/avrxmega4\libm.a(divsf3x.o)
                              c:/program files (x86)/atmel/studio/7.0/toolchain/avr8/avr8-gnu-toolchain/bin/../lib/gcc/avr/5.4.0/../../../../avr/lib/avrxmega4\libm.a(divsf3.o) (__divsf3x)
c:/program files (x86)/atmel/studio/7.0/toolchain/avr8/avr8-gnu-toolchain/bin/../lib/gcc/avr/5.4.0/../../../../avr/lib/avrxmega4\libm.a(fixsfsi.o)
                              src/loadcell.o (__fixsfsi)
c:/program files (x86)/atmel/studio/7.0/toolchain/avr8/avr8-gnu-toolchain/bin/../lib/gcc/avr/5.4.0/../../../../avr/lib/avrxmega4\libm.a(fixunssfsi.o)
                              src/i2c_master.o (__fixunssfsi)
c:/program files (x86)/atmel/studio/7.0/toolchain/avr8/avr8-gnu-toolchain/bin/../lib/gcc/avr/5.4.0/../../../../avr/lib/avrxmega4\libm.a(floatsisf.o)
                              main.o (__floatunsisf)
c:/program files (x86)/atmel/studio/7.0/toolchain/avr8/avr8-gnu-toolchain/bin/../lib/gcc/avr/5.4.0/../../../../avr/lib/avrxmega4\libm.a(floatundisf.o)
                              src/loadcell.o (__floatundisf)
c:/program files (x86)/atmel/studio/7.0/toolchain/avr8/avr8-gnu-toolchain/bin/../lib/gcc/avr/5.4.0/../../../../avr/lib/avrxmega4\libm.a(fp_cmp.o)
                              c:/program files (x86)/atmel/studio/7.0/toolchain/avr8/avr8-gnu-toolchain/bin/../lib/gcc/avr/5.4.0/../../../../avr/lib/avrxmega4\libm.a(cmpsf2.o) (__fp_cmp)
c:/program files (x86)/atmel/studio/7.0/toolchain/avr8/avr8-gnu-toolchain/bin/../lib/gcc/avr/5.4.0/../../../../avr/lib/avrxmega4\libm.a(fp_inf.o)
                              c:/program files (x86)/atmel/studio/7.0/toolchain/avr8/avr8-gnu-toolchain/bin/../lib/gcc/avr/5.4.0/../../../../avr/lib/avrxmega4\libm.a(addsf3x.o) (__fp_inf)
c:/program files (x86)/atmel/studio/7.0/toolchain/avr8/avr8-gnu-toolchain/bin/../lib/gcc/avr/5.4.0/../../../../avr/lib/avrxmega4\libm.a(fp_nan.o)
                              c:/program files (x86)/atmel/studio/7.0/toolchain/avr8/avr8-gnu-toolchain/bin/../lib/gcc/avr/5.4.0/../../../../avr/lib/avrxmega4\libm.a(addsf3x.o) (__fp_nan)
c:/program files (x86)/atmel/studio/7.0/toolchain/avr8/avr8-gnu-toolchain/bin/../lib/gcc/avr/5.4.0/../../../../avr/lib/avrxmega4\libm.a(fp_pscA.o)
                              c:/program files (x86)/atmel/studio/7.0/toolchain/avr8/avr8-gnu-toolchain/bin/../lib/gcc/avr/5.4.0/../../../../avr/lib/avrxmega4\libm.a(addsf3x.o) (__fp_pscA)
c:/program files (x86)/atmel/studio/7.0/toolchain/avr8/avr8-gnu-toolchain/bin/../lib/gcc/avr/5.4.0/../../../../avr/lib/avrxmega4\libm.a(fp_pscB.o)
                              c:/program files (x86)/atmel/studio/7.0/toolchain/avr8/avr8-gnu-toolchain/bin/../lib/gcc/avr/5.4.0/../../../../avr/lib/avrxmega4\libm.a(addsf3x.o) (__fp_pscB)
c:/program files (x86)/atmel/studio/7.0/toolchain/avr8/avr8-gnu-toolchain/bin/../lib/gcc/avr/5.4.0/../../../../avr/lib/avrxmega4\libm.a(fp_round.o)
                              c:/program files (x86)/atmel/studio/7.0/toolchain/avr8/avr8-gnu-toolchain/bin/../lib/gcc/avr/5.4.0/../../../../avr/lib/avrxmega4\libm.a(addsf3.o) (__fp_round)
c:/program files (x86)/atmel/studio/7.0/toolchain/avr8/avr8-gnu-toolchain/bin/../lib/gcc/avr/5.4.0/../../../../avr/lib/avrxmega4\libm.a(fp_split3.o)
                              c:/program files (x86)/atmel/studio/7.0/toolchain/avr8/avr8-gnu-toolchain/bin/../lib/gcc/avr/5.4.0/../../../../avr/lib/avrxmega4\libm.a(addsf3x.o) (__fp_split3)
c:/program files (x86)/atmel/studio/7.0/toolchain/avr8/avr8-gnu-toolchain/bin/../lib/gcc/avr/5.4.0/../../../../avr/lib/avrxmega4\libm.a(fp_zero.o)
                              c:/program files (x86)/atmel/studio/7.0/toolchain/avr8/avr8-gnu-toolchain/bin/../lib/gcc/avr/5.4.0/../../../../avr/lib/avrxmega4\libm.a(addsf3x.o) (__fp_zero)
c:/program files (x86)/atmel/studio/7.0/toolchain/avr8/avr8-gnu-toolchain/bin/../lib/gcc/avr/5.4.0/../../../../avr/lib/avrxmega4\libm.a(gesf2.o)
[...]
Memory Configuration

Name             Origin             Length             Attributes
text             0x00000000         0x00020000         xr
data             0x00804000         0x00004000         rw !x
eeprom           0x00810000         0x00000200         rw !x
fuse             0x00820000         0x00000010         rw !x
lock             0x00830000         0x00000400         rw !x
signature        0x00840000         0x00000400         rw !x
user_signatures  0x00850000         0x00000400         rw !x
*default*        0x00000000         0xffffffff

Linker script and memory map

Address of section .data set to 0x804000
                0x00008000                __RODATA_PM_OFFSET__ = 0x8000
LOAD C:/Program Files (x86)/Atmel/Studio/7.0/Packs/atmel/AVR-Dx_DFP/1.8.95/gcc/dev/avr128da64/avrxmega4/crtavr128da64.o
LOAD atmel_start.o
LOAD driver_isr.o
LOAD main.o
LOAD src/adc.o
LOAD src/bod.o
LOAD src/clkctrl.o
LOAD src/driver_init.o
LOAD src/eeprom.o
LOAD src/gateway.o
LOAD src/i2c_master.o
LOAD src/i2c_simple_master.o
LOAD src/i2c_types.o
LOAD src/loadcell.o
LOAD src/protected_io.o
LOAD src/rtc.o
LOAD src/slpctrl.o
LOAD src/tca.o
LOAD src/usart.o
LOAD src/wdt.o
LOAD src/zigbee.o
START GROUP
LOAD c:/program files (x86)/atmel/studio/7.0/toolchain/avr8/avr8-gnu-toolchain/bin/../lib/gcc/avr/5.4.0/../../../../avr/lib/avrxmega4\libm.a
LOAD c:/program files (x86)/atmel/studio/7.0/toolchain/avr8/avr8-gnu-toolchain/bin/../lib/gcc/avr/5.4.0/../../../../avr/lib/avrxmega4\libprintf_flt.a
LOAD c:/program files (x86)/atmel/studio/7.0/toolchain/avr8/avr8-gnu-toolchain/bin/../lib/gcc/avr/5.4.0/../../../../avr/lib/avrxmega4\libscanf_flt.a
END GROUP
Address of section .text set to 0x600
START GROUP
LOAD c:/program files (x86)/atmel/studio/7.0/toolchain/avr8/avr8-gnu-toolchain/bin/../lib/gcc/avr/5.4.0/avrxmega4\libgcc.a
LOAD c:/program files (x86)/atmel/studio/7.0/toolchain/avr8/avr8-gnu-toolchain/bin/../lib/gcc/avr/5.4.0/../../../../avr/lib/avrxmega4\libm.a
LOAD c:/program files (x86)/atmel/studio/7.0/toolchain/avr8/avr8-gnu-toolchain/bin/../lib/gcc/avr/5.4.0/../../../../avr/lib/avrxmega4\libc.a
LOAD C:/Program Files (x86)/Atmel/Studio/7.0/Packs/atmel/AVR-Dx_DFP/1.8.95/gcc/dev/avr128da64/avrxmega4\libavr128da64.a
END GROUP
                [0x00000000]                __TEXT_REGION_ORIGIN__ = DEFINED (__TEXT_REGION_ORIGIN__)?__TEXT_REGION_ORIGIN__:0x0
                [0x00804000]                __DATA_REGION_ORIGIN__ = DEFINED (__DATA_REGION_ORIGIN__)?__DATA_REGION_ORIGIN__:0x802000
                [0x00020000]                __TEXT_REGION_LENGTH__ = DEFINED (__TEXT_REGION_LENGTH__)?__TEXT_REGION_LENGTH__:0x100000
                [0x00004000]                __DATA_REGION_LENGTH__ = DEFINED (__DATA_REGION_LENGTH__)?__DATA_REGION_LENGTH__:0xffa0
                [0x00000200]                __EEPROM_REGION_LENGTH__ = DEFINED (__EEPROM_REGION_LENGTH__)?__EEPROM_REGION_LENGTH__:0x10000
                [0x00000010]                __FUSE_REGION_LENGTH__ = DEFINED (__FUSE_REGION_LENGTH__)?__FUSE_REGION_LENGTH__:0x400
                0x00000400                __LOCK_REGION_LENGTH__ = DEFINED (__LOCK_REGION_LENGTH__)?__LOCK_REGION_LENGTH__:0x400
                0x00000400                __SIGNATURE_REGION_LENGTH__ = DEFINED (__SIGNATURE_REGION_LENGTH__)?__SIGNATURE_REGION_LENGTH__:0x400
                0x00000400                __USER_SIGNATURE_REGION_LENGTH__ = DEFINED (__USER_SIGNATURE_REGION_LENGTH__)?__USER_SIGNATURE_REGION_LENGTH__:0x400

.hash
 *(.hash)

.dynsym
 *(.dynsym)

.dynstr
 *(.dynstr)

.gnu.version
 *(.gnu.version)

.gnu.version_d
 *(.gnu.version_d)

.gnu.version_r
 *(.gnu.version_r)

.rel.init
 *(.rel.init)

.rela.init
 *(.rela.init)

.rel.text
 *(.rel.text)
 *(.rel.text.*)
 *(.rel.gnu.linkonce.t*)

.rela.text
 *(.rela.text)
 *(.rela.text.*)
 *(.rela.gnu.linkonce.t*)

.rel.fini
 *(.rel.fini)

.rela.fini
 *(.rela.fini)

.rel.rodata
 *(.rel.rodata)
 *(.rel.rodata.*)
 *(.rel.gnu.linkonce.r*)

.rela.rodata
 *(.rela.rodata)
 *(.rela.rodata.*)
 *(.rela.gnu.linkonce.r*)

.rel.data
 *(.rel.data)
 *(.rel.data.*)
 *(.rel.gnu.linkonce.d*)

.rela.data
 *(.rela.data)
 *(.rela.data.*)
 *(.rela.gnu.linkonce.d*)

.rel.ctors
 *(.rel.ctors)

.rela.ctors
 *(.rela.ctors)

.rel.dtors
 *(.rel.dtors)

.rela.dtors
 *(.rela.dtors)

.rel.got
 *(.rel.got)

.rela.got
 *(.rela.got)

.rel.bss
 *(.rel.bss)

.rela.bss
 *(.rela.bss)

.rel.plt
 *(.rel.plt)

.rela.plt
 *(.rela.plt)

<<<<<<<< HEAD:back/Pig_Scales-1  (2023-0216)/Source/Debug/Pig_Scales-1.map
.text           0x00000600     0x8b6a
========
.text           0x00000600     0x7890
>>>>>>>> 37084d9a3f556cf7c84333cf20a704335f1b4c28:back/Pig_Scales-2 (2023-0216)/Source/Debug/Pig_Scales-2.map
 *(.vectors)
 .vectors       0x00000600      0x100 C:/Program Files (x86)/Atmel/Studio/7.0/Packs/atmel/AVR-Dx_DFP/1.8.95/gcc/dev/avr128da64/avrxmega4/crtavr128da64.o
                0x00000600                __vector_default
                0x00000600                __vectors
 *(.vectors)
 *(.progmem.gcc*)
 .progmem.gcc_sw_table.Seting_Mode_0
                0x00000700        0xe main.o
 .progmem.gcc_sw_table.Loadcell_Set
                0x0000070e       0x10 src/loadcell.o
 .progmem.gcc_sw_table.RTC_Time_Write
                0x0000071e        0xe src/rtc.o
 .progmem.gcc_sw_table.RTC_Set
                0x0000072c        0xe src/rtc.o
                0x0000073a                . = ALIGN (0x2)
                0x0000073a                __trampolines_start = .
 *(.trampolines)
 .trampolines   0x0000073a        0x0 linker stubs
 *(.trampolines*)
                0x0000073a                __trampolines_end = .
 *libprintf_flt.a:*(.progmem.data)
 .progmem.data  0x0000073a        0x8 c:/program files (x86)/atmel/studio/7.0/toolchain/avr8/avr8-gnu-toolchain/bin/../lib/gcc/avr/5.4.0/../../../../avr/lib/avrxmega4\libprintf_flt.a(vfprintf_flt.o)
 *libc.a:*(.progmem.data)
 .progmem.data  0x00000742       0xfa c:/program files (x86)/atmel/studio/7.0/toolchain/avr8/avr8-gnu-toolchain/bin/../lib/gcc/avr/5.4.0/../../../../avr/lib/avrxmega4\libc.a(ftoa_engine.o)
 *(.progmem*)
                0x0000083c                . = ALIGN (0x2)
 *(.jumptables)
 *(.jumptables*)
 *(.lowtext)
 *(.lowtext*)
                0x0000083c                __ctors_start = .
 *(.ctors)
                0x0000083c                __ctors_end = .
                0x0000083c                __dtors_start = .
 *(.dtors)
                0x0000083c                __dtors_end = .
 SORT(*)(.ctors)
 SORT(*)(.dtors)
 *(.init0)
 .init0         0x0000083c        0x0 C:/Program Files (x86)/Atmel/Studio/7.0/Packs/atmel/AVR-Dx_DFP/1.8.95/gcc/dev/avr128da64/avrxmega4/crtavr128da64.o
                0x0000083c                __init
 *(.init0)
 *(.init1)
 *(.init1)
 *(.init2)
 .init2         0x0000083c        0xc C:/Program Files (x86)/Atmel/Studio/7.0/Packs/atmel/AVR-Dx_DFP/1.8.95/gcc/dev/avr128da64/avrxmega4/crtavr128da64.o
 *(.init2)
 *(.init3)
 *(.init3)
 *(.init4)
 .init4         0x00000848       0x1a c:/program files (x86)/atmel/studio/7.0/toolchain/avr8/avr8-gnu-toolchain/bin/../lib/gcc/avr/5.4.0/avrxmega4\libgcc.a(_copy_data.o)
                0x00000848                __do_copy_data
 .init4         0x00000862       0x10 c:/program files (x86)/atmel/studio/7.0/toolchain/avr8/avr8-gnu-toolchain/bin/../lib/gcc/avr/5.4.0/avrxmega4\libgcc.a(_clear_bss.o)
                0x00000862                __do_clear_bss
 *(.init4)
 *(.init5)
 *(.init5)
 *(.init6)
 *(.init6)
 *(.init7)
 *(.init7)
 *(.init8)
 *(.init8)
 *(.init9)
 .init9         0x00000872        0x8 C:/Program Files (x86)/Atmel/Studio/7.0/Packs/atmel/AVR-Dx_DFP/1.8.95/gcc/dev/avr128da64/avrxmega4/crtavr128da64.o
 *(.init9)
 *(.text)
 .text          0x0000087a        0x4 C:/Program Files (x86)/Atmel/Studio/7.0/Packs/atmel/AVR-Dx_DFP/1.8.95/gcc/dev/avr128da64/avrxmega4/crtavr128da64.o
                0x0000087a                __vector_38
                0x0000087a                __vector_22
                0x0000087a                __vector_63
                0x0000087a                __vector_28
                0x0000087a                __vector_1
                0x0000087a                __vector_32
                0x0000087a                __vector_34
                0x0000087a                __vector_62
                0x0000087a                __vector_24
                0x0000087a                __vector_12
                0x0000087a                __vector_55
                0x0000087a                __bad_interrupt
                0x0000087a                __vector_6
                0x0000087a                __vector_35
                0x0000087a                __vector_39
                0x0000087a                __vector_3
                0x0000087a                __vector_23
                0x0000087a                __vector_30
                0x0000087a                __vector_45
                0x0000087a                __vector_25
                0x0000087a                __vector_61
                0x0000087a                __vector_11
                0x0000087a                __vector_54
                0x0000087a                __vector_13
                0x0000087a                __vector_17
                0x0000087a                __vector_19
                0x0000087a                __vector_56
                0x0000087a                __vector_7
                0x0000087a                __vector_49
                0x0000087a                __vector_41
                0x0000087a                __vector_27
                0x0000087a                __vector_5
                0x0000087a                __vector_33
                0x0000087a                __vector_47
                0x0000087a                __vector_37
                0x0000087a                __vector_4
                0x0000087a                __vector_44
                0x0000087a                __vector_51
                0x0000087a                __vector_9
                0x0000087a                __vector_2
                0x0000087a                __vector_21
                0x0000087a                __vector_15
                0x0000087a                __vector_36
                0x0000087a                __vector_58
                0x0000087a                __vector_29
                0x0000087a                __vector_60
                0x0000087a                __vector_40
                0x0000087a                __vector_8
                0x0000087a                __vector_26
                0x0000087a                __vector_48
                0x0000087a                __vector_14
                0x0000087a                __vector_57
                0x0000087a                __vector_53
                0x0000087a                __vector_10
                0x0000087a                __vector_50
                0x0000087a                __vector_16
                0x0000087a                __vector_59
                0x0000087a                __vector_18
                0x0000087a                __vector_20
                0x0000087a                __vector_42
                0x0000087e                . = ALIGN (0x2)
 *(.text.*)
 .text.atmel_start_init
                0x0000087e        0x6 atmel_start.o
                0x0000087e                atmel_start_init
 .text.Beep     0x00000884       0x10 driver_isr.o
                0x00000884                Beep
 .text.__vector_31
                0x00000894       0x58 driver_isr.o
                0x00000894                __vector_31
 .text.__vector_52
                0x000008ec       0x58 driver_isr.o
                0x000008ec                __vector_52
 .text.__vector_46
                0x00000944       0xe0 driver_isr.o
                0x00000944                __vector_46
 .text.std_putchar
                0x00000a24       0x28 main.o
                0x00000a24                std_putchar
 .text.MCU_Init
                0x00000a4c       0x44 main.o
                0x00000a4c                MCU_Init
 .text.Fnd_Display
                0x00000a90      0x114 main.o
                0x00000a90                Fnd_Display
 .text.FND_Value_Data
                0x00000ba4       0x34 main.o
                0x00000ba4                FND_Value_Data
 .text.Key_Scan
                0x00000bd8      0x1a4 main.o
                0x00000bd8                Key_Scan
 .text.Read_eeprom
                0x00000d7c      0x25e main.o
                0x00000d7c                Read_eeprom
 .text.Alarm    0x00000fda       0x36 main.o
                0x00000fda                Alarm
 .text.Room_Desplay
                0x00001010       0x70 main.o
                0x00001010                Room_Desplay
 .text.Stal_Desplay
                0x00001080       0x70 main.o
                0x00001080                Stal_Desplay
 .text.Check_Value
<<<<<<<< HEAD:back/Pig_Scales-1  (2023-0216)/Source/Debug/Pig_Scales-1.map
                0x000011b6      0x4c8 main.o
                0x000011b6                Check_Value
 .text.Send_To_Server_1
                0x0000167e       0x8a main.o
                0x0000167e                Send_To_Server_1
 .text.Time_Check
                0x00001708       0x76 main.o
                0x00001708                Time_Check
 .text.Proportion_Set
                0x0000177e      0x1ec main.o
                0x0000177e                Proportion_Set
 .text.Var_Init
                0x0000196a       0x74 main.o
                0x0000196a                Var_Init
 .text.wdt_reset
                0x000019de        0x4 main.o
                0x000019de                wdt_reset
 .text.Seting_Mode
                0x000019e2      0x146 main.o
                0x000019e2                Seting_Mode
 .text.Send_To_Server
                0x00001b28      0x326 main.o
                0x00001b28                Send_To_Server
 .text.Receiv_PC
                0x00001e4e      0x3f2 main.o
                0x00001e4e                Receiv_PC
 .text.main     0x00002240      0x2d2 main.o
                0x00002240                main
 .text.BOD_init
                0x00002512        0x8 src/bod.o
                0x00002512                BOD_init
 .text.CLKCTRL_init
                0x0000251a       0x18 src/clkctrl.o
                0x0000251a                CLKCTRL_init
 .text.CPUINT_init
                0x00002532        0x4 src/cpuint.o
                0x00002532                CPUINT_init
 .text.mcu_init
                0x00002536       0xaa src/driver_init.o
                0x00002536                mcu_init
 .text.I2C_0_initialization
                0x000025e0       0x4a src/driver_init.o
                0x000025e0                I2C_0_initialization
 .text.USART_1_initialization
                0x0000262a       0x20 src/driver_init.o
                0x0000262a                USART_1_initialization
 .text.USART_3_initialization
                0x0000264a       0x20 src/driver_init.o
                0x0000264a                USART_3_initialization
 .text.system_init
                0x0000266a       0x2a src/driver_init.o
                0x0000266a                system_init
 .text.ee_read_byte
                0x00002694       0x14 src/eeprom.o
                0x00002694                ee_read_byte
 .text.ee_read_word
                0x000026a8       0x16 src/eeprom.o
                0x000026a8                ee_read_word
 .text.ee_read_dword
                0x000026be       0x1a src/eeprom.o
                0x000026be                ee_read_dword
 .text.ee_write_byte
                0x000026d8       0x46 src/eeprom.o
                0x000026d8                ee_write_byte
 .text.ee_write_word
                0x0000271e       0x3a src/eeprom.o
                0x0000271e                ee_write_word
 .text.ee_write_dword
                0x00002758       0x50 src/eeprom.o
                0x00002758                ee_write_dword
 .text.Gukbun_Set
                0x000027a8       0xae src/gateway.o
                0x000027a8                Gukbun_Set
 .text.Gwid_Set
                0x00002856       0xae src/gateway.o
                0x00002856                Gwid_Set
 .text.Gateway_Set
                0x00002904      0x136 src/gateway.o
                0x00002904                Gateway_Set
 .text.I2C_0_do_I2C_RESET
                0x00002a3a       0x20 src/i2c_master.o
 .text.I2C_0_do_I2C_IDLE
                0x00002a5a       0x10 src/i2c_master.o
 .text.I2C_0_do_I2C_SEND_STOP
                0x00002a6a       0x10 src/i2c_master.o
 .text.I2C_0_do_I2C_SEND_ADR_READ
                0x00002a7a       0x1c src/i2c_master.o
 .text.I2C_0_do_I2C_SEND_RESTART
                0x00002a96        0x6 src/i2c_master.o
 .text.I2C_0_do_I2C_SEND_RESTART_READ
                0x00002a9c        0x6 src/i2c_master.o
 .text.I2C_0_do_I2C_SEND_ADR_WRITE
                0x00002aa2       0x16 src/i2c_master.o
 .text.I2C_0_do_I2C_SEND_RESTART_WRITE
                0x00002ab8        0x6 src/i2c_master.o
 .text.I2C_0_do_I2C_DO_ADDRESS_NACK
                0x00002abe       0x40 src/i2c_master.o
 .text.I2C_0_do_I2C_RX_DO_ACK
                0x00002afe        0xe src/i2c_master.o
 .text.I2C_0_do_I2C_TX_DO_ACK
                0x00002b0c        0xe src/i2c_master.o
 .text.I2C_0_do_I2C_DO_NACK_STOP
                0x00002b1a       0x16 src/i2c_master.o
 .text.I2C_0_do_I2C_DO_NACK_RESTART
                0x00002b30        0xe src/i2c_master.o
 .text.I2C_0_do_I2C_TX
                0x00002b3e       0x6c src/i2c_master.o
 .text.I2C_0_do_I2C_RX
                0x00002baa       0xba src/i2c_master.o
 .text.I2C_0_do_I2C_TX_EMPTY
                0x00002c64       0x7a src/i2c_master.o
 .text.I2C_0_do_I2C_BUS_COLLISION
                0x00002cde       0x44 src/i2c_master.o
 .text.I2C_0_do_I2C_BUS_ERROR
                0x00002d22       0x22 src/i2c_master.o
 .text.I2C_0_master_isr
                0x00002d44       0x60 src/i2c_master.o
 .text.I2C_0_return_stop
                0x00002da4        0x4 src/i2c_master.o
 .text.I2C_0_return_reset
                0x00002da8        0x4 src/i2c_master.o
 .text.I2C_0_set_callback
                0x00002dac       0x52 src/i2c_master.o
 .text.I2C_0_set_data_complete_callback
                0x00002dfe        0xc src/i2c_master.o
                0x00002dfe                I2C_0_set_data_complete_callback
 .text.I2C_0_set_address_nack_callback
                0x00002e0a        0xc src/i2c_master.o
                0x00002e0a                I2C_0_set_address_nack_callback
 .text.I2C_0_init
                0x00002e16        0xe src/i2c_master.o
                0x00002e16                I2C_0_init
 .text.I2C_0_open
                0x00002e24       0x7a src/i2c_master.o
                0x00002e24                I2C_0_open
 .text.I2C_0_close
                0x00002e9e       0x50 src/i2c_master.o
                0x00002e9e                I2C_0_close
 .text.I2C_0_set_buffer
                0x00002eee       0x1e src/i2c_master.o
                0x00002eee                I2C_0_set_buffer
 .text.I2C_0_master_operation
                0x00002f0c       0x2e src/i2c_master.o
                0x00002f0c                I2C_0_master_operation
 .text.I2C_0_master_write
                0x00002f3a        0x8 src/i2c_master.o
                0x00002f3a                I2C_0_master_write
 .text.__vector_43
                0x00002f42       0x50 src/i2c_master.o
                0x00002f42                __vector_43
 .text.I2C_0_wr1RegCompleteHandler
                0x00002f92       0x18 src/i2c_simple_master.o
 .text.I2C_0_rd1RegCompleteHandler
                0x00002faa       0x18 src/i2c_simple_master.o
 .text.I2C_0_write1ByteRegister
                0x00002fc2       0x88 src/i2c_simple_master.o
                0x00002fc2                I2C_0_write1ByteRegister
 .text.I2C_0_read1ByteRegister
                0x0000304a       0x80 src/i2c_simple_master.o
                0x0000304a                I2C_0_read1ByteRegister
 .text.i2c_cb_restart_write
                0x000030ca        0x4 src/i2c_types.o
                0x000030ca                i2c_cb_restart_write
 .text.Cell_Desplay
                0x000030ce      0x204 src/loadcell.o
                0x000030ce                Cell_Desplay
 .text.INT_Desplay
                0x000032d2      0x1f8 src/loadcell.o
                0x000032d2                INT_Desplay
 .text.CellRead_1
                0x000034ca      0x11a src/loadcell.o
                0x000034ca                CellRead_1
 .text.CellRead_2
                0x000035e4      0x11a src/loadcell.o
                0x000035e4                CellRead_2
 .text.CellRead_3
                0x000036fe      0x11a src/loadcell.o
                0x000036fe                CellRead_3
 .text.Cell_Zero_Set
                0x00003818      0x184 src/loadcell.o
                0x00003818                Cell_Zero_Set
 .text.Read_Load_Cell
                0x0000399c      0x520 src/loadcell.o
                0x0000399c                Read_Load_Cell
 .text.IN_Scales_Set
                0x00003ebc      0x49e src/loadcell.o
                0x00003ebc                IN_Scales_Set
 .text.RO_Set   0x0000435a      0xb74 src/loadcell.o
                0x0000435a                RO_Set
 .text.Interval_Set
                0x00004ece      0x6f4 src/loadcell.o
                0x00004ece                Interval_Set
 .text.CAPA_Set
                0x000055c2      0x3d2 src/loadcell.o
                0x000055c2                CAPA_Set
 .text.CNT_Set  0x00005994       0xea src/loadcell.o
                0x00005994                CNT_Set
 .text.ID_Set   0x00005a7e       0xea src/loadcell.o
                0x00005a7e                ID_Set
 .text.Cell_Select
                0x00005b68      0x7a6 src/loadcell.o
                0x00005b68                Cell_Select
 .text.Loadcell_Set
                0x0000630e      0x104 src/loadcell.o
                0x0000630e                Loadcell_Set
 .text.protected_write_io
                0x00006412        0xa src/protected_io.o
                0x00006412                protected_write_io
 .text.RTC_Single_Read
                0x0000641c       0x1e src/rtc.o
                0x0000641c                RTC_Single_Read
 .text.RTC_Time_Read
                0x0000643a       0x46 src/rtc.o
                0x0000643a                RTC_Time_Read
 .text.RTC_Single_Write
                0x00006480       0x30 src/rtc.o
                0x00006480                RTC_Single_Write
 .text.RTC_Time_Write
                0x000064b0       0x5c src/rtc.o
                0x000064b0                RTC_Time_Write
 .text.RTC_Set  0x0000650c      0x6a8 src/rtc.o
                0x0000650c                RTC_Set
 .text.SLPCTRL_init
                0x00006bb4        0x4 src/slpctrl.o
                0x00006bb4                SLPCTRL_init
 .text.TIMER_1_init
                0x00006bb8       0x18 src/tca.o
                0x00006bb8                TIMER_1_init
 .text.USART_1_init
                0x00006bd0       0x18 src/usart.o
                0x00006bd0                USART_1_init
 .text.USART1_Write
                0x00006be8       0x12 src/usart.o
                0x00006be8                USART1_Write
 .text.USART_3_init
                0x00006bfa       0x18 src/usart.o
                0x00006bfa                USART_3_init
 .text.USART3_Write
                0x00006c12       0x12 src/usart.o
                0x00006c12                USART3_Write
 .text.USART3_SendString
                0x00006c24       0x3c src/usart.o
                0x00006c24                USART3_SendString
 .text.Rx3_Buff_Clear
                0x00006c60       0x14 src/usart.o
                0x00006c60                Rx3_Buff_Clear
 .text.WDT_init
                0x00006c74       0x10 src/wdt.o
                0x00006c74                WDT_init
 .text.ZigBee_Write_id
                0x00006c84      0x1cc src/zigbee.o
                0x00006c84                ZigBee_Write_id
 .text.ZigBee_PanID_Write
                0x00006e50      0x55e src/zigbee.o
                0x00006e50                ZigBee_PanID_Write
 .text.ZigBee_Write_ch
                0x000073ae      0x1e6 src/zigbee.o
                0x000073ae                ZigBee_Write_ch
 .text.ZigBee_Channel_Write
                0x00007594       0x9c src/zigbee.o
                0x00007594                ZigBee_Channel_Write
 .text.ZigBee_Read
                0x00007630      0x2c4 src/zigbee.o
                0x00007630                ZigBee_Read
 .text.ZigBee_Set
                0x000078f4      0x2c6 src/zigbee.o
                0x000078f4                ZigBee_Set
 .text.avr-libc.fplib
                0x00007bba        0xe c:/program files (x86)/atmel/studio/7.0/toolchain/avr8/avr8-gnu-toolchain/bin/../lib/gcc/avr/5.4.0/../../../../avr/lib/avrxmega4\libm.a(addsf3.o)
                0x00007bba                __subsf3
                0x00007bbc                __addsf3
 .text.avr-libc.fplib
                0x00007bc8       0xcc c:/program files (x86)/atmel/studio/7.0/toolchain/avr8/avr8-gnu-toolchain/bin/../lib/gcc/avr/5.4.0/../../../../avr/lib/avrxmega4\libm.a(addsf3x.o)
                0x00007bea                __addsf3x
 .text.avr-libc.fplib
                0x00007c94        0xa c:/program files (x86)/atmel/studio/7.0/toolchain/avr8/avr8-gnu-toolchain/bin/../lib/gcc/avr/5.4.0/../../../../avr/lib/avrxmega4\libm.a(cmpsf2.o)
                0x00007c94                __nesf2
                0x00007c94                __eqsf2
                0x00007c94                __cmpsf2
                0x00007c94                __ltsf2
                0x00007c94                __lesf2
 .text.avr-libc.fplib
                0x00007c9e        0x8 c:/program files (x86)/atmel/studio/7.0/toolchain/avr8/avr8-gnu-toolchain/bin/../lib/gcc/avr/5.4.0/../../../../avr/lib/avrxmega4\libm.a(divsf3.o)
                0x00007c9e                __divsf3
 .text.avr-libc.fplib
                0x00007ca6       0xdc c:/program files (x86)/atmel/studio/7.0/toolchain/avr8/avr8-gnu-toolchain/bin/../lib/gcc/avr/5.4.0/../../../../avr/lib/avrxmega4\libm.a(divsf3x.o)
                0x00007cc6                __divsf3x
                0x00007ccc                __divsf3_pse
 .text.avr-libc.fplib
                0x00007d82        0xe c:/program files (x86)/atmel/studio/7.0/toolchain/avr8/avr8-gnu-toolchain/bin/../lib/gcc/avr/5.4.0/../../../../avr/lib/avrxmega4\libm.a(fixsfsi.o)
                0x00007d82                __fixsfsi
 .text.avr-libc.fplib
                0x00007d90       0x5e c:/program files (x86)/atmel/studio/7.0/toolchain/avr8/avr8-gnu-toolchain/bin/../lib/gcc/avr/5.4.0/../../../../avr/lib/avrxmega4\libm.a(fixunssfsi.o)
                0x00007d90                __fixunssfsi
 .text.avr-libc.fplib
                0x00007dee       0x7a c:/program files (x86)/atmel/studio/7.0/toolchain/avr8/avr8-gnu-toolchain/bin/../lib/gcc/avr/5.4.0/../../../../avr/lib/avrxmega4\libm.a(floatsisf.o)
                0x00007dee                __floatunsisf
                0x00007df2                __floatsisf
 .text.avr-libc.fplib
                0x00007e68       0x7c c:/program files (x86)/atmel/studio/7.0/toolchain/avr8/avr8-gnu-toolchain/bin/../lib/gcc/avr/5.4.0/../../../../avr/lib/avrxmega4\libm.a(floatundisf.o)
                0x00007e68                __floatundisf
                0x00007e6a                __fp_di2sf
 .text.avr-libc.fplib
                0x00007ee4       0x48 c:/program files (x86)/atmel/studio/7.0/toolchain/avr8/avr8-gnu-toolchain/bin/../lib/gcc/avr/5.4.0/../../../../avr/lib/avrxmega4\libm.a(fp_cmp.o)
                0x00007ee4                __fp_cmp
 .text.avr-libc.fplib
                0x00007f2c        0xc c:/program files (x86)/atmel/studio/7.0/toolchain/avr8/avr8-gnu-toolchain/bin/../lib/gcc/avr/5.4.0/../../../../avr/lib/avrxmega4\libm.a(fp_inf.o)
                0x00007f2c                __fp_inf
 .text.avr-libc.fplib
                0x00007f38        0x6 c:/program files (x86)/atmel/studio/7.0/toolchain/avr8/avr8-gnu-toolchain/bin/../lib/gcc/avr/5.4.0/../../../../avr/lib/avrxmega4\libm.a(fp_nan.o)
                0x00007f38                __fp_nan
 .text.avr-libc.fplib
                0x00007f3e        0xe c:/program files (x86)/atmel/studio/7.0/toolchain/avr8/avr8-gnu-toolchain/bin/../lib/gcc/avr/5.4.0/../../../../avr/lib/avrxmega4\libm.a(fp_pscA.o)
                0x00007f3e                __fp_pscA
 .text.avr-libc.fplib
                0x00007f4c        0xe c:/program files (x86)/atmel/studio/7.0/toolchain/avr8/avr8-gnu-toolchain/bin/../lib/gcc/avr/5.4.0/../../../../avr/lib/avrxmega4\libm.a(fp_pscB.o)
                0x00007f4c                __fp_pscB
 .text.avr-libc.fplib
                0x00007f5a       0x22 c:/program files (x86)/atmel/studio/7.0/toolchain/avr8/avr8-gnu-toolchain/bin/../lib/gcc/avr/5.4.0/../../../../avr/lib/avrxmega4\libm.a(fp_round.o)
                0x00007f5a                __fp_round
 .text.avr-libc.fplib
                0x00007f7c       0x44 c:/program files (x86)/atmel/studio/7.0/toolchain/avr8/avr8-gnu-toolchain/bin/../lib/gcc/avr/5.4.0/../../../../avr/lib/avrxmega4\libm.a(fp_split3.o)
                0x00007f7c                __fp_split3
                0x00007f8c                __fp_splitA
 .text.avr-libc.fplib
                0x00007fc0        0xe c:/program files (x86)/atmel/studio/7.0/toolchain/avr8/avr8-gnu-toolchain/bin/../lib/gcc/avr/5.4.0/../../../../avr/lib/avrxmega4\libm.a(fp_zero.o)
                0x00007fc0                __fp_zero
                0x00007fc2                __fp_szero
 .text.avr-libc.fplib
                0x00007fce        0xa c:/program files (x86)/atmel/studio/7.0/toolchain/avr8/avr8-gnu-toolchain/bin/../lib/gcc/avr/5.4.0/../../../../avr/lib/avrxmega4\libm.a(gesf2.o)
                0x00007fce                __gesf2
                0x00007fce                __gtsf2
 .text.avr-libc.fplib
                0x00007fd8        0x8 c:/program files (x86)/atmel/studio/7.0/toolchain/avr8/avr8-gnu-toolchain/bin/../lib/gcc/avr/5.4.0/../../../../avr/lib/avrxmega4\libm.a(mulsf3.o)
                0x00007fd8                __mulsf3
 .text.avr-libc.fplib
                0x00007fe0       0xd2 c:/program files (x86)/atmel/studio/7.0/toolchain/avr8/avr8-gnu-toolchain/bin/../lib/gcc/avr/5.4.0/../../../../avr/lib/avrxmega4\libm.a(mulsf3x.o)
                0x00007ffe                __mulsf3x
                0x00008004                __mulsf3_pse
 .text.avr-libc
                0x000080b2      0x740 c:/program files (x86)/atmel/studio/7.0/toolchain/avr8/avr8-gnu-toolchain/bin/../lib/gcc/avr/5.4.0/../../../../avr/lib/avrxmega4\libprintf_flt.a(vfprintf_flt.o)
                0x000080b2                vfprintf
 .text.libgcc.div
                0x000087f2       0x44 c:/program files (x86)/atmel/studio/7.0/toolchain/avr8/avr8-gnu-toolchain/bin/../lib/gcc/avr/5.4.0/avrxmega4\libgcc.a(_udivmodsi4.o)
                0x000087f2                __udivmodsi4
 .text.libgcc.div
                0x00008836       0x2e c:/program files (x86)/atmel/studio/7.0/toolchain/avr8/avr8-gnu-toolchain/bin/../lib/gcc/avr/5.4.0/avrxmega4\libgcc.a(_divmodsi4.o)
                0x00008836                __divmodsi4
 .text.libgcc.div
                0x00008864       0x10 c:/program files (x86)/atmel/studio/7.0/toolchain/avr8/avr8-gnu-toolchain/bin/../lib/gcc/avr/5.4.0/avrxmega4\libgcc.a(_negsi2.o)
                0x00008864                __negsi2
 .text.libgcc   0x00008874       0x12 c:/program files (x86)/atmel/studio/7.0/toolchain/avr8/avr8-gnu-toolchain/bin/../lib/gcc/avr/5.4.0/avrxmega4\libgcc.a(_tablejump2.o)
                0x00008874                __tablejump2__
 .text.libgcc.mul
                0x00008886       0x1e c:/program files (x86)/atmel/studio/7.0/toolchain/avr8/avr8-gnu-toolchain/bin/../lib/gcc/avr/5.4.0/avrxmega4\libgcc.a(_umulhisi3.o)
                0x00008886                __umulhisi3
 .text.libgcc.mul
                0x000088a4       0x16 c:/program files (x86)/atmel/studio/7.0/toolchain/avr8/avr8-gnu-toolchain/bin/../lib/gcc/avr/5.4.0/avrxmega4\libgcc.a(_muluhisi3.o)
                0x000088a4                __muluhisi3
 .text.libgcc.mul
                0x000088ba       0xa0 c:/program files (x86)/atmel/studio/7.0/toolchain/avr8/avr8-gnu-toolchain/bin/../lib/gcc/avr/5.4.0/avrxmega4\libgcc.a(_muldi3.o)
                0x000088ba                __muldi3
 .text.libgcc.mul
                0x0000895a       0x12 c:/program files (x86)/atmel/studio/7.0/toolchain/avr8/avr8-gnu-toolchain/bin/../lib/gcc/avr/5.4.0/avrxmega4\libgcc.a(_muldi3_6.o)
                0x0000895a                __muldi3_6
 .text.libgcc.div
                0x0000896c       0x1c c:/program files (x86)/atmel/studio/7.0/toolchain/avr8/avr8-gnu-toolchain/bin/../lib/gcc/avr/5.4.0/avrxmega4\libgcc.a(_udivdi3.o)
                0x0000896c                __umoddi3
                0x00008970                __udivdi3
                0x00008972                __udivdi3_umoddi3
 .text.libgcc.div
                0x00008988       0xa2 c:/program files (x86)/atmel/studio/7.0/toolchain/avr8/avr8-gnu-toolchain/bin/../lib/gcc/avr/5.4.0/avrxmega4\libgcc.a(_udivmod64.o)
                0x00008988                __udivmod64
 .text.libgcc.builtins
                0x00008a2a       0x32 c:/program files (x86)/atmel/studio/7.0/toolchain/avr8/avr8-gnu-toolchain/bin/../lib/gcc/avr/5.4.0/avrxmega4\libgcc.a(_ashldi3.o)
                0x00008a2a                __ashldi3
 .text.libgcc   0x00008a5c       0x12 c:/program files (x86)/atmel/studio/7.0/toolchain/avr8/avr8-gnu-toolchain/bin/../lib/gcc/avr/5.4.0/avrxmega4\libgcc.a(_adddi3.o)
                0x00008a5c                __adddi3
 .text.libgcc   0x00008a6e       0x18 c:/program files (x86)/atmel/studio/7.0/toolchain/avr8/avr8-gnu-toolchain/bin/../lib/gcc/avr/5.4.0/avrxmega4\libgcc.a(_adddi3_s8.o)
                0x00008a6e                __adddi3_s8
 .text.libgcc   0x00008a86       0x12 c:/program files (x86)/atmel/studio/7.0/toolchain/avr8/avr8-gnu-toolchain/bin/../lib/gcc/avr/5.4.0/avrxmega4\libgcc.a(_subdi3.o)
                0x00008a86                __subdi3
 .text.libgcc   0x00008a98       0x18 c:/program files (x86)/atmel/studio/7.0/toolchain/avr8/avr8-gnu-toolchain/bin/../lib/gcc/avr/5.4.0/avrxmega4\libgcc.a(_cmpdi2_s8.o)
                0x00008a98                __cmpdi2_s8
 .text.avr-libc
                0x00008ab0      0x1b0 c:/program files (x86)/atmel/studio/7.0/toolchain/avr8/avr8-gnu-toolchain/bin/../lib/gcc/avr/5.4.0/../../../../avr/lib/avrxmega4\libc.a(ftoa_engine.o)
                0x00008ab0                __ftoa_engine
 .text.avr-libc
                0x00008c60       0x16 c:/program files (x86)/atmel/studio/7.0/toolchain/avr8/avr8-gnu-toolchain/bin/../lib/gcc/avr/5.4.0/../../../../avr/lib/avrxmega4\libc.a(strnlen_P.o)
                0x00008c60                strnlen_P
 .text.avr-libc
                0x00008c76       0x16 c:/program files (x86)/atmel/studio/7.0/toolchain/avr8/avr8-gnu-toolchain/bin/../lib/gcc/avr/5.4.0/../../../../avr/lib/avrxmega4\libc.a(strnlen.o)
                0x00008c76                strnlen
 .text.avr-libc
                0x00008c8c       0x96 c:/program files (x86)/atmel/studio/7.0/toolchain/avr8/avr8-gnu-toolchain/bin/../lib/gcc/avr/5.4.0/../../../../avr/lib/avrxmega4\libc.a(fdevopen.o)
                0x00008c8c                fdevopen
 .text.avr-libc
                0x00008d22       0x78 c:/program files (x86)/atmel/studio/7.0/toolchain/avr8/avr8-gnu-toolchain/bin/../lib/gcc/avr/5.4.0/../../../../avr/lib/avrxmega4\libc.a(fputc.o)
                0x00008d22                fputc
 .text.avr-libc
                0x00008d9a       0x28 c:/program files (x86)/atmel/studio/7.0/toolchain/avr8/avr8-gnu-toolchain/bin/../lib/gcc/avr/5.4.0/../../../../avr/lib/avrxmega4\libc.a(printf.o)
                0x00008d9a                printf
 .text.avr-libc
                0x00008dc2       0x60 c:/program files (x86)/atmel/studio/7.0/toolchain/avr8/avr8-gnu-toolchain/bin/../lib/gcc/avr/5.4.0/../../../../avr/lib/avrxmega4\libc.a(puts.o)
                0x00008dc2                puts
 .text.avr-libc
                0x00008e22       0xbc c:/program files (x86)/atmel/studio/7.0/toolchain/avr8/avr8-gnu-toolchain/bin/../lib/gcc/avr/5.4.0/../../../../avr/lib/avrxmega4\libc.a(ultoa_invert.o)
                0x00008e22                __ultoa_invert
 .text.avr-libc
                0x00008ede       0x38 c:/program files (x86)/atmel/studio/7.0/toolchain/avr8/avr8-gnu-toolchain/bin/../lib/gcc/avr/5.4.0/../../../../avr/lib/avrxmega4\libc.a(calloc.o)
                0x00008ede                calloc
 .text.avr-libc
                0x00008f16      0x242 c:/program files (x86)/atmel/studio/7.0/toolchain/avr8/avr8-gnu-toolchain/bin/../lib/gcc/avr/5.4.0/../../../../avr/lib/avrxmega4\libc.a(malloc.o)
                0x00008f16                malloc
                0x00009046                free
 .text.avr-libc
                0x00009158        0xe c:/program files (x86)/atmel/studio/7.0/toolchain/avr8/avr8-gnu-toolchain/bin/../lib/gcc/avr/5.4.0/../../../../avr/lib/avrxmega4\libc.a(memset.o)
                0x00009158                memset
                0x00009166                . = ALIGN (0x2)
 *(.fini9)
 .fini9         0x00009166        0x0 c:/program files (x86)/atmel/studio/7.0/toolchain/avr8/avr8-gnu-toolchain/bin/../lib/gcc/avr/5.4.0/avrxmega4\libgcc.a(_exit.o)
                0x00009166                _exit
                0x00009166                exit
========
                0x000010f0      0x44e main.o
                0x000010f0                Check_Value
 .text.Send_To_Server_0
                0x0000153e      0x142 main.o
                0x0000153e                Send_To_Server_0
 .text.Send_To_Server_1
                0x00001680       0x8e main.o
                0x00001680                Send_To_Server_1
 .text.Receiv_PC
                0x0000170e      0x2ea main.o
                0x0000170e                Receiv_PC
 .text.Time_Check
                0x000019f8      0x104 main.o
                0x000019f8                Time_Check
 .text.Proportion_Set
                0x00001afc       0xb4 main.o
                0x00001afc                Proportion_Set
 .text.Var_Init
                0x00001bb0       0x60 main.o
                0x00001bb0                Var_Init
 .text.wdt_reset
                0x00001c10        0x4 main.o
                0x00001c10                wdt_reset
 .text.Auto_Set
                0x00001c14       0x98 main.o
                0x00001c14                Auto_Set
 .text.Seting_Mode_0
                0x00001cac      0x16a main.o
                0x00001cac                Seting_Mode_0
 .text.Seting_Mode_1
                0x00001e16      0x2cc main.o
                0x00001e16                Seting_Mode_1
 .text.main     0x000020e2      0x28c main.o
                0x000020e2                main
 .text.BOD_init
                0x0000236e        0x8 src/bod.o
                0x0000236e                BOD_init
 .text.CLKCTRL_init
                0x00002376       0x18 src/clkctrl.o
                0x00002376                CLKCTRL_init
 .text.mcu_init
                0x0000238e       0xaa src/driver_init.o
                0x0000238e                mcu_init
 .text.I2C_0_initialization
                0x00002438       0x4a src/driver_init.o
                0x00002438                I2C_0_initialization
 .text.USART_1_initialization
                0x00002482       0x20 src/driver_init.o
                0x00002482                USART_1_initialization
 .text.USART_3_initialization
                0x000024a2       0x20 src/driver_init.o
                0x000024a2                USART_3_initialization
 .text.system_init
                0x000024c2       0x26 src/driver_init.o
                0x000024c2                system_init
 .text.ee_read_byte
                0x000024e8       0x14 src/eeprom.o
                0x000024e8                ee_read_byte
 .text.ee_read_word
                0x000024fc       0x16 src/eeprom.o
                0x000024fc                ee_read_word
 .text.ee_read_dword
                0x00002512       0x1a src/eeprom.o
                0x00002512                ee_read_dword
 .text.ee_write_byte
                0x0000252c       0x46 src/eeprom.o
                0x0000252c                ee_write_byte
 .text.ee_write_word
                0x00002572       0x3a src/eeprom.o
                0x00002572                ee_write_word
 .text.ee_write_dword
                0x000025ac       0x50 src/eeprom.o
                0x000025ac                ee_write_dword
 .text.Gukbun_Set
                0x000025fc       0xae src/gateway.o
                0x000025fc                Gukbun_Set
 .text.Gwid_Set
                0x000026aa       0xae src/gateway.o
                0x000026aa                Gwid_Set
 .text.Gateway_Set
                0x00002758      0x136 src/gateway.o
                0x00002758                Gateway_Set
 .text.I2C_0_do_I2C_RESET
                0x0000288e       0x20 src/i2c_master.o
 .text.I2C_0_do_I2C_IDLE
                0x000028ae       0x10 src/i2c_master.o
 .text.I2C_0_do_I2C_SEND_STOP
                0x000028be       0x10 src/i2c_master.o
 .text.I2C_0_do_I2C_SEND_ADR_READ
                0x000028ce       0x1c src/i2c_master.o
 .text.I2C_0_do_I2C_SEND_RESTART
                0x000028ea        0x6 src/i2c_master.o
 .text.I2C_0_do_I2C_SEND_RESTART_READ
                0x000028f0        0x6 src/i2c_master.o
 .text.I2C_0_do_I2C_SEND_ADR_WRITE
                0x000028f6       0x16 src/i2c_master.o
 .text.I2C_0_do_I2C_SEND_RESTART_WRITE
                0x0000290c        0x6 src/i2c_master.o
 .text.I2C_0_do_I2C_DO_ADDRESS_NACK
                0x00002912       0x40 src/i2c_master.o
 .text.I2C_0_do_I2C_RX_DO_ACK
                0x00002952        0xe src/i2c_master.o
 .text.I2C_0_do_I2C_TX_DO_ACK
                0x00002960        0xe src/i2c_master.o
 .text.I2C_0_do_I2C_DO_NACK_STOP
                0x0000296e       0x16 src/i2c_master.o
 .text.I2C_0_do_I2C_DO_NACK_RESTART
                0x00002984        0xe src/i2c_master.o
 .text.I2C_0_do_I2C_TX
                0x00002992       0x6c src/i2c_master.o
 .text.I2C_0_do_I2C_RX
                0x000029fe       0xba src/i2c_master.o
 .text.I2C_0_do_I2C_TX_EMPTY
                0x00002ab8       0x7a src/i2c_master.o
 .text.I2C_0_do_I2C_BUS_COLLISION
                0x00002b32       0x44 src/i2c_master.o
 .text.I2C_0_do_I2C_BUS_ERROR
                0x00002b76       0x22 src/i2c_master.o
 .text.I2C_0_master_isr
                0x00002b98       0x60 src/i2c_master.o
 .text.I2C_0_return_stop
                0x00002bf8        0x4 src/i2c_master.o
 .text.I2C_0_return_reset
                0x00002bfc        0x4 src/i2c_master.o
 .text.I2C_0_set_callback
                0x00002c00       0x52 src/i2c_master.o
 .text.I2C_0_set_data_complete_callback
                0x00002c52        0xc src/i2c_master.o
                0x00002c52                I2C_0_set_data_complete_callback
 .text.I2C_0_set_address_nack_callback
                0x00002c5e        0xc src/i2c_master.o
                0x00002c5e                I2C_0_set_address_nack_callback
 .text.I2C_0_init
                0x00002c6a        0xe src/i2c_master.o
                0x00002c6a                I2C_0_init
 .text.I2C_0_open
                0x00002c78       0x7a src/i2c_master.o
                0x00002c78                I2C_0_open
 .text.I2C_0_close
                0x00002cf2       0x50 src/i2c_master.o
                0x00002cf2                I2C_0_close
 .text.I2C_0_set_buffer
                0x00002d42       0x1e src/i2c_master.o
                0x00002d42                I2C_0_set_buffer
 .text.I2C_0_master_operation
                0x00002d60       0x2e src/i2c_master.o
                0x00002d60                I2C_0_master_operation
 .text.I2C_0_master_write
                0x00002d8e        0x8 src/i2c_master.o
                0x00002d8e                I2C_0_master_write
 .text.__vector_43
                0x00002d96       0x50 src/i2c_master.o
                0x00002d96                __vector_43
 .text.I2C_0_wr1RegCompleteHandler
                0x00002de6       0x18 src/i2c_simple_master.o
 .text.I2C_0_rd1RegCompleteHandler
                0x00002dfe       0x18 src/i2c_simple_master.o
 .text.I2C_0_write1ByteRegister
                0x00002e16       0x88 src/i2c_simple_master.o
                0x00002e16                I2C_0_write1ByteRegister
 .text.I2C_0_read1ByteRegister
                0x00002e9e       0x80 src/i2c_simple_master.o
                0x00002e9e                I2C_0_read1ByteRegister
 .text.i2c_cb_restart_write
                0x00002f1e        0x4 src/i2c_types.o
                0x00002f1e                i2c_cb_restart_write
 .text.Cell_Desplay
                0x00002f22      0x1f4 src/loadcell.o
                0x00002f22                Cell_Desplay
 .text.Cell_Data_Read
                0x00003116      0x118 src/loadcell.o
                0x00003116                Cell_Data_Read
 .text.Cell_Zero_Set
                0x0000322e       0x86 src/loadcell.o
                0x0000322e                Cell_Zero_Set
 .text.Read_Load_Cell
                0x000032b4      0x19c src/loadcell.o
                0x000032b4                Read_Load_Cell
 .text.IN_Scales_Set
                0x00003450      0x36c src/loadcell.o
                0x00003450                IN_Scales_Set
 .text.RO_Set   0x000037bc      0xa68 src/loadcell.o
                0x000037bc                RO_Set
 .text.Interval_Set
                0x00004224      0x448 src/loadcell.o
                0x00004224                Interval_Set
 .text.CAPA_Set
                0x0000466c      0x34a src/loadcell.o
                0x0000466c                CAPA_Set
 .text.CNT_Set  0x000049b6       0xb0 src/loadcell.o
                0x000049b6                CNT_Set
 .text.ID_Set   0x00004a66       0xb0 src/loadcell.o
                0x00004a66                ID_Set
 .text.Loadcell_Set
                0x00004b16      0x5d2 src/loadcell.o
                0x00004b16                Loadcell_Set
 .text.protected_write_io
                0x000050e8        0xa src/protected_io.o
                0x000050e8                protected_write_io
 .text.RTC_Single_Read
                0x000050f2       0x1e src/rtc.o
                0x000050f2                RTC_Single_Read
 .text.RTC_Time_Read
                0x00005110       0x46 src/rtc.o
                0x00005110                RTC_Time_Read
 .text.RTC_Single_Write
                0x00005156       0x30 src/rtc.o
                0x00005156                RTC_Single_Write
 .text.RTC_Time_Write
                0x00005186       0x5c src/rtc.o
                0x00005186                RTC_Time_Write
 .text.RTC_Set  0x000051e2      0x6a8 src/rtc.o
                0x000051e2                RTC_Set
 .text.SLPCTRL_init
                0x0000588a        0x4 src/slpctrl.o
                0x0000588a                SLPCTRL_init
 .text.TIMER_1_init
                0x0000588e       0x18 src/tca.o
                0x0000588e                TIMER_1_init
 .text.USART_1_init
                0x000058a6       0x18 src/usart.o
                0x000058a6                USART_1_init
 .text.USART1_Write
                0x000058be       0x12 src/usart.o
                0x000058be                USART1_Write
 .text.USART_3_init
                0x000058d0       0x18 src/usart.o
                0x000058d0                USART_3_init
 .text.USART3_Write
                0x000058e8       0x12 src/usart.o
                0x000058e8                USART3_Write
 .text.USART3_SendString
                0x000058fa       0x3c src/usart.o
                0x000058fa                USART3_SendString
 .text.Rx3_Buff_Clear
                0x00005936       0x14 src/usart.o
                0x00005936                Rx3_Buff_Clear
 .text.WDT_init
                0x0000594a       0x10 src/wdt.o
                0x0000594a                WDT_init
 .text.ZigBee_Write_id
                0x0000595a      0x1cc src/zigbee.o
                0x0000595a                ZigBee_Write_id
 .text.ZigBee_PanID_Write
                0x00005b26      0x55e src/zigbee.o
                0x00005b26                ZigBee_PanID_Write
 .text.ZigBee_Write_ch
                0x00006084      0x1e6 src/zigbee.o
                0x00006084                ZigBee_Write_ch
 .text.ZigBee_Channel_Write
                0x0000626a       0x9c src/zigbee.o
                0x0000626a                ZigBee_Channel_Write
 .text.ZigBee_Read
                0x00006306      0x2c4 src/zigbee.o
                0x00006306                ZigBee_Read
 .text.ZigBee_Set
                0x000065ca      0x2c6 src/zigbee.o
                0x000065ca                ZigBee_Set
 .text.avr-libc.fplib
                0x00006890        0xe c:/program files (x86)/atmel/studio/7.0/toolchain/avr8/avr8-gnu-toolchain/bin/../lib/gcc/avr/5.4.0/../../../../avr/lib/avrxmega4\libm.a(addsf3.o)
                0x00006890                __subsf3
                0x00006892                __addsf3
 .text.avr-libc.fplib
                0x0000689e       0xcc c:/program files (x86)/atmel/studio/7.0/toolchain/avr8/avr8-gnu-toolchain/bin/../lib/gcc/avr/5.4.0/../../../../avr/lib/avrxmega4\libm.a(addsf3x.o)
                0x000068c0                __addsf3x
 .text.avr-libc.fplib
                0x0000696a        0xa c:/program files (x86)/atmel/studio/7.0/toolchain/avr8/avr8-gnu-toolchain/bin/../lib/gcc/avr/5.4.0/../../../../avr/lib/avrxmega4\libm.a(cmpsf2.o)
                0x0000696a                __nesf2
                0x0000696a                __eqsf2
                0x0000696a                __cmpsf2
                0x0000696a                __ltsf2
                0x0000696a                __lesf2
 .text.avr-libc.fplib
                0x00006974        0x8 c:/program files (x86)/atmel/studio/7.0/toolchain/avr8/avr8-gnu-toolchain/bin/../lib/gcc/avr/5.4.0/../../../../avr/lib/avrxmega4\libm.a(divsf3.o)
                0x00006974                __divsf3
 .text.avr-libc.fplib
                0x0000697c       0xdc c:/program files (x86)/atmel/studio/7.0/toolchain/avr8/avr8-gnu-toolchain/bin/../lib/gcc/avr/5.4.0/../../../../avr/lib/avrxmega4\libm.a(divsf3x.o)
                0x0000699c                __divsf3x
                0x000069a2                __divsf3_pse
 .text.avr-libc.fplib
                0x00006a58        0xe c:/program files (x86)/atmel/studio/7.0/toolchain/avr8/avr8-gnu-toolchain/bin/../lib/gcc/avr/5.4.0/../../../../avr/lib/avrxmega4\libm.a(fixsfsi.o)
                0x00006a58                __fixsfsi
 .text.avr-libc.fplib
                0x00006a66       0x5e c:/program files (x86)/atmel/studio/7.0/toolchain/avr8/avr8-gnu-toolchain/bin/../lib/gcc/avr/5.4.0/../../../../avr/lib/avrxmega4\libm.a(fixunssfsi.o)
                0x00006a66                __fixunssfsi
 .text.avr-libc.fplib
                0x00006ac4       0x7a c:/program files (x86)/atmel/studio/7.0/toolchain/avr8/avr8-gnu-toolchain/bin/../lib/gcc/avr/5.4.0/../../../../avr/lib/avrxmega4\libm.a(floatsisf.o)
                0x00006ac4                __floatunsisf
                0x00006ac8                __floatsisf
 .text.avr-libc.fplib
                0x00006b3e       0x7c c:/program files (x86)/atmel/studio/7.0/toolchain/avr8/avr8-gnu-toolchain/bin/../lib/gcc/avr/5.4.0/../../../../avr/lib/avrxmega4\libm.a(floatundisf.o)
                0x00006b3e                __floatundisf
                0x00006b40                __fp_di2sf
 .text.avr-libc.fplib
                0x00006bba       0x48 c:/program files (x86)/atmel/studio/7.0/toolchain/avr8/avr8-gnu-toolchain/bin/../lib/gcc/avr/5.4.0/../../../../avr/lib/avrxmega4\libm.a(fp_cmp.o)
                0x00006bba                __fp_cmp
 .text.avr-libc.fplib
                0x00006c02        0xc c:/program files (x86)/atmel/studio/7.0/toolchain/avr8/avr8-gnu-toolchain/bin/../lib/gcc/avr/5.4.0/../../../../avr/lib/avrxmega4\libm.a(fp_inf.o)
                0x00006c02                __fp_inf
 .text.avr-libc.fplib
                0x00006c0e        0x6 c:/program files (x86)/atmel/studio/7.0/toolchain/avr8/avr8-gnu-toolchain/bin/../lib/gcc/avr/5.4.0/../../../../avr/lib/avrxmega4\libm.a(fp_nan.o)
                0x00006c0e                __fp_nan
 .text.avr-libc.fplib
                0x00006c14        0xe c:/program files (x86)/atmel/studio/7.0/toolchain/avr8/avr8-gnu-toolchain/bin/../lib/gcc/avr/5.4.0/../../../../avr/lib/avrxmega4\libm.a(fp_pscA.o)
                0x00006c14                __fp_pscA
 .text.avr-libc.fplib
                0x00006c22        0xe c:/program files (x86)/atmel/studio/7.0/toolchain/avr8/avr8-gnu-toolchain/bin/../lib/gcc/avr/5.4.0/../../../../avr/lib/avrxmega4\libm.a(fp_pscB.o)
                0x00006c22                __fp_pscB
 .text.avr-libc.fplib
                0x00006c30       0x22 c:/program files (x86)/atmel/studio/7.0/toolchain/avr8/avr8-gnu-toolchain/bin/../lib/gcc/avr/5.4.0/../../../../avr/lib/avrxmega4\libm.a(fp_round.o)
                0x00006c30                __fp_round
 .text.avr-libc.fplib
                0x00006c52       0x44 c:/program files (x86)/atmel/studio/7.0/toolchain/avr8/avr8-gnu-toolchain/bin/../lib/gcc/avr/5.4.0/../../../../avr/lib/avrxmega4\libm.a(fp_split3.o)
                0x00006c52                __fp_split3
                0x00006c62                __fp_splitA
 .text.avr-libc.fplib
                0x00006c96        0xe c:/program files (x86)/atmel/studio/7.0/toolchain/avr8/avr8-gnu-toolchain/bin/../lib/gcc/avr/5.4.0/../../../../avr/lib/avrxmega4\libm.a(fp_zero.o)
                0x00006c96                __fp_zero
                0x00006c98                __fp_szero
 .text.avr-libc.fplib
                0x00006ca4        0xa c:/program files (x86)/atmel/studio/7.0/toolchain/avr8/avr8-gnu-toolchain/bin/../lib/gcc/avr/5.4.0/../../../../avr/lib/avrxmega4\libm.a(gesf2.o)
                0x00006ca4                __gesf2
                0x00006ca4                __gtsf2
 .text.avr-libc.fplib
                0x00006cae        0x8 c:/program files (x86)/atmel/studio/7.0/toolchain/avr8/avr8-gnu-toolchain/bin/../lib/gcc/avr/5.4.0/../../../../avr/lib/avrxmega4\libm.a(mulsf3.o)
                0x00006cae                __mulsf3
 .text.avr-libc.fplib
                0x00006cb6       0xd2 c:/program files (x86)/atmel/studio/7.0/toolchain/avr8/avr8-gnu-toolchain/bin/../lib/gcc/avr/5.4.0/../../../../avr/lib/avrxmega4\libm.a(mulsf3x.o)
                0x00006cd4                __mulsf3x
                0x00006cda                __mulsf3_pse
 .text.avr-libc
                0x00006d88      0x740 c:/program files (x86)/atmel/studio/7.0/toolchain/avr8/avr8-gnu-toolchain/bin/../lib/gcc/avr/5.4.0/../../../../avr/lib/avrxmega4\libprintf_flt.a(vfprintf_flt.o)
                0x00006d88                vfprintf
 .text.libgcc.div
                0x000074c8       0x28 c:/program files (x86)/atmel/studio/7.0/toolchain/avr8/avr8-gnu-toolchain/bin/../lib/gcc/avr/5.4.0/avrxmega4\libgcc.a(_divmodhi4.o)
                0x000074c8                _div
                0x000074c8                __divmodhi4
 .text.libgcc.div
                0x000074f0       0x44 c:/program files (x86)/atmel/studio/7.0/toolchain/avr8/avr8-gnu-toolchain/bin/../lib/gcc/avr/5.4.0/avrxmega4\libgcc.a(_udivmodsi4.o)
                0x000074f0                __udivmodsi4
 .text.libgcc.div
                0x00007534       0x2e c:/program files (x86)/atmel/studio/7.0/toolchain/avr8/avr8-gnu-toolchain/bin/../lib/gcc/avr/5.4.0/avrxmega4\libgcc.a(_divmodsi4.o)
                0x00007534                __divmodsi4
 .text.libgcc.div
                0x00007562       0x10 c:/program files (x86)/atmel/studio/7.0/toolchain/avr8/avr8-gnu-toolchain/bin/../lib/gcc/avr/5.4.0/avrxmega4\libgcc.a(_negsi2.o)
                0x00007562                __negsi2
 .text.libgcc   0x00007572       0x12 c:/program files (x86)/atmel/studio/7.0/toolchain/avr8/avr8-gnu-toolchain/bin/../lib/gcc/avr/5.4.0/avrxmega4\libgcc.a(_tablejump2.o)
                0x00007572                __tablejump2__
 .text.libgcc.mul
                0x00007584       0x1e c:/program files (x86)/atmel/studio/7.0/toolchain/avr8/avr8-gnu-toolchain/bin/../lib/gcc/avr/5.4.0/avrxmega4\libgcc.a(_umulhisi3.o)
                0x00007584                __umulhisi3
 .text.libgcc.mul
                0x000075a2       0x16 c:/program files (x86)/atmel/studio/7.0/toolchain/avr8/avr8-gnu-toolchain/bin/../lib/gcc/avr/5.4.0/avrxmega4\libgcc.a(_muluhisi3.o)
                0x000075a2                __muluhisi3
 .text.libgcc.mul
                0x000075b8       0xa0 c:/program files (x86)/atmel/studio/7.0/toolchain/avr8/avr8-gnu-toolchain/bin/../lib/gcc/avr/5.4.0/avrxmega4\libgcc.a(_muldi3.o)
                0x000075b8                __muldi3
 .text.libgcc.mul
                0x00007658       0x12 c:/program files (x86)/atmel/studio/7.0/toolchain/avr8/avr8-gnu-toolchain/bin/../lib/gcc/avr/5.4.0/avrxmega4\libgcc.a(_muldi3_6.o)
                0x00007658                __muldi3_6
 .text.libgcc.div
                0x0000766a       0x1c c:/program files (x86)/atmel/studio/7.0/toolchain/avr8/avr8-gnu-toolchain/bin/../lib/gcc/avr/5.4.0/avrxmega4\libgcc.a(_udivdi3.o)
                0x0000766a                __umoddi3
                0x0000766e                __udivdi3
                0x00007670                __udivdi3_umoddi3
 .text.libgcc.div
                0x00007686       0xa2 c:/program files (x86)/atmel/studio/7.0/toolchain/avr8/avr8-gnu-toolchain/bin/../lib/gcc/avr/5.4.0/avrxmega4\libgcc.a(_udivmod64.o)
                0x00007686                __udivmod64
 .text.libgcc.builtins
                0x00007728       0x32 c:/program files (x86)/atmel/studio/7.0/toolchain/avr8/avr8-gnu-toolchain/bin/../lib/gcc/avr/5.4.0/avrxmega4\libgcc.a(_ashldi3.o)
                0x00007728                __ashldi3
 .text.libgcc   0x0000775a       0x12 c:/program files (x86)/atmel/studio/7.0/toolchain/avr8/avr8-gnu-toolchain/bin/../lib/gcc/avr/5.4.0/avrxmega4\libgcc.a(_adddi3.o)
                0x0000775a                __adddi3
 .text.libgcc   0x0000776c       0x18 c:/program files (x86)/atmel/studio/7.0/toolchain/avr8/avr8-gnu-toolchain/bin/../lib/gcc/avr/5.4.0/avrxmega4\libgcc.a(_adddi3_s8.o)
                0x0000776c                __adddi3_s8
 .text.libgcc   0x00007784       0x12 c:/program files (x86)/atmel/studio/7.0/toolchain/avr8/avr8-gnu-toolchain/bin/../lib/gcc/avr/5.4.0/avrxmega4\libgcc.a(_subdi3.o)
                0x00007784                __subdi3
 .text.libgcc   0x00007796       0x18 c:/program files (x86)/atmel/studio/7.0/toolchain/avr8/avr8-gnu-toolchain/bin/../lib/gcc/avr/5.4.0/avrxmega4\libgcc.a(_cmpdi2_s8.o)
                0x00007796                __cmpdi2_s8
 .text.libgcc.div
                0x000077ae       0x28 c:/program files (x86)/atmel/studio/7.0/toolchain/avr8/avr8-gnu-toolchain/bin/../lib/gcc/avr/5.4.0/avrxmega4\libgcc.a(_udivmodhi4.o)
                0x000077ae                __udivmodhi4
 .text.avr-libc
                0x000077d6      0x1b0 c:/program files (x86)/atmel/studio/7.0/toolchain/avr8/avr8-gnu-toolchain/bin/../lib/gcc/avr/5.4.0/../../../../avr/lib/avrxmega4\libc.a(ftoa_engine.o)
                0x000077d6                __ftoa_engine
 .text.avr-libc
                0x00007986       0x16 c:/program files (x86)/atmel/studio/7.0/toolchain/avr8/avr8-gnu-toolchain/bin/../lib/gcc/avr/5.4.0/../../../../avr/lib/avrxmega4\libc.a(strnlen_P.o)
                0x00007986                strnlen_P
 .text.avr-libc
                0x0000799c       0x16 c:/program files (x86)/atmel/studio/7.0/toolchain/avr8/avr8-gnu-toolchain/bin/../lib/gcc/avr/5.4.0/../../../../avr/lib/avrxmega4\libc.a(strnlen.o)
                0x0000799c                strnlen
 .text.avr-libc
                0x000079b2       0x96 c:/program files (x86)/atmel/studio/7.0/toolchain/avr8/avr8-gnu-toolchain/bin/../lib/gcc/avr/5.4.0/../../../../avr/lib/avrxmega4\libc.a(fdevopen.o)
                0x000079b2                fdevopen
 .text.avr-libc
                0x00007a48       0x78 c:/program files (x86)/atmel/studio/7.0/toolchain/avr8/avr8-gnu-toolchain/bin/../lib/gcc/avr/5.4.0/../../../../avr/lib/avrxmega4\libc.a(fputc.o)
                0x00007a48                fputc
 .text.avr-libc
                0x00007ac0       0x28 c:/program files (x86)/atmel/studio/7.0/toolchain/avr8/avr8-gnu-toolchain/bin/../lib/gcc/avr/5.4.0/../../../../avr/lib/avrxmega4\libc.a(printf.o)
                0x00007ac0                printf
 .text.avr-libc
                0x00007ae8       0x60 c:/program files (x86)/atmel/studio/7.0/toolchain/avr8/avr8-gnu-toolchain/bin/../lib/gcc/avr/5.4.0/../../../../avr/lib/avrxmega4\libc.a(puts.o)
                0x00007ae8                puts
 .text.avr-libc
                0x00007b48       0xbc c:/program files (x86)/atmel/studio/7.0/toolchain/avr8/avr8-gnu-toolchain/bin/../lib/gcc/avr/5.4.0/../../../../avr/lib/avrxmega4\libc.a(ultoa_invert.o)
                0x00007b48                __ultoa_invert
 .text.avr-libc
                0x00007c04       0x38 c:/program files (x86)/atmel/studio/7.0/toolchain/avr8/avr8-gnu-toolchain/bin/../lib/gcc/avr/5.4.0/../../../../avr/lib/avrxmega4\libc.a(calloc.o)
                0x00007c04                calloc
 .text.avr-libc
                0x00007c3c      0x242 c:/program files (x86)/atmel/studio/7.0/toolchain/avr8/avr8-gnu-toolchain/bin/../lib/gcc/avr/5.4.0/../../../../avr/lib/avrxmega4\libc.a(malloc.o)
                0x00007c3c                malloc
                0x00007d6c                free
 .text.avr-libc
                0x00007e7e        0xe c:/program files (x86)/atmel/studio/7.0/toolchain/avr8/avr8-gnu-toolchain/bin/../lib/gcc/avr/5.4.0/../../../../avr/lib/avrxmega4\libc.a(memset.o)
                0x00007e7e                memset
                0x00007e8c                . = ALIGN (0x2)
 *(.fini9)
 .fini9         0x00007e8c        0x0 c:/program files (x86)/atmel/studio/7.0/toolchain/avr8/avr8-gnu-toolchain/bin/../lib/gcc/avr/5.4.0/avrxmega4\libgcc.a(_exit.o)
                0x00007e8c                _exit
                0x00007e8c                exit
>>>>>>>> 37084d9a3f556cf7c84333cf20a704335f1b4c28:back/Pig_Scales-2 (2023-0216)/Source/Debug/Pig_Scales-2.map
 *(.fini9)
 *(.fini8)
 *(.fini8)
 *(.fini7)
 *(.fini7)
 *(.fini6)
 *(.fini6)
 *(.fini5)
 *(.fini5)
 *(.fini4)
 *(.fini4)
 *(.fini3)
 *(.fini3)
 *(.fini2)
 *(.fini2)
 *(.fini1)
 *(.fini1)
 *(.fini0)
<<<<<<<< HEAD:back/Pig_Scales-1  (2023-0216)/Source/Debug/Pig_Scales-1.map
 .fini0         0x00009166        0x4 c:/program files (x86)/atmel/studio/7.0/toolchain/avr8/avr8-gnu-toolchain/bin/../lib/gcc/avr/5.4.0/avrxmega4\libgcc.a(_exit.o)
 *(.fini0)
                0x0000916a                _etext = .

.data           0x00804000      0x16e load address 0x0000916a
========
 .fini0         0x00007e8c        0x4 c:/program files (x86)/atmel/studio/7.0/toolchain/avr8/avr8-gnu-toolchain/bin/../lib/gcc/avr/5.4.0/avrxmega4\libgcc.a(_exit.o)
 *(.fini0)
                0x00007e90                _etext = .

.data           0x00804000      0x16e load address 0x00007e90
>>>>>>>> 37084d9a3f556cf7c84333cf20a704335f1b4c28:back/Pig_Scales-2 (2023-0216)/Source/Debug/Pig_Scales-2.map
                0x00804000                PROVIDE (__data_start, .)
 *(.data)
 .data          0x00804000        0x6 c:/program files (x86)/atmel/studio/7.0/toolchain/avr8/avr8-gnu-toolchain/bin/../lib/gcc/avr/5.4.0/../../../../avr/lib/avrxmega4\libc.a(malloc.o)
                0x00804000                __malloc_heap_end
                0x00804002                __malloc_heap_start
                0x00804004                __malloc_margin
 *(.data*)
 .data.I2C_0_fsmStateTable
                0x00804006       0x24 src/i2c_master.o
                0x00804006                I2C_0_fsmStateTable
 .data.CH       0x0080402a       0x1e src/zigbee.o
                0x0080402a                CH
 *(.gnu.linkonce.d*)
 *(.rodata)
 *(.rodata*)
 .rodata.str1.1
                0x00804048       0xf3 main.o
                                 0xf5 (size before relaxing)
 .rodata.fnd_tbl
                0x0080413b        0xd main.o
                0x0080413b                fnd_tbl
 .rodata.str1.1
                0x00804148       0x26 src/zigbee.o
 *(.gnu.linkonce.r*)
                0x0080416e                . = ALIGN (0x2)
                0x0080416e                _edata = .
                0x0080416e                PROVIDE (__data_end, .)

<<<<<<<< HEAD:back/Pig_Scales-1  (2023-0216)/Source/Debug/Pig_Scales-1.map
.bss            0x0080416e      0x2b2
                0x0080416e                PROVIDE (__bss_start, .)
 *(.bss)
 *(.bss*)
 .bss.cnt.6537  0x0080416e        0x1 main.o
 .bss.DIGIT     0x0080416f        0xc main.o
                0x0080416f                DIGIT
========
.bss            0x0080416e     0x111c
                0x0080416e                PROVIDE (__bss_start, .)
 *(.bss)
 *(.bss*)
 .bss.CommCnt.6503
                0x0080416e        0x2 main.o
 .bss.cnt.6411  0x00804170        0x1 main.o
 .bss.DIGIT     0x00804171        0xc main.o
                0x00804171                DIGIT
>>>>>>>> 37084d9a3f556cf7c84333cf20a704335f1b4c28:back/Pig_Scales-2 (2023-0216)/Source/Debug/Pig_Scales-2.map
 .bss.I2C_0_status
                0x0080417d       0x24 src/i2c_master.o
                0x0080417d                I2C_0_status
 *(COMMON)
<<<<<<<< HEAD:back/Pig_Scales-1  (2023-0216)/Source/Debug/Pig_Scales-1.map
 COMMON         0x0080419f      0x277 atmel_start.o
                0x0080419f                CAPA_1000
                0x008041a0                Cell_RO_2
                0x008041a4                Weight_10000
                0x008041a5                Cell_ID_1
                0x008041a6                Zero_Count_2
                0x008041a7                Pan_id_100
                0x008041a9                Data_3
                0x008041d1                Cell_RO_1
                0x008041d5                Rx1_Cnt
                0x008041d6                Zero_Buff
                0x008041d7                ZB_ch
                0x008041d8                Pan_id_1
                0x008041da                IN_S_10
                0x008041db                Cell_RO_3
                0x008041df                ID
                0x008041e0                Cell_CNT_1
                0x008041e1                Rx1_Buff
                0x008041fa                CAPA
                0x008041fe                Cell_ID_3
                0x008041ff                IN_S_10000
                0x00804200                IN_S_100
                0x00804201                IN_Weight_2
                0x00804203                Pan_id_10
                0x00804205                SET
                0x00804208                RO
                0x00804210                Blink_Timer
                0x00804211                CELL
                0x0080425a                CAPA_1
                0x0080425b                OK_Count_3
                0x0080425c                Zero_Count_3
                0x0080425d                Timer
                0x00804268                IN_Weight_3
                0x0080426a                Value_Count_1
                0x0080426b                RTC_T
                0x00804273                RO_10
                0x0080427b                Weight_10
                0x0080427c                Gukbun
                0x0080427d                Pan_id_1000
                0x0080427f                printf_port
                0x00804280                KEY
                0x00804285                OK_Count
                0x00804286                Gwid
                0x00804287                Cell_Capa_3
                0x0080428b                Cell_Capa_1
                0x0080428f                OK_Count_1
                0x00804290                RO_10000
                0x00804298                CAPA_100
                0x00804299                Cell_Capa_2
                0x0080429d                ZB_id
                0x0080429f                Weight_1
                0x008042a0                IN_S_1
                0x008042a1                Beep_Timer
                0x008042a2                Zero_Count_1
                0x008042a3                Cell_CNT_3
                0x008042a4                CAPA_10
                0x008042a5                Weight_100
                0x008042a6                CNT
                0x008042a7                Rx3_Cnt
                0x008042a8                RO_100
                0x008042b0                Blink
                0x008042b1                Data_2
                0x008042d9                IN_S_1000
                0x008042da                Weight_1000
                0x008042db                Value_Count_2
                0x008042dc                OK_Count_2
                0x008042dd                Cell_CNT_2
                0x008042de                Value_Count_3
                0x008042df                RO_1
                0x008042e7                Rx3_Buff
                0x008043e1                IN_S
                0x008043e3                Cell_ID_2
                0x008043e4                RO_1000
                0x008043ec                IN_Weight_1
                0x008043ee                Data_1
 COMMON         0x00804416        0x6 c:/program files (x86)/atmel/studio/7.0/toolchain/avr8/avr8-gnu-toolchain/bin/../lib/gcc/avr/5.4.0/../../../../avr/lib/avrxmega4\libc.a(iob.o)
                0x00804416                __iob
 COMMON         0x0080441c        0x4 c:/program files (x86)/atmel/studio/7.0/toolchain/avr8/avr8-gnu-toolchain/bin/../lib/gcc/avr/5.4.0/../../../../avr/lib/avrxmega4\libc.a(malloc.o)
                0x0080441c                __brkval
                0x0080441e                __flp
                0x00804420                PROVIDE (__bss_end, .)
                0x0000916a                __data_load_start = LOADADDR (.data)
                0x000092d8                __data_load_end = (__data_load_start + SIZEOF (.data))

.noinit         0x00804420        0x0
                [!provide]                PROVIDE (__noinit_start, .)
 *(.noinit*)
                [!provide]                PROVIDE (__noinit_end, .)
                0x00804420                _end = .
                0x00804420                PROVIDE (__heap_start, .)
========
 COMMON         0x008041a1     0x10df atmel_start.o
                0x008041a1                CAPA_1000
                0x008041a2                Weight_10000
                0x008041a3                Pan_id_100
                0x008041a5                EepCnt
                0x008041a6                SAVE
                0x008050e2                Cell_ID
                0x008050e3                Rx1_Cnt
                0x008050e4                ZB_ch
                0x008050e5                Pan_id_1
                0x008050e7                IN_S_10
                0x008050e8                Rx1_Buff
                0x00805101                IN_Scales
                0x00805103                IN_S_10000
                0x00805104                Sec_Count
                0x00805105                IN_S_100
                0x00805106                Pan_id_10
                0x00805108                SET
                0x0080510d                RO
                0x00805115                Blink_Timer
                0x00805116                CELL
                0x00805127                CAPA_1
                0x00805128                Value_Count
                0x00805129                Timer
                0x0080512e                RTC_T
                0x00805136                RO_10
                0x0080513e                Weight_10
                0x0080513f                Gukbun
                0x00805140                Pan_id_1000
                0x00805142                printf_port
                0x00805143                KEY
                0x00805148                OK_Count
                0x00805149                Gwid
                0x0080514a                Stal_Number
                0x0080514b                Cell_RO
                0x0080514f                RO_10000
                0x00805157                Data_Number
                0x00805158                CAPA_100
                0x00805159                ZB_id
                0x0080515b                Weight_1
                0x0080515c                IN_S_1
                0x0080515d                Beep_Timer
                0x0080515e                CAPA_10
                0x0080515f                Cell_Capa
                0x00805163                Time_Count
                0x00805164                Zero_Count
                0x00805165                Weight_100
                0x00805166                Rx3_Cnt
                0x00805167                RO_100
                0x0080516f                Blink
                0x00805170                Room_Number
                0x00805171                IN_S_1000
                0x00805172                Cell_CNT
                0x00805173                Weight_1000
                0x00805174                RO_1
                0x0080517c                Auto_Mode
                0x0080517d                Rx3_Buff
                0x00805277                RO_1000
                0x0080527f                SECOND
 COMMON         0x00805280        0x6 c:/program files (x86)/atmel/studio/7.0/toolchain/avr8/avr8-gnu-toolchain/bin/../lib/gcc/avr/5.4.0/../../../../avr/lib/avrxmega4\libc.a(iob.o)
                0x00805280                __iob
 COMMON         0x00805286        0x4 c:/program files (x86)/atmel/studio/7.0/toolchain/avr8/avr8-gnu-toolchain/bin/../lib/gcc/avr/5.4.0/../../../../avr/lib/avrxmega4\libc.a(malloc.o)
                0x00805286                __brkval
                0x00805288                __flp
                0x0080528a                PROVIDE (__bss_end, .)
                0x00007e90                __data_load_start = LOADADDR (.data)
                0x00007ffe                __data_load_end = (__data_load_start + SIZEOF (.data))

.noinit         0x0080528a        0x0
                [!provide]                PROVIDE (__noinit_start, .)
 *(.noinit*)
                [!provide]                PROVIDE (__noinit_end, .)
                0x0080528a                _end = .
                0x0080528a                PROVIDE (__heap_start, .)
>>>>>>>> 37084d9a3f556cf7c84333cf20a704335f1b4c28:back/Pig_Scales-2 (2023-0216)/Source/Debug/Pig_Scales-2.map

.eeprom         0x00810000        0x0
 *(.eeprom*)
                0x00810000                __eeprom_end = .

.fuse           0x00820000        0x9
 *(.fuse)
 .fuse          0x00820000        0x9 main.o
                0x00820000                __fuse
 *(.lfuse)
 *(.hfuse)
 *(.efuse)

.lock
 *(.lock*)

.signature
 *(.signature*)

.user_signatures
 *(.user_signatures*)

.stab
 *(.stab)

.stabstr
 *(.stabstr)

.stab.excl
 *(.stab.excl)

.stab.exclstr
 *(.stab.exclstr)

.stab.index
 *(.stab.index)

.stab.indexstr
 *(.stab.indexstr)

.comment        0x00000000       0x5c
 *(.comment)
 .comment       0x00000000       0x30 atmel_start.o
                                 0x31 (size before relaxing)
 .comment       0x00000030       0x31 driver_isr.o
 .comment       0x00000030       0x31 main.o
 .comment       0x00000030       0x31 src/bod.o
 .comment       0x00000030       0x31 src/clkctrl.o
 .comment       0x00000030       0x31 src/driver_init.o
 .comment       0x00000030       0x31 src/eeprom.o
 .comment       0x00000030       0x31 src/gateway.o
 .comment       0x00000030       0x31 src/i2c_master.o
 .comment       0x00000030       0x31 src/i2c_simple_master.o
 .comment       0x00000030       0x31 src/i2c_types.o
 .comment       0x00000030       0x31 src/loadcell.o
 .comment       0x00000030       0x31 src/rtc.o
 .comment       0x00000030       0x31 src/slpctrl.o
 .comment       0x00000030       0x31 src/tca.o
 .comment       0x00000030       0x31 src/usart.o
 .comment       0x00000030       0x31 src/wdt.o
 .comment       0x00000030       0x31 src/zigbee.o
 .comment       0x00000030       0x2c c:/program files (x86)/atmel/studio/7.0/toolchain/avr8/avr8-gnu-toolchain/bin/../lib/gcc/avr/5.4.0/../../../../avr/lib/avrxmega4\libprintf_flt.a(vfprintf_flt.o)
                                 0x2d (size before relaxing)
 .comment       0x0000005c       0x31 c:/program files (x86)/atmel/studio/7.0/toolchain/avr8/avr8-gnu-toolchain/bin/../lib/gcc/avr/5.4.0/../../../../avr/lib/avrxmega4\libc.a(fdevopen.o)
 .comment       0x0000005c       0x31 c:/program files (x86)/atmel/studio/7.0/toolchain/avr8/avr8-gnu-toolchain/bin/../lib/gcc/avr/5.4.0/../../../../avr/lib/avrxmega4\libc.a(fputc.o)
 .comment       0x0000005c       0x31 c:/program files (x86)/atmel/studio/7.0/toolchain/avr8/avr8-gnu-toolchain/bin/../lib/gcc/avr/5.4.0/../../../../avr/lib/avrxmega4\libc.a(iob.o)
 .comment       0x0000005c       0x31 c:/program files (x86)/atmel/studio/7.0/toolchain/avr8/avr8-gnu-toolchain/bin/../lib/gcc/avr/5.4.0/../../../../avr/lib/avrxmega4\libc.a(printf.o)
 .comment       0x0000005c       0x31 c:/program files (x86)/atmel/studio/7.0/toolchain/avr8/avr8-gnu-toolchain/bin/../lib/gcc/avr/5.4.0/../../../../avr/lib/avrxmega4\libc.a(puts.o)
 .comment       0x0000005c       0x31 c:/program files (x86)/atmel/studio/7.0/toolchain/avr8/avr8-gnu-toolchain/bin/../lib/gcc/avr/5.4.0/../../../../avr/lib/avrxmega4\libc.a(calloc.o)
 .comment       0x0000005c       0x31 c:/program files (x86)/atmel/studio/7.0/toolchain/avr8/avr8-gnu-toolchain/bin/../lib/gcc/avr/5.4.0/../../../../avr/lib/avrxmega4\libc.a(malloc.o)

.note.gnu.avr.deviceinfo
                0x00000000       0x40
 .note.gnu.avr.deviceinfo
                0x00000000       0x40 C:/Program Files (x86)/Atmel/Studio/7.0/Packs/atmel/AVR-Dx_DFP/1.8.95/gcc/dev/avr128da64/avrxmega4/crtavr128da64.o

.note.gnu.build-id
 *(.note.gnu.build-id)

.debug
 *(.debug)

.line
 *(.line)

.debug_srcinfo
 *(.debug_srcinfo)

.debug_sfnames
 *(.debug_sfnames)

.debug_aranges  0x00000000      0x608
 *(.debug_aranges)
 .debug_aranges
                0x00000000       0x20 atmel_start.o
 .debug_aranges
                0x00000020       0x38 driver_isr.o
 .debug_aranges
                0x00000058       0xd0 main.o
 .debug_aranges
                0x00000128       0x20 src/bod.o
 .debug_aranges
                0x00000148       0x20 src/clkctrl.o
 .debug_aranges
                0x00000168       0x40 src/driver_init.o
 .debug_aranges
                0x000001a8       0x60 src/eeprom.o
 .debug_aranges
                0x00000208       0x30 src/gateway.o
 .debug_aranges
                0x00000238      0x148 src/i2c_master.o
 .debug_aranges
                0x00000380       0x78 src/i2c_simple_master.o
 .debug_aranges
                0x000003f8       0x38 src/i2c_types.o
 .debug_aranges
                0x00000430       0x70 src/loadcell.o
 .debug_aranges
                0x000004a0       0x20 src/protected_io.o
 .debug_aranges
                0x000004c0       0x40 src/rtc.o
 .debug_aranges
                0x00000500       0x28 src/slpctrl.o
 .debug_aranges
                0x00000528       0x20 src/tca.o
 .debug_aranges
                0x00000548       0x58 src/usart.o
 .debug_aranges
                0x000005a0       0x20 src/wdt.o
 .debug_aranges
                0x000005c0       0x48 src/zigbee.o

.debug_pubnames
 *(.debug_pubnames)

<<<<<<<< HEAD:back/Pig_Scales-1  (2023-0216)/Source/Debug/Pig_Scales-1.map
.debug_info     0x00000000    0x10e69
 *(.debug_info .gnu.linkonce.wi.*)
 .debug_info    0x00000000     0x3072 C:/Program Files (x86)/Atmel/Studio/7.0/Packs/atmel/AVR-Dx_DFP/1.8.95/gcc/dev/avr128da64/avrxmega4/crtavr128da64.o
 .debug_info    0x00003072      0x94d atmel_start.o
 .debug_info    0x000039bf     0x1145 driver_isr.o
 .debug_info    0x00004b04     0x2163 main.o
 .debug_info    0x00006c67      0x188 src/bod.o
 .debug_info    0x00006def      0x2a9 src/clkctrl.o
 .debug_info    0x00007098       0x8d src/cpuint.o
 .debug_info    0x00007125     0x13d1 src/driver_init.o
 .debug_info    0x000084f6      0x81c src/eeprom.o
 .debug_info    0x00008d12      0xa98 src/gateway.o
 .debug_info    0x000097aa     0x14fb src/i2c_master.o
 .debug_info    0x0000aca5      0x973 src/i2c_simple_master.o
 .debug_info    0x0000b618      0x146 src/i2c_types.o
 .debug_info    0x0000b75e     0x17ff src/loadcell.o
 .debug_info    0x0000cf5d       0x93 src/protected_io.o
 .debug_info    0x0000cff0      0xc3c src/rtc.o
 .debug_info    0x0000dc2c      0x136 src/slpctrl.o
 .debug_info    0x0000dd62      0xfc2 src/tca.o
 .debug_info    0x0000ed24      0xc2e src/usart.o
 .debug_info    0x0000f952      0x22d src/wdt.o
 .debug_info    0x0000fb7f     0x12ea src/zigbee.o

.debug_abbrev   0x00000000     0x4cba
 *(.debug_abbrev)
 .debug_abbrev  0x00000000     0x2de2 C:/Program Files (x86)/Atmel/Studio/7.0/Packs/atmel/AVR-Dx_DFP/1.8.95/gcc/dev/avr128da64/avrxmega4/crtavr128da64.o
 .debug_abbrev  0x00002de2       0xe7 atmel_start.o
 .debug_abbrev  0x00002ec9      0x1a6 driver_isr.o
 .debug_abbrev  0x0000306f      0x3b9 main.o
 .debug_abbrev  0x00003428       0xaf src/bod.o
 .debug_abbrev  0x000034d7      0x117 src/clkctrl.o
 .debug_abbrev  0x000035ee       0x51 src/cpuint.o
 .debug_abbrev  0x0000363f      0x212 src/driver_init.o
 .debug_abbrev  0x00003851      0x1de src/eeprom.o
 .debug_abbrev  0x00003a2f      0x163 src/gateway.o
 .debug_abbrev  0x00003b92      0x32a src/i2c_master.o
 .debug_abbrev  0x00003ebc      0x15d src/i2c_simple_master.o
 .debug_abbrev  0x00004019       0x9d src/i2c_types.o
 .debug_abbrev  0x000040b6      0x2cc src/loadcell.o
 .debug_abbrev  0x00004382       0x14 src/protected_io.o
 .debug_abbrev  0x00004396      0x1b7 src/rtc.o
 .debug_abbrev  0x0000454d       0xc4 src/slpctrl.o
 .debug_abbrev  0x00004611      0x160 src/tca.o
 .debug_abbrev  0x00004771      0x233 src/usart.o
 .debug_abbrev  0x000049a4      0x105 src/wdt.o
 .debug_abbrev  0x00004aa9      0x211 src/zigbee.o

.debug_line     0x00000000     0x64ac
 *(.debug_line .debug_line.* .debug_line_end)
 .debug_line    0x00000000      0x217 C:/Program Files (x86)/Atmel/Studio/7.0/Packs/atmel/AVR-Dx_DFP/1.8.95/gcc/dev/avr128da64/avrxmega4/crtavr128da64.o
 .debug_line    0x00000217       0xf9 atmel_start.o
 .debug_line    0x00000310      0x271 driver_isr.o
 .debug_line    0x00000581     0x1383 main.o
 .debug_line    0x00001904      0x10c src/bod.o
 .debug_line    0x00001a10      0x144 src/clkctrl.o
 .debug_line    0x00001b54       0xa5 src/cpuint.o
 .debug_line    0x00001bf9      0x3c0 src/driver_init.o
 .debug_line    0x00001fb9      0x335 src/eeprom.o
 .debug_line    0x000022ee      0x330 src/gateway.o
 .debug_line    0x0000261e      0x852 src/i2c_master.o
 .debug_line    0x00002e70      0x528 src/i2c_simple_master.o
 .debug_line    0x00003398       0xa2 src/i2c_types.o
 .debug_line    0x0000343a     0x1857 src/loadcell.o
 .debug_line    0x00004c91       0x5b src/protected_io.o
 .debug_line    0x00004cec      0x4dd src/rtc.o
 .debug_line    0x000051c9      0x120 src/slpctrl.o
 .debug_line    0x000052e9      0x15b src/tca.o
 .debug_line    0x00005444      0x2e4 src/usart.o
 .debug_line    0x00005728      0x136 src/wdt.o
 .debug_line    0x0000585e      0xc4e src/zigbee.o

.debug_frame    0x00000000     0x1100
 *(.debug_frame)
 .debug_frame   0x00000000       0x24 atmel_start.o
 .debug_frame   0x00000024       0xdc driver_isr.o
 .debug_frame   0x00000100      0x264 main.o
 .debug_frame   0x00000364       0x24 src/bod.o
 .debug_frame   0x00000388       0x24 src/clkctrl.o
 .debug_frame   0x000003ac       0x24 src/cpuint.o
 .debug_frame   0x000003d0       0x64 src/driver_init.o
 .debug_frame   0x00000434      0x140 src/eeprom.o
 .debug_frame   0x00000574       0x4c src/gateway.o
 .debug_frame   0x000005c0      0x2d4 src/i2c_master.o
 .debug_frame   0x00000894      0x1b4 src/i2c_simple_master.o
 .debug_frame   0x00000a48       0x54 src/i2c_types.o
 .debug_frame   0x00000a9c      0x3c4 src/loadcell.o
 .debug_frame   0x00000e60       0x7c src/rtc.o
 .debug_frame   0x00000edc       0x34 src/slpctrl.o
 .debug_frame   0x00000f10       0x24 src/tca.o
 .debug_frame   0x00000f34       0xbc src/usart.o
 .debug_frame   0x00000ff0       0x24 src/wdt.o
 .debug_frame   0x00001014       0xec src/zigbee.o

.debug_str      0x00000000     0x398f
 *(.debug_str)
 .debug_str     0x00000000     0x14e3 C:/Program Files (x86)/Atmel/Studio/7.0/Packs/atmel/AVR-Dx_DFP/1.8.95/gcc/dev/avr128da64/avrxmega4/crtavr128da64.o
 .debug_str     0x000014e3      0x578 atmel_start.o
                                0x61c (size before relaxing)
 .debug_str     0x00001a5b      0x28f driver_isr.o
                                0x8a2 (size before relaxing)
 .debug_str     0x00001cea      0x461 main.o
                                0xc3f (size before relaxing)
 .debug_str     0x0000214b       0xd5 src/bod.o
                                0x24a (size before relaxing)
 .debug_str     0x00002220      0x148 src/clkctrl.o
                                0x323 (size before relaxing)
 .debug_str     0x00002368       0x1c src/cpuint.o
                                0x19a (size before relaxing)
 .debug_str     0x00002384      0x3ef src/driver_init.o
                                0xa60 (size before relaxing)
 .debug_str     0x00002773      0x287 src/eeprom.o
                                0x518 (size before relaxing)
 .debug_str     0x000029fa       0x2b src/gateway.o
                                0x658 (size before relaxing)
 .debug_str     0x00002a25      0x740 src/i2c_master.o
                                0xe60 (size before relaxing)
 .debug_str     0x00003165      0x155 src/i2c_simple_master.o
                                0x412 (size before relaxing)
 .debug_str     0x000032ba       0x63 src/i2c_types.o
                                0x22a (size before relaxing)
 .debug_str     0x0000331d       0xbd src/loadcell.o
                                0x7c3 (size before relaxing)
 .debug_str     0x000033da       0x49 src/rtc.o
                                0x70e (size before relaxing)
 .debug_str     0x00003423       0xb9 src/slpctrl.o
                                0x25e (size before relaxing)
 .debug_str     0x000034dc       0xfb src/tca.o
                                0x8ed (size before relaxing)
 .debug_str     0x000035d7       0xef src/usart.o
                                0x7d4 (size before relaxing)
 .debug_str     0x000036c6      0x21e src/wdt.o
                                0x412 (size before relaxing)
 .debug_str     0x000038e4       0xab src/zigbee.o
                                0x737 (size before relaxing)

.debug_loc      0x00000000     0x4fe3
 *(.debug_loc)
 .debug_loc     0x00000000      0x191 driver_isr.o
 .debug_loc     0x00000191     0x114e main.o
 .debug_loc     0x000012df      0x292 src/driver_init.o
 .debug_loc     0x00001571      0x6ce src/eeprom.o
 .debug_loc     0x00001c3f       0x58 src/gateway.o
 .debug_loc     0x00001c97      0x538 src/i2c_master.o
 .debug_loc     0x000021cf      0x97d src/i2c_simple_master.o
 .debug_loc     0x00002b4c       0x98 src/i2c_types.o
 .debug_loc     0x00002be4     0x16ef src/loadcell.o
 .debug_loc     0x000042d3      0x199 src/rtc.o
 .debug_loc     0x0000446c       0x21 src/slpctrl.o
 .debug_loc     0x0000448d      0x186 src/usart.o
 .debug_loc     0x00004613       0x2a src/wdt.o
 .debug_loc     0x0000463d      0x9a6 src/zigbee.o
========
.debug_info     0x00000000     0xf5d5
 *(.debug_info .gnu.linkonce.wi.*)
 .debug_info    0x00000000     0x3072 C:/Program Files (x86)/Atmel/Studio/7.0/Packs/atmel/AVR-Dx_DFP/1.8.95/gcc/dev/avr128da64/avrxmega4/crtavr128da64.o
 .debug_info    0x00003072      0x800 atmel_start.o
 .debug_info    0x00003872      0xff8 driver_isr.o
 .debug_info    0x0000486a     0x1ed9 main.o
 .debug_info    0x00006743      0x188 src/bod.o
 .debug_info    0x000068cb      0x2a9 src/clkctrl.o
 .debug_info    0x00006b74     0x126e src/driver_init.o
 .debug_info    0x00007de2      0x81c src/eeprom.o
 .debug_info    0x000085fe      0x94b src/gateway.o
 .debug_info    0x00008f49     0x13ae src/i2c_master.o
 .debug_info    0x0000a2f7      0x973 src/i2c_simple_master.o
 .debug_info    0x0000ac6a      0x146 src/i2c_types.o
 .debug_info    0x0000adb0      0xe4b src/loadcell.o
 .debug_info    0x0000bbfb       0x95 src/protected_io.o
 .debug_info    0x0000bc90      0xaef src/rtc.o
 .debug_info    0x0000c77f      0x136 src/slpctrl.o
 .debug_info    0x0000c8b5      0xe75 src/tca.o
 .debug_info    0x0000d72a      0xae1 src/usart.o
 .debug_info    0x0000e20b      0x22d src/wdt.o
 .debug_info    0x0000e438     0x119d src/zigbee.o

.debug_abbrev   0x00000000     0x4d9f
 *(.debug_abbrev)
 .debug_abbrev  0x00000000     0x2de2 C:/Program Files (x86)/Atmel/Studio/7.0/Packs/atmel/AVR-Dx_DFP/1.8.95/gcc/dev/avr128da64/avrxmega4/crtavr128da64.o
 .debug_abbrev  0x00002de2       0xfd atmel_start.o
 .debug_abbrev  0x00002edf      0x1bc driver_isr.o
 .debug_abbrev  0x0000309b      0x406 main.o
 .debug_abbrev  0x000034a1       0xaf src/bod.o
 .debug_abbrev  0x00003550      0x117 src/clkctrl.o
 .debug_abbrev  0x00003667      0x228 src/driver_init.o
 .debug_abbrev  0x0000388f      0x1de src/eeprom.o
 .debug_abbrev  0x00003a6d      0x179 src/gateway.o
 .debug_abbrev  0x00003be6      0x340 src/i2c_master.o
 .debug_abbrev  0x00003f26      0x15d src/i2c_simple_master.o
 .debug_abbrev  0x00004083       0x9d src/i2c_types.o
 .debug_abbrev  0x00004120      0x2ef src/loadcell.o
 .debug_abbrev  0x0000440f       0x14 src/protected_io.o
 .debug_abbrev  0x00004423      0x1cd src/rtc.o
 .debug_abbrev  0x000045f0       0xc4 src/slpctrl.o
 .debug_abbrev  0x000046b4      0x176 src/tca.o
 .debug_abbrev  0x0000482a      0x249 src/usart.o
 .debug_abbrev  0x00004a73      0x105 src/wdt.o
 .debug_abbrev  0x00004b78      0x227 src/zigbee.o

.debug_line     0x00000000     0x5bff
 *(.debug_line .debug_line.* .debug_line_end)
 .debug_line    0x00000000      0x217 C:/Program Files (x86)/Atmel/Studio/7.0/Packs/atmel/AVR-Dx_DFP/1.8.95/gcc/dev/avr128da64/avrxmega4/crtavr128da64.o
 .debug_line    0x00000217       0xf9 atmel_start.o
 .debug_line    0x00000310      0x265 driver_isr.o
 .debug_line    0x00000575     0x1470 main.o
 .debug_line    0x000019e5      0x10c src/bod.o
 .debug_line    0x00001af1      0x144 src/clkctrl.o
 .debug_line    0x00001c35      0x3ae src/driver_init.o
 .debug_line    0x00001fe3      0x335 src/eeprom.o
 .debug_line    0x00002318      0x330 src/gateway.o
 .debug_line    0x00002648      0x852 src/i2c_master.o
 .debug_line    0x00002e9a      0x528 src/i2c_simple_master.o
 .debug_line    0x000033c2       0xa2 src/i2c_types.o
 .debug_line    0x00003464      0xf80 src/loadcell.o
 .debug_line    0x000043e4       0x5b src/protected_io.o
 .debug_line    0x0000443f      0x4dd src/rtc.o
 .debug_line    0x0000491c      0x120 src/slpctrl.o
 .debug_line    0x00004a3c      0x15b src/tca.o
 .debug_line    0x00004b97      0x2e4 src/usart.o
 .debug_line    0x00004e7b      0x136 src/wdt.o
 .debug_line    0x00004fb1      0xc4e src/zigbee.o

.debug_frame    0x00000000     0x1034
 *(.debug_frame)
 .debug_frame   0x00000000       0x24 atmel_start.o
 .debug_frame   0x00000024       0xdc driver_isr.o
 .debug_frame   0x00000100      0x2cc main.o
 .debug_frame   0x000003cc       0x24 src/bod.o
 .debug_frame   0x000003f0       0x24 src/clkctrl.o
 .debug_frame   0x00000414       0x64 src/driver_init.o
 .debug_frame   0x00000478      0x140 src/eeprom.o
 .debug_frame   0x000005b8       0x4c src/gateway.o
 .debug_frame   0x00000604      0x2d4 src/i2c_master.o
 .debug_frame   0x000008d8      0x1b4 src/i2c_simple_master.o
 .debug_frame   0x00000a8c       0x54 src/i2c_types.o
 .debug_frame   0x00000ae0      0x2b4 src/loadcell.o
 .debug_frame   0x00000d94       0x7c src/rtc.o
 .debug_frame   0x00000e10       0x34 src/slpctrl.o
 .debug_frame   0x00000e44       0x24 src/tca.o
 .debug_frame   0x00000e68       0xbc src/usart.o
 .debug_frame   0x00000f24       0x24 src/wdt.o
 .debug_frame   0x00000f48       0xec src/zigbee.o

.debug_str      0x00000000     0x38ec
 *(.debug_str)
 .debug_str     0x00000000     0x14e3 C:/Program Files (x86)/Atmel/Studio/7.0/Packs/atmel/AVR-Dx_DFP/1.8.95/gcc/dev/avr128da64/avrxmega4/crtavr128da64.o
 .debug_str     0x000014e3      0x43f atmel_start.o
                                0x4b8 (size before relaxing)
 .debug_str     0x00001922      0x28f driver_isr.o
                                0x73e (size before relaxing)
 .debug_str     0x00001bb1      0x4a4 main.o
                                0xb11 (size before relaxing)
 .debug_str     0x00002055       0xd7 src/bod.o
                                0x24c (size before relaxing)
 .debug_str     0x0000212c      0x1a1 src/clkctrl.o
                                0x325 (size before relaxing)
 .debug_str     0x000022cd      0x3ef src/driver_init.o
                                0x8f0 (size before relaxing)
 .debug_str     0x000026bc      0x2e0 src/eeprom.o
                                0x51a (size before relaxing)
 .debug_str     0x0000299c       0x2b src/gateway.o
                                0x4f4 (size before relaxing)
 .debug_str     0x000029c7      0x740 src/i2c_master.o
                                0xcfc (size before relaxing)
 .debug_str     0x00003107      0x155 src/i2c_simple_master.o
                                0x414 (size before relaxing)
 .debug_str     0x0000325c       0x63 src/i2c_types.o
                                0x22c (size before relaxing)
 .debug_str     0x000032bf       0x88 src/loadcell.o
                                0x610 (size before relaxing)
 .debug_str     0x00003347       0x39 src/rtc.o
                                0x5aa (size before relaxing)
 .debug_str     0x00003380       0xb9 src/slpctrl.o
                                0x260 (size before relaxing)
 .debug_str     0x00003439       0xfb src/tca.o
                                0x789 (size before relaxing)
 .debug_str     0x00003534       0xef src/usart.o
                                0x670 (size before relaxing)
 .debug_str     0x00003623      0x21e src/wdt.o
                                0x414 (size before relaxing)
 .debug_str     0x00003841       0xab src/zigbee.o
                                0x5d3 (size before relaxing)

.debug_loc      0x00000000     0x3eaa
 *(.debug_loc)
 .debug_loc     0x00000000      0x191 driver_isr.o
 .debug_loc     0x00000191      0xd2e main.o
 .debug_loc     0x00000ebf      0x292 src/driver_init.o
 .debug_loc     0x00001151      0x6ce src/eeprom.o
 .debug_loc     0x0000181f       0x58 src/gateway.o
 .debug_loc     0x00001877      0x538 src/i2c_master.o
 .debug_loc     0x00001daf      0x97d src/i2c_simple_master.o
 .debug_loc     0x0000272c       0x98 src/i2c_types.o
 .debug_loc     0x000027c4      0x9d6 src/loadcell.o
 .debug_loc     0x0000319a      0x199 src/rtc.o
 .debug_loc     0x00003333       0x21 src/slpctrl.o
 .debug_loc     0x00003354      0x186 src/usart.o
 .debug_loc     0x000034da       0x2a src/wdt.o
 .debug_loc     0x00003504      0x9a6 src/zigbee.o